ARM Linker, 5.03 [Build 76] [MDK-ARM Lite]

==============================================================================

Section Cross References

    system_stm32f4xx.o(i.SystemCoreClockUpdate) refers to system_stm32f4xx.o(.data) for .data
    system_stm32f4xx.o(i.SystemInit) refers to system_stm32f4xx.o(i.SetSysClock) for SetSysClock
    startup_stm32f4xx.o(RESET) refers to startup_stm32f4xx.o(STACK) for __initial_sp
    startup_stm32f4xx.o(RESET) refers to startup_stm32f4xx.o(.text) for Reset_Handler
    startup_stm32f4xx.o(RESET) refers to stm32f4xx_it.o(i.NMI_Handler) for NMI_Handler
    startup_stm32f4xx.o(RESET) refers to stm32f4xx_it.o(i.HardFault_Handler) for HardFault_Handler
    startup_stm32f4xx.o(RESET) refers to stm32f4xx_it.o(i.MemManage_Handler) for MemManage_Handler
    startup_stm32f4xx.o(RESET) refers to stm32f4xx_it.o(i.BusFault_Handler) for BusFault_Handler
    startup_stm32f4xx.o(RESET) refers to stm32f4xx_it.o(i.UsageFault_Handler) for UsageFault_Handler
    startup_stm32f4xx.o(RESET) refers to port.o(.emb_text) for SVC_Handler
    startup_stm32f4xx.o(RESET) refers to stm32f4xx_it.o(i.DebugMon_Handler) for DebugMon_Handler
    startup_stm32f4xx.o(RESET) refers to port.o(i.SysTick_Handler) for SysTick_Handler
    startup_stm32f4xx.o(RESET) refers to driver_interface.o(i.EXTI4_IRQHandler) for EXTI4_IRQHandler
    startup_stm32f4xx.o(RESET) refers to can.o(i.CAN1_RX0_IRQHandler) for CAN1_RX0_IRQHandler
    startup_stm32f4xx.o(RESET) refers to driver_interface.o(i.EXTI9_5_IRQHandler) for EXTI9_5_IRQHandler
    startup_stm32f4xx.o(RESET) refers to timer.o(i.TIM1_CC_IRQHandler) for TIM1_CC_IRQHandler
    startup_stm32f4xx.o(RESET) refers to stm32f4xx_it.o(i.OTG_FS_WKUP_IRQHandler) for OTG_FS_WKUP_IRQHandler
    startup_stm32f4xx.o(RESET) refers to adc.o(i.DMA2_Stream0_IRQHandler) for DMA2_Stream0_IRQHandler
    startup_stm32f4xx.o(RESET) refers to stm32f4xx_it.o(i.OTG_FS_IRQHandler) for OTG_FS_IRQHandler
    startup_stm32f4xx.o(.text) refers to system_stm32f4xx.o(i.SystemInit) for SystemInit
    startup_stm32f4xx.o(.text) refers to entry.o(.ARM.Collect$$$$00000000) for __main
    stm32f4_discovery.o(i.STM_EVAL_LEDInit) refers to stm32f4xx_rcc.o(i.RCC_AHB1PeriphClockCmd) for RCC_AHB1PeriphClockCmd
    stm32f4_discovery.o(i.STM_EVAL_LEDInit) refers to stm32f4xx_gpio.o(i.GPIO_Init) for GPIO_Init
    stm32f4_discovery.o(i.STM_EVAL_LEDInit) refers to stm32f4_discovery.o(.constdata) for .constdata
    stm32f4_discovery.o(i.STM_EVAL_LEDInit) refers to stm32f4_discovery.o(.data) for .data
    stm32f4_discovery.o(i.STM_EVAL_LEDOff) refers to stm32f4_discovery.o(.constdata) for .constdata
    stm32f4_discovery.o(i.STM_EVAL_LEDOff) refers to stm32f4_discovery.o(.data) for .data
    stm32f4_discovery.o(i.STM_EVAL_LEDOn) refers to stm32f4_discovery.o(.constdata) for .constdata
    stm32f4_discovery.o(i.STM_EVAL_LEDOn) refers to stm32f4_discovery.o(.data) for .data
    stm32f4_discovery.o(i.STM_EVAL_LEDToggle) refers to stm32f4_discovery.o(.data) for .data
    stm32f4_discovery.o(i.STM_EVAL_LEDToggle) refers to stm32f4_discovery.o(.constdata) for .constdata
    stm32f4_discovery.o(i.STM_EVAL_PBGetState) refers to stm32f4xx_gpio.o(i.GPIO_ReadInputDataBit) for GPIO_ReadInputDataBit
    stm32f4_discovery.o(i.STM_EVAL_PBGetState) refers to stm32f4_discovery.o(.constdata) for .constdata
    stm32f4_discovery.o(i.STM_EVAL_PBGetState) refers to stm32f4_discovery.o(.data) for .data
    stm32f4_discovery.o(i.STM_EVAL_PBInit) refers to stm32f4xx_rcc.o(i.RCC_AHB1PeriphClockCmd) for RCC_AHB1PeriphClockCmd
    stm32f4_discovery.o(i.STM_EVAL_PBInit) refers to stm32f4xx_rcc.o(i.RCC_APB2PeriphClockCmd) for RCC_APB2PeriphClockCmd
    stm32f4_discovery.o(i.STM_EVAL_PBInit) refers to stm32f4xx_gpio.o(i.GPIO_Init) for GPIO_Init
    stm32f4_discovery.o(i.STM_EVAL_PBInit) refers to stm32f4xx_syscfg.o(i.SYSCFG_EXTILineConfig) for SYSCFG_EXTILineConfig
    stm32f4_discovery.o(i.STM_EVAL_PBInit) refers to stm32f4xx_exti.o(i.EXTI_Init) for EXTI_Init
    stm32f4_discovery.o(i.STM_EVAL_PBInit) refers to misc.o(i.NVIC_Init) for NVIC_Init
    stm32f4_discovery.o(i.STM_EVAL_PBInit) refers to stm32f4_discovery.o(.constdata) for .constdata
    stm32f4_discovery.o(i.STM_EVAL_PBInit) refers to stm32f4_discovery.o(.data) for .data
    can.o(i.CAN1_RX0_IRQHandler) refers to stm32f4xx_can.o(i.CAN_GetITStatus) for CAN_GetITStatus
    can.o(i.CAN1_RX0_IRQHandler) refers to stm32f4xx_can.o(i.CAN_Receive) for CAN_Receive
    can.o(i.CAN1_RX0_IRQHandler) refers to stm32f4_discovery.o(i.STM_EVAL_LEDToggle) for STM_EVAL_LEDToggle
    can.o(i.CAN1_RX0_IRQHandler) refers to stm32f4xx_can.o(i.CAN_FIFORelease) for CAN_FIFORelease
    can.o(i.CAN1_RX0_IRQHandler) refers to stm32f4xx_can.o(i.CAN_ClearITPendingBit) for CAN_ClearITPendingBit
    can.o(i.CAN1_RX0_IRQHandler) refers to can.o(.bss) for .bss
    can.o(i.CAN_configureFilter) refers to stm32f4xx_can.o(i.CAN_FilterInit) for CAN_FilterInit
[...]
    i.TIM_ICInit                             0x080013da   Section        0  stm32f4xx_tim.o(i.TIM_ICInit)
    i.TIM_ITConfig                           0x08001486   Section        0  stm32f4xx_tim.o(i.TIM_ITConfig)
    i.TIM_OC1Init                            0x08001498   Section        0  stm32f4xx_tim.o(i.TIM_OC1Init)
    i.TIM_OC1PreloadConfig                   0x080014f8   Section        0  stm32f4xx_tim.o(i.TIM_OC1PreloadConfig)
    i.TIM_OC2Init                            0x08001504   Section        0  stm32f4xx_tim.o(i.TIM_OC2Init)
    i.TIM_OC2PreloadConfig                   0x08001584   Section        0  stm32f4xx_tim.o(i.TIM_OC2PreloadConfig)
    i.TIM_OC4Init                            0x08001598   Section        0  stm32f4xx_tim.o(i.TIM_OC4Init)
    i.TIM_OC4PreloadConfig                   0x080015f8   Section        0  stm32f4xx_tim.o(i.TIM_OC4PreloadConfig)
    i.TIM_SetIC1Prescaler                    0x0800160c   Section        0  stm32f4xx_tim.o(i.TIM_SetIC1Prescaler)
    i.TIM_SetIC2Prescaler                    0x0800161c   Section        0  stm32f4xx_tim.o(i.TIM_SetIC2Prescaler)
    i.TIM_SetIC3Prescaler                    0x08001634   Section        0  stm32f4xx_tim.o(i.TIM_SetIC3Prescaler)
    i.TIM_SetIC4Prescaler                    0x08001644   Section        0  stm32f4xx_tim.o(i.TIM_SetIC4Prescaler)
    i.TIM_TimeBaseInit                       0x0800165c   Section        0  stm32f4xx_tim.o(i.TIM_TimeBaseInit)
    i.UART_DMA_Config                        0x080016d8   Section        0  uart.o(i.UART_DMA_Config)
    i.USART_Cmd                              0x08001734   Section        0  stm32f4xx_usart.o(i.USART_Cmd)
    i.USART_DMACmd                           0x08001748   Section        0  stm32f4xx_usart.o(i.USART_DMACmd)
    i.USART_GetFlagStatus                    0x08001758   Section        0  stm32f4xx_usart.o(i.USART_GetFlagStatus)
    i.USART_Init                             0x08001768   Section        0  stm32f4xx_usart.o(i.USART_Init)
    i.USART_SendData                         0x08001820   Section        0  stm32f4xx_usart.o(i.USART_SendData)
    i.USART_puts_char                        0x08001828   Section        0  uart.o(i.USART_puts_char)
    i.UsageFault_Handler                     0x08001854   Section        0  stm32f4xx_it.o(i.UsageFault_Handler)
    i.__scatterload_copy                     0x08001856   Section       14  handlers.o(i.__scatterload_copy)
    i.__scatterload_null                     0x08001864   Section        2  handlers.o(i.__scatterload_null)
    i.__scatterload_zeroinit                 0x08001866   Section       14  handlers.o(i.__scatterload_zeroinit)
    i.actuate                                0x08001874   Section        0  actuator.o(i.actuate)
    i.actuateShift                           0x08001878   Section        0  gearshfting.o(i.actuateShift)
    i.autoShiftManager                       0x080018dc   Section        0  gearshfting.o(i.autoShiftManager)
    i.calculateWheelSpeedLeft                0x0800194c   Section        0  timer.o(i.calculateWheelSpeedLeft)
    i.calculateWheelSpeedRight               0x080019cc   Section        0  timer.o(i.calculateWheelSpeedRight)
    i.createTaskDAQ                          0x08001a4c   Section        0  main.o(i.createTaskDAQ)
    i.cutIgnition                            0x08001a94   Section        0  actuator.o(i.cutIgnition)
    i.debounceInput                          0x08001aa0   Section        0  driver_interface.o(i.debounceInput)
    i.delay                                  0x08001adc   Section        0  timer.o(i.delay)
    i.eTaskConfirmSleepModeStatus            0x08001b4c   Section        0  tasks.o(i.eTaskConfirmSleepModeStatus)
    i.gearShiftManager                       0x08001b6c   Section        0  gearshfting.o(i.gearShiftManager)
    i.getRecievedData                        0x08001c64   Section        0  uart.o(i.getRecievedData)
    i.getTimerValue                          0x08001c6c   Section        0  timer.o(i.getTimerValue)
    i.imuManager                             0x08001c78   Section        0  imu.o(i.imuManager)
    i.initPWMCutIgnition                     0x08001cac   Section        0  actuator.o(i.initPWMCutIgnition)
    i.init_ADC                               0x08001d20   Section        0  adc.o(i.init_ADC)
    i.init_CAN_Communication                 0x08001e44   Section        0  can.o(i.init_CAN_Communication)
    i.init_actuators                         0x08001ef4   Section        0  actuator.o(i.init_actuators)
    i.init_driverInterface                   0x08001f50   Section        0  driver_interface.o(i.init_driverInterface)
    i.init_gearShiftTimer                    0x08002034   Section        0  timer.o(i.init_gearShiftTimer)
    i.init_inputCapture                      0x08002064   Section        0  timer.o(i.init_inputCapture)
    i.init_pwm_config                        0x08002178   Section        0  timer.o(i.init_pwm_config)
    i.init_uart                              0x08002254   Section        0  uart.o(i.init_uart)
    i.initializeSystem                       0x08002300   Section        0  main.o(i.initializeSystem)
    i.launchControl                          0x08002368   Section        0  megasquirt.o(i.launchControl)
    i.main                                   0x080023a4   Section        0  main.o(i.main)
    i.neutralMgr                             0x080025bc   Section        0  gearshfting.o(i.neutralMgr)
    i.processAdcSamples                      0x0800260c   Section        0  adc.o(i.processAdcSamples)
    i.prvAddCurrentTaskToDelayedList         0x08002630   Section        0  tasks.o(i.prvAddCurrentTaskToDelayedList)
    prvAddCurrentTaskToDelayedList           0x08002631   Thumb Code    48  tasks.o(i.prvAddCurrentTaskToDelayedList)
    i.prvCheckForValidListAndQueue           0x08002664   Section        0  timers.o(i.prvCheckForValidListAndQueue)
    prvCheckForValidListAndQueue             0x08002665   Thumb Code    54  timers.o(i.prvCheckForValidListAndQueue)
    i.prvCopyDataFromQueue                   0x080026a4   Section        0  queue.o(i.prvCopyDataFromQueue)
    prvCopyDataFromQueue                     0x080026a5   Thumb Code    40  queue.o(i.prvCopyDataFromQueue)
    i.prvCopyDataToQueue                     0x080026cc   Section        0  queue.o(i.prvCopyDataToQueue)
    prvCopyDataToQueue                       0x080026cd   Thumb Code   104  queue.o(i.prvCopyDataToQueue)
    i.prvGetExpectedIdleTime                 0x08002734   Section        0  tasks.o(i.prvGetExpectedIdleTime)
    prvGetExpectedIdleTime                   0x08002735   Thumb Code    28  tasks.o(i.prvGetExpectedIdleTime)
    i.prvIdleTask                            0x08002758   Section        0  tasks.o(i.prvIdleTask)
    prvIdleTask                              0x08002759   Thumb Code    58  tasks.o(i.prvIdleTask)
    i.prvInsertTimerInActiveList             0x0800279c   Section        0  timers.o(i.prvInsertTimerInActiveList)
    prvInsertTimerInActiveList               0x0800279d   Thumb Code    52  timers.o(i.prvInsertTimerInActiveList)
    i.prvProcessReceivedCommands             0x080027d4   Section        0  timers.o(i.prvProcessReceivedCommands)
    prvProcessReceivedCommands               0x080027d5   Thumb Code   154  timers.o(i.prvProcessReceivedCommands)
    i.prvProcessTimerOrBlockTask             0x08002874   Section        0  timers.o(i.prvProcessTimerOrBlockTask)
    prvProcessTimerOrBlockTask               0x08002875   Thumb Code   136  timers.o(i.prvProcessTimerOrBlockTask)
    i.prvSampleTimeNow                       0x08002900   Section        0  timers.o(i.prvSampleTimeNow)
    prvSampleTimeNow                         0x08002901   Thumb Code    36  timers.o(i.prvSampleTimeNow)
    i.prvSwitchTimerLists                    0x08002928   Section        0  timers.o(i.prvSwitchTimerLists)
    prvSwitchTimerLists                      0x08002929   Thumb Code    92  timers.o(i.prvSwitchTimerLists)
    i.prvTimerTask                           0x08002988   Section        0  timers.o(i.prvTimerTask)
    prvTimerTask                             0x08002989   Thumb Code    32  timers.o(i.prvTimerTask)
    i.prvUnlockQueue                         0x080029ac   Section        0  queue.o(i.prvUnlockQueue)
    prvUnlockQueue                           0x080029ad   Thumb Code   100  queue.o(i.prvUnlockQueue)
    i.pvPortMalloc                           0x08002a10   Section        0  heap_2.o(i.pvPortMalloc)
    i.pxPortInitialiseStack                  0x08002ac8   Section        0  port.o(i.pxPortInitialiseStack)
    i.readMessages                           0x08002aec   Section        0  can.o(i.readMessages)
    i.release                                0x08002bbc   Section        0  actuator.o(i.release)
    i.requestGyroData                        0x08002bc0   Section        0  imu.o(i.requestGyroData)
    i.saveRawADCData                         0x08002bec   Section        0  adc.o(i.saveRawADCData)
    i.sendDamperPosition                     0x08002c14   Section        0  daq.o(i.sendDamperPosition)
    i.sendGear                               0x08002c78   Section        0  daq.o(i.sendGear)
    i.sendGearRaw                            0x08002cc8   Section        0  daq.o(i.sendGearRaw)
    i.sendGearTime                           0x08002d20   Section        0  daq.o(i.sendGearTime)
    i.sendOilPressure                        0x08002d70   Section        0  daq.o(i.sendOilPressure)
    i.sendOilTemprature                      0x08002dc4   Section        0  daq.o(i.sendOilTemprature)
    i.sendSwitchState                        0x08002e18   Section        0  daq.o(i.sendSwitchState)
    i.sendWheelSpeed                         0x08002e70   Section        0  daq.o(i.sendWheelSpeed)
    i.startTimer                             0x08002ed4   Section        0  timer.o(i.startTimer)
    i.stopTimer                              0x08002eec   Section        0  timer.o(i.stopTimer)
    i.switchAction                           0x08002f00   Section        0  driver_interface.o(i.switchAction)
    i.updateSwitches                         0x08002f40   Section        0  driver_interface.o(i.updateSwitches)
    i.uxListRemove                           0x08002fe0   Section        0  list.o(i.uxListRemove)
    i.vGearShifting                          0x08003004   Section        0  main.o(i.vGearShifting)
    i.vIMUManager                            0x08003014   Section        0  main.o(i.vIMUManager)
    i.vLaunchControl                         0x08003024   Section        0  main.o(i.vLaunchControl)
    i.vListInitialise                        0x08003034   Section        0  list.o(i.vListInitialise)
    i.vListInitialiseItem                    0x0800304a   Section        0  list.o(i.vListInitialiseItem)
    i.vListInsert                            0x08003050   Section        0  list.o(i.vListInsert)
    i.vListInsertEnd                         0x08003080   Section        0  list.o(i.vListInsertEnd)
    i.vNeutralMgr                            0x08003098   Section        0  main.o(i.vNeutralMgr)
    i.vPerformSwitchAction                   0x080030cc   Section        0  main.o(i.vPerformSwitchAction)
    i.vPortEnterCritical                     0x080030d8   Section        0  port.o(i.vPortEnterCritical)
    i.vPortExitCritical                      0x080030f4   Section        0  port.o(i.vPortExitCritical)
    i.vPortFree                              0x08003108   Section        0  heap_2.o(i.vPortFree)
    i.vPortSetupTimerInterrupt               0x08003144   Section        0  port.o(i.vPortSetupTimerInterrupt)
    i.vPortSuppressTicksAndSleep             0x08003180   Section        0  port.o(i.vPortSuppressTicksAndSleep)
    i.vPortValidateInterruptPriority         0x08003240   Section        0  port.o(i.vPortValidateInterruptPriority)
    i.vPortYield                             0x08003280   Section        0  port.o(i.vPortYield)
    i.vQueueWaitForMessageRestricted         0x08003298   Section        0  queue.o(i.vQueueWaitForMessageRestricted)
    i.vRecieveCan                            0x080032d2   Section        0  main.o(i.vRecieveCan)
    i.vSendAcc                               0x080032de   Section        0  main.o(i.vSendAcc)
    i.vSendDamperTravel                      0x080032e6   Section        0  main.o(i.vSendDamperTravel)
    i.vSendGear                              0x080032f2   Section        0  main.o(i.vSendGear)
    i.vSendGearDataRaw                       0x08003302   Section        0  main.o(i.vSendGearDataRaw)
    i.vSendGyro                              0x08003312   Section        0  main.o(i.vSendGyro)
    i.vSendOilPressure                       0x0800331a   Section        0  main.o(i.vSendOilPressure)
    i.vSendWaterTemp                         0x08003326   Section        0  main.o(i.vSendWaterTemp)
    i.vSendWheelSpeed                        0x08003332   Section        0  main.o(i.vSendWheelSpeed)
    i.vTaskDelay                             0x08003340   Section        0  tasks.o(i.vTaskDelay)
    i.vTaskMissedYield                       0x08003374   Section        0  tasks.o(i.vTaskMissedYield)
    i.vTaskPlaceOnEventList                  0x08003380   Section        0  tasks.o(i.vTaskPlaceOnEventList)
    i.vTaskPlaceOnEventListRestricted        0x080033c4   Section        0  tasks.o(i.vTaskPlaceOnEventListRestricted)
    i.vTaskPriorityDisinherit                0x080033f4   Section        0  tasks.o(i.vTaskPriorityDisinherit)
    i.vTaskPriorityInherit                   0x0800343c   Section        0  tasks.o(i.vTaskPriorityInherit)
    i.vTaskSetTimeOutState                   0x080034a0   Section        0  tasks.o(i.vTaskSetTimeOutState)
    i.vTaskStartScheduler                    0x080034bc   Section        0  tasks.o(i.vTaskStartScheduler)
    i.vTaskStepTick                          0x08003510   Section        0  tasks.o(i.vTaskStepTick)
    i.vTaskSuspendAll                        0x08003530   Section        0  tasks.o(i.vTaskSuspendAll)
    i.vTaskSwitchContext                     0x08003540   Section        0  tasks.o(i.vTaskSwitchContext)
    i.vUpdateADC                             0x08003598   Section        0  main.o(i.vUpdateADC)
    i.vUpdateInputs                          0x080035a4   Section        0  main.o(i.vUpdateInputs)
    i.vautoShiftMgr                          0x080035b0   Section        0  main.o(i.vautoShiftMgr)
    i.xPortStartScheduler                    0x080035bc   Section        0  port.o(i.xPortStartScheduler)
    i.xQueueGenericCreate                    0x08003644   Section        0  queue.o(i.xQueueGenericCreate)
    i.xQueueGenericReceive                   0x08003680   Section        0  queue.o(i.xQueueGenericReceive)
    i.xQueueGenericReset                     0x0800379e   Section        0  queue.o(i.xQueueGenericReset)
    i.xQueueGenericSend                      0x08003808   Section        0  queue.o(i.xQueueGenericSend)
    i.xQueueGenericSendFromISR               0x08003908   Section        0  queue.o(i.xQueueGenericSendFromISR)
    i.xTaskCheckForTimeOut                   0x08003994   Section        0  tasks.o(i.xTaskCheckForTimeOut)
    i.xTaskGenericCreate                     0x080039ec   Section        0  tasks.o(i.xTaskGenericCreate)
    i.xTaskGetCurrentTaskHandle              0x08003b60   Section        0  tasks.o(i.xTaskGetCurrentTaskHandle)
    i.xTaskGetSchedulerState                 0x08003b6c   Section        0  tasks.o(i.xTaskGetSchedulerState)
    i.xTaskGetTickCount                      0x08003b88   Section        0  tasks.o(i.xTaskGetTickCount)
    i.xTaskIncrementTick                     0x08003ba0   Section        0  tasks.o(i.xTaskIncrementTick)
    i.xTaskRemoveFromEventList               0x08003c6c   Section        0  tasks.o(i.xTaskRemoveFromEventList)
    i.xTaskResumeAll                         0x08003ccc   Section        0  tasks.o(i.xTaskResumeAll)
    i.xTimerCreateTimerTask                  0x08003d80   Section        0  timers.o(i.xTimerCreateTimerTask)
    i.xTimerGenericCommand                   0x08003dc4   Section        0  timers.o(i.xTimerGenericCommand)
    .constdata                               0x08003e0c   Section       36  stm32f4_discovery.o(.constdata)
    .constdata                               0x08003e30   Section       28  gearshfting.o(.constdata)
    .data                                    0x20000000   Section       20  system_stm32f4xx.o(.data)
    .data                                    0x20000014   Section       20  stm32f4_discovery.o(.data)
    .data                                    0x20000028   Section        2  can.o(.data)
    .data                                    0x2000002c   Section       12  driver_interface.o(.data)
    .data                                    0x20000038   Section        1  driver_interface.o(.data)
    .data                                    0x20000039   Section        1  driver_interface.o(.data)
    .data                                    0x2000003a   Section       10  timer.o(.data)
    .data                                    0x20000044   Section       92  gearshfting.o(.data)
    .data                                    0x200000a0   Section       12  imu.o(.data)
    .data                                    0x200000ac   Section       16  timers.o(.data)
    xTimerQueue                              0x200000ac   Data           4  timers.o(.data)
    xLastTime                                0x200000b0   Data           4  timers.o(.data)
    pxCurrentTimerList                       0x200000b4   Data           4  timers.o(.data)
    pxOverflowTimerList                      0x200000b8   Data           4  timers.o(.data)
    .data                                    0x200000bc   Section       52  tasks.o(.data)
    uxCurrentNumberOfTasks                   0x200000c0   Data           4  tasks.o(.data)
    xTickCount                               0x200000c4   Data           4  tasks.o(.data)
    uxTopReadyPriority                       0x200000c8   Data           4  tasks.o(.data)
    xSchedulerRunning                        0x200000cc   Data           4  tasks.o(.data)
    uxSchedulerSuspended                     0x200000d0   Data           4  tasks.o(.data)
    uxPendedTicks                            0x200000d4   Data           4  tasks.o(.data)
    xYieldPending                            0x200000d8   Data           4  tasks.o(.data)
    xNumOfOverflows                          0x200000dc   Data           4  tasks.o(.data)
    uxTaskNumber                             0x200000e0   Data           4  tasks.o(.data)
    xNextTaskUnblockTime                     0x200000e4   Data           4  tasks.o(.data)
    pxDelayedTaskList                        0x200000e8   Data           4  tasks.o(.data)
    pxOverflowDelayedTaskList                0x200000ec   Data           4  tasks.o(.data)
    .data                                    0x200000f0   Section       24  port.o(.data)
    ucMaxSysCallPriority                     0x200000f0   Data           1  port.o(.data)
    uxCriticalNesting                        0x200000f4   Data           4  port.o(.data)
    ulTimerCountsForOneTick                  0x200000f8   Data           4  port.o(.data)
    xMaximumPossibleSuppressedTicks          0x200000fc   Data           4  port.o(.data)
    ulStoppedTimerCompensation               0x20000100   Data           4  port.o(.data)
    ulMaxPRIGROUPValue                       0x20000104   Data           4  port.o(.data)
    .data                                    0x20000108   Section       24  heap_2.o(.data)
    xFreeBytesRemaining                      0x20000108   Data           4  heap_2.o(.data)
    xHeapHasBeenInitialised                  0x2000010c   Data           4  heap_2.o(.data)
    xStart                                   0x20000110   Data           8  heap_2.o(.data)
    xEnd                                     0x20000118   Data           8  heap_2.o(.data)
    .data                                    0x20000120   Section       16  stm32f4xx_rcc.o(.data)
    APBAHBPrescTable                         0x20000120   Data          16  stm32f4xx_rcc.o(.data)
    .bss                                     0x20000130   Section       20  can.o(.bss)
    RxMessage                                0x20000130   Data          20  can.o(.bss)
    .bss                                     0x20000144   Section      600  main.o(.bss)
    .bss                                     0x2000039c   Section       20  main.o(.bss)
    RxMessage                                0x2000039c   Data          20  main.o(.bss)
    .bss                                     0x200003b0   Section       48  uart.o(.bss)
    .bss                                     0x200003e0   Section       44  driver_interface.o(.bss)
    .bss                                     0x2000040c   Section      208  adc.o(.bss)
    .bss                                     0x200004dc   Section       24  imu.o(.bss)
    .bss                                     0x200004f4   Section       40  timers.o(.bss)
    xActiveTimerList1                        0x200004f4   Data          20  timers.o(.bss)
    xActiveTimerList2                        0x20000508   Data          20  timers.o(.bss)
    .bss                                     0x2000051c   Section      180  tasks.o(.bss)
    pxReadyTasksLists                        0x2000051c   Data         100  tasks.o(.bss)
    xDelayedTaskList1                        0x20000580   Data          20  tasks.o(.bss)
    xDelayedTaskList2                        0x20000594   Data          20  tasks.o(.bss)
    xPendingReadyList                        0x200005a8   Data          20  tasks.o(.bss)
    xSuspendedTaskList                       0x200005bc   Data          20  tasks.o(.bss)
    .bss                                     0x200005d0   Section    76800  heap_2.o(.bss)
    ucHeap                                   0x200005d0   Data       76800  heap_2.o(.bss)
    STACK                                    0x200131d0   Section     1024  startup_stm32f4xx.o(STACK)

    Global Symbols

    Symbol Name                              Value     Ov Type        Size  Object(Section)

    BuildAttributes$$THM_ISAv4$E$P$D$K$B$S$7EM$VFPi3$EXTD16$VFPS$VFMA$PE$A:L22UL41UL21$X:L11$S22US41US21$IEEE1$IW$USESV6$~STKCKD$USESV7$~SHL$OTIME$ROPI$EBA8$MICROLIB$REQ8$PRES8$EABIv2 0x00000000   Number         0  anon$$obj.o ABSOLUTE
    __ARM_use_no_argv                        0x00000000   Number         0  main.o ABSOLUTE
    __cpp_initialize__aeabi_                  - Undefined Weak Reference
    __cxa_finalize                            - Undefined Weak Reference
    _clock_init                               - Undefined Weak Reference
    _microlib_exit                            - Undefined Weak Reference
    __Vectors_Size                           0x00000188   Number         0  startup_stm32f4xx.o ABSOLUTE
    __Vectors                                0x08000000   Data           4  startup_stm32f4xx.o(RESET)
    __Vectors_End                            0x08000188   Data           0  startup_stm32f4xx.o(RESET)
    __main                                   0x08000189   Thumb Code     0  entry.o(.ARM.Collect$$$$00000000)
    _main_stk                                0x08000189   Thumb Code     0  entry2.o(.ARM.Collect$$$$00000001)
    _main_scatterload                        0x0800018d   Thumb Code     0  entry5.o(.ARM.Collect$$$$00000004)
    __main_after_scatterload                 0x08000191   Thumb Code     0  entry5.o(.ARM.Collect$$$$00000004)
    _main_clock                              0x08000191   Thumb Code     0  entry7b.o(.ARM.Collect$$$$00000008)
    _main_cpp_init                           0x08000191   Thumb Code     0  entry8b.o(.ARM.Collect$$$$0000000A)
    _main_init                               0x08000191   Thumb Code     0  entry9a.o(.ARM.Collect$$$$0000000B)
    __rt_final_cpp                           0x08000199   Thumb Code     0  entry10a.o(.ARM.Collect$$$$0000000D)
    __rt_final_exit                          0x08000199   Thumb Code     0  entry11a.o(.ARM.Collect$$$$0000000F)
    __asm___6_port_c_39a90d8d____REV16       0x0800019d   Thumb Code     4  port.o(.emb_text)
    __asm___6_port_c_39a90d8d____REVSH       0x080001a1   Thumb Code     4  port.o(.emb_text)
    SVC_Handler                              0x080001a5   Thumb Code    24  port.o(.emb_text)
    __asm___6_port_c_39a90d8d__prvStartFirstTask 0x080001c1   Thumb Code    16  port.o(.emb_text)
    __asm___6_port_c_39a90d8d__prvEnableVFP  0x080001d5   Thumb Code    16  port.o(.emb_text)
    PendSV_Handler                           0x080001e9   Thumb Code    76  port.o(.emb_text)
    ulPortSetInterruptMask                   0x08000239   Thumb Code    14  port.o(.emb_text)
    vPortClearInterruptMask                  0x08000247   Thumb Code     6  port.o(.emb_text)
    vPortGetIPSR                             0x0800024d   Thumb Code     6  port.o(.emb_text)
    Reset_Handler                            0x08000255   Thumb Code     8  startup_stm32f4xx.o(.text)
    ADC_IRQHandler                           0x0800026f   Thumb Code     0  startup_stm32f4xx.o(.text)
    CAN1_RX1_IRQHandler                      0x0800026f   Thumb Code     0  startup_stm32f4xx.o(.text)
    CAN1_SCE_IRQHandler                      0x0800026f   Thumb Code     0  startup_stm32f4xx.o(.text)
    CAN1_TX_IRQHandler                       0x0800026f   Thumb Code     0  startup_stm32f4xx.o(.text)
    CAN2_RX0_IRQHandler                      0x0800026f   Thumb Code     0  startup_stm32f4xx.o(.text)
    CAN2_RX1_IRQHandler                      0x0800026f   Thumb Code     0  startup_stm32f4xx.o(.text)
    CAN2_SCE_IRQHandler                      0x0800026f   Thumb Code     0  startup_stm32f4xx.o(.text)
    CAN2_TX_IRQHandler                       0x0800026f   Thumb Code     0  startup_stm32f4xx.o(.text)
    CRYP_IRQHandler                          0x0800026f   Thumb Code     0  startup_stm32f4xx.o(.text)
    DCMI_IRQHandler                          0x0800026f   Thumb Code     0  startup_stm32f4xx.o(.text)
    DMA1_Stream0_IRQHandler                  0x0800026f   Thumb Code     0  startup_stm32f4xx.o(.text)
    DMA1_Stream1_IRQHandler                  0x0800026f   Thumb Code     0  startup_stm32f4xx.o(.text)
    DMA1_Stream2_IRQHandler                  0x0800026f   Thumb Code     0  startup_stm32f4xx.o(.text)
    DMA1_Stream3_IRQHandler                  0x0800026f   Thumb Code     0  startup_stm32f4xx.o(.text)
    DMA1_Stream4_IRQHandler                  0x0800026f   Thumb Code     0  startup_stm32f4xx.o(.text)
    DMA1_Stream5_IRQHandler                  0x0800026f   Thumb Code     0  startup_stm32f4xx.o(.text)
    DMA1_Stream6_IRQHandler                  0x0800026f   Thumb Code     0  startup_stm32f4xx.o(.text)
    DMA1_Stream7_IRQHandler                  0x0800026f   Thumb Code     0  startup_stm32f4xx.o(.text)
    DMA2_Stream1_IRQHandler                  0x0800026f   Thumb Code     0  startup_stm32f4xx.o(.text)
    DMA2_Stream2_IRQHandler                  0x0800026f   Thumb Code     0  startup_stm32f4xx.o(.text)
    DMA2_Stream3_IRQHandler                  0x0800026f   Thumb Code     0  startup_stm32f4xx.o(.text)
    DMA2_Stream4_IRQHandler                  0x0800026f   Thumb Code     0  startup_stm32f4xx.o(.text)
    DMA2_Stream5_IRQHandler                  0x0800026f   Thumb Code     0  startup_stm32f4xx.o(.text)
    DMA2_Stream6_IRQHandler                  0x0800026f   Thumb Code     0  startup_stm32f4xx.o(.text)
    DMA2_Stream7_IRQHandler                  0x0800026f   Thumb Code     0  startup_stm32f4xx.o(.text)
    ETH_IRQHandler                           0x0800026f   Thumb Code     0  startup_stm32f4xx.o(.text)
    ETH_WKUP_IRQHandler                      0x0800026f   Thumb Code     0  startup_stm32f4xx.o(.text)
    EXTI0_IRQHandler                         0x0800026f   Thumb Code     0  startup_stm32f4xx.o(.text)
    EXTI15_10_IRQHandler                     0x0800026f   Thumb Code     0  startup_stm32f4xx.o(.text)
    EXTI1_IRQHandler                         0x0800026f   Thumb Code     0  startup_stm32f4xx.o(.text)
    EXTI2_IRQHandler                         0x0800026f   Thumb Code     0  startup_stm32f4xx.o(.text)
    EXTI3_IRQHandler                         0x0800026f   Thumb Code     0  startup_stm32f4xx.o(.text)
    FLASH_IRQHandler                         0x0800026f   Thumb Code     0  startup_stm32f4xx.o(.text)
    FPU_IRQHandler                           0x0800026f   Thumb Code     0  startup_stm32f4xx.o(.text)
    FSMC_IRQHandler                          0x0800026f   Thumb Code     0  startup_stm32f4xx.o(.text)
    HASH_RNG_IRQHandler                      0x0800026f   Thumb Code     0  startup_stm32f4xx.o(.text)
    I2C1_ER_IRQHandler                       0x0800026f   Thumb Code     0  startup_stm32f4xx.o(.text)
    I2C1_EV_IRQHandler                       0x0800026f   Thumb Code     0  startup_stm32f4xx.o(.text)
    I2C2_ER_IRQHandler                       0x0800026f   Thumb Code     0  startup_stm32f4xx.o(.text)
    I2C2_EV_IRQHandler                       0x0800026f   Thumb Code     0  startup_stm32f4xx.o(.text)
    I2C3_ER_IRQHandler                       0x0800026f   Thumb Code     0  startup_stm32f4xx.o(.text)
    I2C3_EV_IRQHandler                       0x0800026f   Thumb Code     0  startup_stm32f4xx.o(.text)
    OTG_HS_EP1_IN_IRQHandler                 0x0800026f   Thumb Code     0  startup_stm32f4xx.o(.text)
    OTG_HS_EP1_OUT_IRQHandler                0x0800026f   Thumb Code     0  startup_stm32f4xx.o(.text)
    OTG_HS_IRQHandler                        0x0800026f   Thumb Code     0  startup_stm32f4xx.o(.text)
    OTG_HS_WKUP_IRQHandler                   0x0800026f   Thumb Code     0  startup_stm32f4xx.o(.text)
    PVD_IRQHandler                           0x0800026f   Thumb Code     0  startup_stm32f4xx.o(.text)
    RCC_IRQHandler                           0x0800026f   Thumb Code     0  startup_stm32f4xx.o(.text)
    RTC_Alarm_IRQHandler                     0x0800026f   Thumb Code     0  startup_stm32f4xx.o(.text)
    RTC_WKUP_IRQHandler                      0x0800026f   Thumb Code     0  startup_stm32f4xx.o(.text)
    SDIO_IRQHandler                          0x0800026f   Thumb Code     0  startup_stm32f4xx.o(.text)
    SPI1_IRQHandler                          0x0800026f   Thumb Code     0  startup_stm32f4xx.o(.text)
    SPI2_IRQHandler                          0x0800026f   Thumb Code     0  startup_stm32f4xx.o(.text)
    SPI3_IRQHandler                          0x0800026f   Thumb Code     0  startup_stm32f4xx.o(.text)
    TAMP_STAMP_IRQHandler                    0x0800026f   Thumb Code     0  startup_stm32f4xx.o(.text)
    TIM1_BRK_TIM9_IRQHandler                 0x0800026f   Thumb Code     0  startup_stm32f4xx.o(.text)
    TIM1_TRG_COM_TIM11_IRQHandler            0x0800026f   Thumb Code     0  startup_stm32f4xx.o(.text)
    TIM1_UP_TIM10_IRQHandler                 0x0800026f   Thumb Code     0  startup_stm32f4xx.o(.text)
    TIM2_IRQHandler                          0x0800026f   Thumb Code     0  startup_stm32f4xx.o(.text)
    TIM3_IRQHandler                          0x0800026f   Thumb Code     0  startup_stm32f4xx.o(.text)
    TIM4_IRQHandler                          0x0800026f   Thumb Code     0  startup_stm32f4xx.o(.text)
    TIM5_IRQHandler                          0x0800026f   Thumb Code     0  startup_stm32f4xx.o(.text)
    TIM6_DAC_IRQHandler                      0x0800026f   Thumb Code     0  startup_stm32f4xx.o(.text)
    TIM7_IRQHandler                          0x0800026f   Thumb Code     0  startup_stm32f4xx.o(.text)
    TIM8_BRK_TIM12_IRQHandler                0x0800026f   Thumb Code     0  startup_stm32f4xx.o(.text)
    TIM8_CC_IRQHandler                       0x0800026f   Thumb Code     0  startup_stm32f4xx.o(.text)
    TIM8_TRG_COM_TIM14_IRQHandler            0x0800026f   Thumb Code     0  startup_stm32f4xx.o(.text)
    TIM8_UP_TIM13_IRQHandler                 0x0800026f   Thumb Code     0  startup_stm32f4xx.o(.text)
    UART4_IRQHandler                         0x0800026f   Thumb Code     0  startup_stm32f4xx.o(.text)
    UART5_IRQHandler                         0x0800026f   Thumb Code     0  startup_stm32f4xx.o(.text)
    USART1_IRQHandler                        0x0800026f   Thumb Code     0  startup_stm32f4xx.o(.text)
    USART2_IRQHandler                        0x0800026f   Thumb Code     0  startup_stm32f4xx.o(.text)
    USART3_IRQHandler                        0x0800026f   Thumb Code     0  startup_stm32f4xx.o(.text)
    USART6_IRQHandler                        0x0800026f   Thumb Code     0  startup_stm32f4xx.o(.text)
    WWDG_IRQHandler                          0x0800026f   Thumb Code     0  startup_stm32f4xx.o(.text)
    __aeabi_memcpy                           0x08000279   Thumb Code    36  memcpya.o(.text)
    __aeabi_memcpy4                          0x08000279   Thumb Code     0  memcpya.o(.text)
    __aeabi_memcpy8                          0x08000279   Thumb Code     0  memcpya.o(.text)
    __aeabi_memset                           0x0800029d   Thumb Code    14  memseta.o(.text)
    __aeabi_memset4                          0x0800029d   Thumb Code     0  memseta.o(.text)
    __aeabi_memset8                          0x0800029d   Thumb Code     0  memseta.o(.text)
    __aeabi_memclr                           0x080002ab   Thumb Code     4  memseta.o(.text)
    __aeabi_memclr4                          0x080002ab   Thumb Code     0  memseta.o(.text)
    __aeabi_memclr8                          0x080002ab   Thumb Code     0  memseta.o(.text)
    _memset$wrapper                          0x080002af   Thumb Code    18  memseta.o(.text)
    __scatterload                            0x080002c1   Thumb Code    28  init.o(.text)
    __scatterload_rt2                        0x080002c1   Thumb Code     0  init.o(.text)
    __decompress                             0x080002e5   Thumb Code     0  __dczerorl2.o(.text)
    __decompress1                            0x080002e5   Thumb Code    92  __dczerorl2.o(.text)
    ADC_Cmd                                  0x08000341   Thumb Code    20  stm32f4xx_adc.o(i.ADC_Cmd)
    ADC_CommonInit                           0x08000355   Thumb Code    30  stm32f4xx_adc.o(i.ADC_CommonInit)
    ADC_DMACmd                               0x0800037d   Thumb Code    20  stm32f4xx_adc.o(i.ADC_DMACmd)
    ADC_DMARequestAfterLastTransferCmd       0x08000391   Thumb Code    20  stm32f4xx_adc.o(i.ADC_DMARequestAfterLastTransferCmd)
    ADC_DeInit                               0x080003a5   Thumb Code    24  stm32f4xx_adc.o(i.ADC_DeInit)
    ADC_Init                                 0x080003bd   Thumb Code    66  stm32f4xx_adc.o(i.ADC_Init)
    ADC_RegularChannelConfig                 0x08000409   Thumb Code   116  stm32f4xx_adc.o(i.ADC_RegularChannelConfig)
    ADC_SoftwareStartConv                    0x0800047d   Thumb Code    10  stm32f4xx_adc.o(i.ADC_SoftwareStartConv)
    ActiveClutch                             0x08000489   Thumb Code    20  gearshfting.o(i.ActiveClutch)
    ActiveCutIgnition                        0x080004a5   Thumb Code     8  gearshfting.o(i.ActiveCutIgnition)
    ActuateShiftDown                         0x080004b1   Thumb Code     6  actuator.o(i.ActuateShiftDown)
    ActuateShiftUp                           0x080004bd   Thumb Code     6  actuator.o(i.ActuateShiftUp)
    BusFault_Handler                         0x080004c9   Thumb Code     2  stm32f4xx_it.o(i.BusFault_Handler)
    CAN1_RX0_IRQHandler                      0x080004cd   Thumb Code    50  can.o(i.CAN1_RX0_IRQHandler)
    CAN_ClearITPendingBit                    0x08000509   Thumb Code   116  stm32f4xx_can.o(i.CAN_ClearITPendingBit)
    CAN_DeInit                               0x08000581   Thumb Code    38  stm32f4xx_can.o(i.CAN_DeInit)
    CAN_FIFORelease                          0x080005ad   Thumb Code    22  stm32f4xx_can.o(i.CAN_FIFORelease)
    CAN_FilterInit                           0x080005c5   Thumb Code   190  stm32f4xx_can.o(i.CAN_FilterInit)
    CAN_GetFlagStatus                        0x08000689   Thumb Code    52  stm32f4xx_can.o(i.CAN_GetFlagStatus)
    CAN_GetITStatus                          0x080006bd   Thumb Code   162  stm32f4xx_can.o(i.CAN_GetITStatus)
    CAN_Init                                 0x08000765   Thumb Code   232  stm32f4xx_can.o(i.CAN_Init)
    CAN_Receive                              0x0800084d   Thumb Code   126  stm32f4xx_can.o(i.CAN_Receive)
    CAN_ReceiverInit                         0x080008cb   Thumb Code    26  can.o(i.CAN_ReceiverInit)
    CAN_Transmit                             0x080008e5   Thumb Code   152  stm32f4xx_can.o(i.CAN_Transmit)
    CAN_configureFilter                      0x0800097d   Thumb Code    58  can.o(i.CAN_configureFilter)
    CAN_createMessage_uint                   0x080009b7   Thumb Code    52  can.o(i.CAN_createMessage_uint)
    DMA2_Stream0_IRQHandler                  0x080009f9   Thumb Code    52  adc.o(i.DMA2_Stream0_IRQHandler)
    DMA_ClearFlag                            0x08000a3d   Thumb Code    32  stm32f4xx_dma.o(i.DMA_ClearFlag)
    DMA_Cmd                                  0x08000a69   Thumb Code    20  stm32f4xx_dma.o(i.DMA_Cmd)
    DMA_Config                               0x08000a7d   Thumb Code    82  adc.o(i.DMA_Config)
    DMA_GetITStatus                          0x08000add   Thumb Code    68  stm32f4xx_dma.o(i.DMA_GetITStatus)
    DMA_ITConfig                             0x08000b31   Thumb Code    52  stm32f4xx_dma.o(i.DMA_ITConfig)
    DMA_Init                                 0x08000b65   Thumb Code    80  stm32f4xx_dma.o(i.DMA_Init)
    DebugMon_Handler                         0x08000bb9   Thumb Code     2  stm32f4xx_it.o(i.DebugMon_Handler)
    EXTI4_IRQHandler                         0x08000bbd   Thumb Code    74  driver_interface.o(i.EXTI4_IRQHandler)
    EXTI9_5_IRQHandler                       0x08000c15   Thumb Code    78  driver_interface.o(i.EXTI9_5_IRQHandler)
    EXTI_ClearFlag                           0x08000c71   Thumb Code     6  stm32f4xx_exti.o(i.EXTI_ClearFlag)
    EXTI_ClearITPendingBit                   0x08000c7d   Thumb Code     6  stm32f4xx_exti.o(i.EXTI_ClearITPendingBit)
    EXTI_GetITStatus                         0x08000c89   Thumb Code    28  stm32f4xx_exti.o(i.EXTI_GetITStatus)
    EXTI_Init                                0x08000ca9   Thumb Code   108  stm32f4xx_exti.o(i.EXTI_Init)
    ElClutch                                 0x08000d19   Thumb Code    18  gearshfting.o(i.ElClutch)
    GPIO_Init                                0x08000d2b   Thumb Code   162  stm32f4xx_gpio.o(i.GPIO_Init)
    GPIO_PinAFConfig                         0x08000dcd   Thumb Code    32  stm32f4xx_gpio.o(i.GPIO_PinAFConfig)
    GPIO_ReadInputDataBit                    0x08000ded   Thumb Code    14  stm32f4xx_gpio.o(i.GPIO_ReadInputDataBit)
    GPIO_ResetBits                           0x08000dfb   Thumb Code     4  stm32f4xx_gpio.o(i.GPIO_ResetBits)
    GPIO_SetBits                             0x08000dff   Thumb Code     4  stm32f4xx_gpio.o(i.GPIO_SetBits)
    GetGearPosition                          0x08000e05   Thumb Code   106  gearshfting.o(i.GetGearPosition)
    HardFault_Handler                        0x08000e7d   Thumb Code     2  stm32f4xx_it.o(i.HardFault_Handler)
    InactiveClutch                           0x08000e81   Thumb Code    20  gearshfting.o(i.InactiveClutch)
    InactiveCutIgnition                      0x08000e9d   Thumb Code     8  gearshfting.o(i.InactiveCutIgnition)
    InactiveShiftDown                        0x08000ea9   Thumb Code     8  gearshfting.o(i.InactiveShiftDown)
    InactiveShiftUp                          0x08000eb5   Thumb Code     8  gearshfting.o(i.InactiveShiftUp)
    MemManage_Handler                        0x08000ec1   Thumb Code     2  stm32f4xx_it.o(i.MemManage_Handler)
    NMI_Handler                              0x08000ec3   Thumb Code     2  stm32f4xx_it.o(i.NMI_Handler)
    NVIC_Config_adc                          0x08000ec5   Thumb Code    32  adc.o(i.NVIC_Config_adc)
    NVIC_Init                                0x08000ee5   Thumb Code    92  misc.o(i.NVIC_Init)
    NVIC_PriorityGroupConfig                 0x08000f49   Thumb Code    10  misc.o(i.NVIC_PriorityGroupConfig)
    OTG_FS_IRQHandler                        0x08000f5d   Thumb Code     2  stm32f4xx_it.o(i.OTG_FS_IRQHandler)
    OTG_FS_WKUP_IRQHandler                   0x08000f5f   Thumb Code     2  stm32f4xx_it.o(i.OTG_FS_WKUP_IRQHandler)
    RCC_AHB1PeriphClockCmd                   0x08000f61   Thumb Code    18  stm32f4xx_rcc.o(i.RCC_AHB1PeriphClockCmd)
    RCC_APB1PeriphClockCmd                   0x08000f79   Thumb Code    18  stm32f4xx_rcc.o(i.RCC_APB1PeriphClockCmd)
    RCC_APB1PeriphResetCmd                   0x08000f91   Thumb Code    18  stm32f4xx_rcc.o(i.RCC_APB1PeriphResetCmd)
    RCC_APB2PeriphClockCmd                   0x08000fa9   Thumb Code    18  stm32f4xx_rcc.o(i.RCC_APB2PeriphClockCmd)
    RCC_APB2PeriphResetCmd                   0x08000fc1   Thumb Code    18  stm32f4xx_rcc.o(i.RCC_APB2PeriphResetCmd)
    RCC_GetClocksFreq                        0x08000fd9   Thumb Code   132  stm32f4xx_rcc.o(i.RCC_GetClocksFreq)
    STM_EVAL_LEDOn                           0x08001069   Thumb Code    16  stm32f4_discovery.o(i.STM_EVAL_LEDOn)
    STM_EVAL_LEDToggle                       0x08001081   Thumb Code    20  stm32f4_discovery.o(i.STM_EVAL_LEDToggle)
    SYSCFG_EXTILineConfig                    0x0800109d   Thumb Code    34  stm32f4xx_syscfg.o(i.SYSCFG_EXTILineConfig)
    ShiftDown                                0x08001179   Thumb Code   116  gearshfting.o(i.ShiftDown)
    ShiftUp                                  0x080011f5   Thumb Code    86  gearshfting.o(i.ShiftUp)
    SysTick_Handler                          0x08001255   Thumb Code    30  port.o(i.SysTick_Handler)
    SystemInit                               0x08001279   Thumb Code    74  system_stm32f4xx.o(i.SystemInit)
    TIM1_CC_IRQHandler                       0x08001339   Thumb Code    58  timer.o(i.TIM1_CC_IRQHandler)
    TIM_ARRPreloadConfig                     0x08001379   Thumb Code    20  stm32f4xx_tim.o(i.TIM_ARRPreloadConfig)
    TIM_ClearFlag                            0x0800138d   Thumb Code     6  stm32f4xx_tim.o(i.TIM_ClearFlag)
    TIM_ClearITPendingBit                    0x08001393   Thumb Code     6  stm32f4xx_tim.o(i.TIM_ClearITPendingBit)
    TIM_Cmd                                  0x08001399   Thumb Code    20  stm32f4xx_tim.o(i.TIM_Cmd)
    TIM_GetCapture1                          0x080013ad   Thumb Code     4  stm32f4xx_tim.o(i.TIM_GetCapture1)
    TIM_GetCapture2                          0x080013b1   Thumb Code     4  stm32f4xx_tim.o(i.TIM_GetCapture2)
    TIM_GetFlagStatus                        0x080013b5   Thumb Code    14  stm32f4xx_tim.o(i.TIM_GetFlagStatus)
    TIM_GetITStatus                          0x080013c3   Thumb Code    24  stm32f4xx_tim.o(i.TIM_GetITStatus)
    TIM_ICInit                               0x080013db   Thumb Code   172  stm32f4xx_tim.o(i.TIM_ICInit)
    TIM_ITConfig                             0x08001487   Thumb Code    16  stm32f4xx_tim.o(i.TIM_ITConfig)
    TIM_OC1Init                              0x08001499   Thumb Code    88  stm32f4xx_tim.o(i.TIM_OC1Init)
    TIM_OC1PreloadConfig                     0x080014f9   Thumb Code    12  stm32f4xx_tim.o(i.TIM_OC1PreloadConfig)
    TIM_OC2Init                              0x08001505   Thumb Code   120  stm32f4xx_tim.o(i.TIM_OC2Init)
    TIM_OC2PreloadConfig                     0x08001585   Thumb Code    20  stm32f4xx_tim.o(i.TIM_OC2PreloadConfig)
    TIM_OC4Init                              0x08001599   Thumb Code    88  stm32f4xx_tim.o(i.TIM_OC4Init)
    TIM_OC4PreloadConfig                     0x080015f9   Thumb Code    20  stm32f4xx_tim.o(i.TIM_OC4PreloadConfig)
    TIM_SetIC1Prescaler                      0x0800160d   Thumb Code    16  stm32f4xx_tim.o(i.TIM_SetIC1Prescaler)
    TIM_SetIC2Prescaler                      0x0800161d   Thumb Code    24  stm32f4xx_tim.o(i.TIM_SetIC2Prescaler)
    TIM_SetIC3Prescaler                      0x08001635   Thumb Code    16  stm32f4xx_tim.o(i.TIM_SetIC3Prescaler)
    TIM_SetIC4Prescaler                      0x08001645   Thumb Code    24  stm32f4xx_tim.o(i.TIM_SetIC4Prescaler)
    TIM_TimeBaseInit                         0x0800165d   Thumb Code    96  stm32f4xx_tim.o(i.TIM_TimeBaseInit)
    UART_DMA_Config                          0x080016d9   Thumb Code    78  uart.o(i.UART_DMA_Config)
    USART_Cmd                                0x08001735   Thumb Code    20  stm32f4xx_usart.o(i.USART_Cmd)
    USART_DMACmd                             0x08001749   Thumb Code    16  stm32f4xx_usart.o(i.USART_DMACmd)
    USART_GetFlagStatus                      0x08001759   Thumb Code    14  stm32f4xx_usart.o(i.USART_GetFlagStatus)
    USART_Init                               0x08001769   Thumb Code   174  stm32f4xx_usart.o(i.USART_Init)
    USART_SendData                           0x08001821   Thumb Code     8  stm32f4xx_usart.o(i.USART_SendData)
    USART_puts_char                          0x08001829   Thumb Code    38  uart.o(i.USART_puts_char)
    UsageFault_Handler                       0x08001855   Thumb Code     2  stm32f4xx_it.o(i.UsageFault_Handler)
    __scatterload_copy                       0x08001857   Thumb Code    14  handlers.o(i.__scatterload_copy)
    __scatterload_null                       0x08001865   Thumb Code     2  handlers.o(i.__scatterload_null)
    __scatterload_zeroinit                   0x08001867   Thumb Code    14  handlers.o(i.__scatterload_zeroinit)
    actuate                                  0x08001875   Thumb Code     4  actuator.o(i.actuate)
    actuateShift                             0x08001879   Thumb Code    86  gearshfting.o(i.actuateShift)
    autoShiftManager                         0x080018dd   Thumb Code   102  gearshfting.o(i.autoShiftManager)
    calculateWheelSpeedLeft                  0x0800194d   Thumb Code   116  timer.o(i.calculateWheelSpeedLeft)
    calculateWheelSpeedRight                 0x080019cd   Thumb Code   116  timer.o(i.calculateWheelSpeedRight)
    createTaskDAQ                            0x08001a4d   Thumb Code    46  main.o(i.createTaskDAQ)
    cutIgnition                              0x08001a95   Thumb Code     6  actuator.o(i.cutIgnition)
    debounceInput                            0x08001aa1   Thumb Code    54  driver_interface.o(i.debounceInput)
    delay                                    0x08001add   Thumb Code   110  timer.o(i.delay)
    eTaskConfirmSleepModeStatus              0x08001b4d   Thumb Code    22  tasks.o(i.eTaskConfirmSleepModeStatus)
    gearShiftManager                         0x08001b6d   Thumb Code   220  gearshfting.o(i.gearShiftManager)
    getRecievedData                          0x08001c65   Thumb Code     4  uart.o(i.getRecievedData)
    getTimerValue                            0x08001c6d   Thumb Code     8  timer.o(i.getTimerValue)
    imuManager                               0x08001c79   Thumb Code    42  imu.o(i.imuManager)
    initPWMCutIgnition                       0x08001cad   Thumb Code   108  actuator.o(i.initPWMCutIgnition)
    init_ADC                                 0x08001d21   Thumb Code   276  adc.o(i.init_ADC)
    init_CAN_Communication                   0x08001e45   Thumb Code   162  can.o(i.init_CAN_Communication)
    init_actuators                           0x08001ef5   Thumb Code    82  actuator.o(i.init_actuators)
    init_driverInterface                     0x08001f51   Thumb Code   220  driver_interface.o(i.init_driverInterface)
    init_gearShiftTimer                      0x08002035   Thumb Code    42  timer.o(i.init_gearShiftTimer)
    init_inputCapture                        0x08002065   Thumb Code   266  timer.o(i.init_inputCapture)
    init_pwm_config                          0x08002179   Thumb Code   210  timer.o(i.init_pwm_config)
    init_uart                                0x08002255   Thumb Code   162  uart.o(i.init_uart)
    initializeSystem                         0x08002301   Thumb Code   100  main.o(i.initializeSystem)
    launchControl                            0x08002369   Thumb Code    52  megasquirt.o(i.launchControl)
    main                                     0x080023a5   Thumb Code   340  main.o(i.main)
    neutralMgr                               0x080025bd   Thumb Code    72  gearshfting.o(i.neutralMgr)
    processAdcSamples                        0x0800260d   Thumb Code    30  adc.o(i.processAdcSamples)
    pvPortMalloc                             0x08002a11   Thumb Code   170  heap_2.o(i.pvPortMalloc)
    pxPortInitialiseStack                    0x08002ac9   Thumb Code    34  port.o(i.pxPortInitialiseStack)
    readMessages                             0x08002aed   Thumb Code   178  can.o(i.readMessages)
    release                                  0x08002bbd   Thumb Code     4  actuator.o(i.release)
    requestGyroData                          0x08002bc1   Thumb Code    34  imu.o(i.requestGyroData)
    saveRawADCData                           0x08002bed   Thumb Code    32  adc.o(i.saveRawADCData)
    sendDamperPosition                       0x08002c15   Thumb Code    90  daq.o(i.sendDamperPosition)
    sendGear                                 0x08002c79   Thumb Code    76  daq.o(i.sendGear)
    sendGearRaw                              0x08002cc9   Thumb Code    78  daq.o(i.sendGearRaw)
    sendGearTime                             0x08002d21   Thumb Code    74  daq.o(i.sendGearTime)
    sendOilPressure                          0x08002d71   Thumb Code    76  daq.o(i.sendOilPressure)
    sendOilTemprature                        0x08002dc5   Thumb Code    76  daq.o(i.sendOilTemprature)
    sendSwitchState                          0x08002e19   Thumb Code    80  daq.o(i.sendSwitchState)
    sendWheelSpeed                           0x08002e71   Thumb Code    90  daq.o(i.sendWheelSpeed)
    startTimer                               0x08002ed5   Thumb Code    18  timer.o(i.startTimer)
    stopTimer                                0x08002eed   Thumb Code    16  timer.o(i.stopTimer)
    switchAction                             0x08002f01   Thumb Code    56  driver_interface.o(i.switchAction)
    updateSwitches                           0x08002f41   Thumb Code   148  driver_interface.o(i.updateSwitches)
    uxListRemove                             0x08002fe1   Thumb Code    36  list.o(i.uxListRemove)
    vGearShifting                            0x08003005   Thumb Code    16  main.o(i.vGearShifting)
    vIMUManager                              0x08003015   Thumb Code    16  main.o(i.vIMUManager)
    vLaunchControl                           0x08003025   Thumb Code    16  main.o(i.vLaunchControl)
    vListInitialise                          0x08003035   Thumb Code    22  list.o(i.vListInitialise)
    vListInitialiseItem                      0x0800304b   Thumb Code     6  list.o(i.vListInitialiseItem)
    vListInsert                              0x08003051   Thumb Code    48  list.o(i.vListInsert)
    vListInsertEnd                           0x08003081   Thumb Code    24  list.o(i.vListInsertEnd)
    vNeutralMgr                              0x08003099   Thumb Code    42  main.o(i.vNeutralMgr)
    vPerformSwitchAction                     0x080030cd   Thumb Code    12  main.o(i.vPerformSwitchAction)
    vPortEnterCritical                       0x080030d9   Thumb Code    24  port.o(i.vPortEnterCritical)
    vPortExitCritical                        0x080030f5   Thumb Code    16  port.o(i.vPortExitCritical)
    vPortFree                                0x08003109   Thumb Code    56  heap_2.o(i.vPortFree)
    vPortSetupTimerInterrupt                 0x08003145   Thumb Code    52  port.o(i.vPortSetupTimerInterrupt)
    vPortSuppressTicksAndSleep               0x08003181   Thumb Code   186  port.o(i.vPortSuppressTicksAndSleep)
    vPortValidateInterruptPriority           0x08003241   Thumb Code    56  port.o(i.vPortValidateInterruptPriority)
    vPortYield                               0x08003281   Thumb Code    18  port.o(i.vPortYield)
    vQueueWaitForMessageRestricted           0x08003299   Thumb Code    58  queue.o(i.vQueueWaitForMessageRestricted)
    vRecieveCan                              0x080032d3   Thumb Code    12  main.o(i.vRecieveCan)
    vSendAcc                                 0x080032df   Thumb Code     8  main.o(i.vSendAcc)
    vSendDamperTravel                        0x080032e7   Thumb Code    12  main.o(i.vSendDamperTravel)
    vSendGear                                0x080032f3   Thumb Code    16  main.o(i.vSendGear)
    vSendGearDataRaw                         0x08003303   Thumb Code    16  main.o(i.vSendGearDataRaw)
    vSendGyro                                0x08003313   Thumb Code     8  main.o(i.vSendGyro)
    vSendOilPressure                         0x0800331b   Thumb Code    12  main.o(i.vSendOilPressure)
    vSendWaterTemp                           0x08003327   Thumb Code    12  main.o(i.vSendWaterTemp)
    vSendWheelSpeed                          0x08003333   Thumb Code    12  main.o(i.vSendWheelSpeed)
    vTaskDelay                               0x08003341   Thumb Code    48  tasks.o(i.vTaskDelay)
    vTaskMissedYield                         0x08003375   Thumb Code     8  tasks.o(i.vTaskMissedYield)
    vTaskPlaceOnEventList                    0x08003381   Thumb Code    60  tasks.o(i.vTaskPlaceOnEventList)
    vTaskPlaceOnEventListRestricted          0x080033c5   Thumb Code    42  tasks.o(i.vTaskPlaceOnEventListRestricted)
    vTaskPriorityDisinherit                  0x080033f5   Thumb Code    64  tasks.o(i.vTaskPriorityDisinherit)
    vTaskPriorityInherit                     0x0800343d   Thumb Code    92  tasks.o(i.vTaskPriorityInherit)
    vTaskSetTimeOutState                     0x080034a1   Thumb Code    22  tasks.o(i.vTaskSetTimeOutState)
    vTaskStartScheduler                      0x080034bd   Thumb Code    68  tasks.o(i.vTaskStartScheduler)
    vTaskStepTick                            0x08003511   Thumb Code    28  tasks.o(i.vTaskStepTick)
    vTaskSuspendAll                          0x08003531   Thumb Code    10  tasks.o(i.vTaskSuspendAll)
    vTaskSwitchContext                       0x08003541   Thumb Code    78  tasks.o(i.vTaskSwitchContext)
    vUpdateADC                               0x08003599   Thumb Code    12  main.o(i.vUpdateADC)
    vUpdateInputs                            0x080035a5   Thumb Code    12  main.o(i.vUpdateInputs)
    vautoShiftMgr                            0x080035b1   Thumb Code    12  main.o(i.vautoShiftMgr)
    xPortStartScheduler                      0x080035bd   Thumb Code   120  port.o(i.xPortStartScheduler)
    xQueueGenericCreate                      0x08003645   Thumb Code    60  queue.o(i.xQueueGenericCreate)
    xQueueGenericReceive                     0x08003681   Thumb Code   286  queue.o(i.xQueueGenericReceive)
    xQueueGenericReset                       0x0800379f   Thumb Code   106  queue.o(i.xQueueGenericReset)
    xQueueGenericSend                        0x08003809   Thumb Code   256  queue.o(i.xQueueGenericSend)
    xQueueGenericSendFromISR                 0x08003909   Thumb Code   140  queue.o(i.xQueueGenericSendFromISR)
    xTaskCheckForTimeOut                     0x08003995   Thumb Code    82  tasks.o(i.xTaskCheckForTimeOut)
    xTaskGenericCreate                       0x080039ed   Thumb Code   364  tasks.o(i.xTaskGenericCreate)
    xTaskGetCurrentTaskHandle                0x08003b61   Thumb Code     6  tasks.o(i.xTaskGetCurrentTaskHandle)
    xTaskGetSchedulerState                   0x08003b6d   Thumb Code    22  tasks.o(i.xTaskGetSchedulerState)
    xTaskGetTickCount                        0x08003b89   Thumb Code    18  tasks.o(i.xTaskGetTickCount)
    xTaskIncrementTick                       0x08003ba1   Thumb Code   194  tasks.o(i.xTaskIncrementTick)
    xTaskRemoveFromEventList                 0x08003c6d   Thumb Code    88  tasks.o(i.xTaskRemoveFromEventList)
    xTaskResumeAll                           0x08003ccd   Thumb Code   170  tasks.o(i.xTaskResumeAll)
    xTimerCreateTimerTask                    0x08003d81   Thumb Code    50  timers.o(i.xTimerCreateTimerTask)
    xTimerGenericCommand                     0x08003dc5   Thumb Code    66  timers.o(i.xTimerGenericCommand)
    BUTTON_PORT_SOURCE                       0x08003e0c   Data           1  stm32f4_discovery.o(.constdata)
    BUTTON_PIN_SOURCE                        0x08003e0d   Data           1  stm32f4_discovery.o(.constdata)
    BUTTON_IRQn                              0x08003e0e   Data           1  stm32f4_discovery.o(.constdata)
    BUTTON_PIN                               0x08003e10   Data           2  stm32f4_discovery.o(.constdata)
    BUTTON_EXTI_LINE                         0x08003e12   Data           2  stm32f4_discovery.o(.constdata)
    BUTTON_CLK                               0x08003e14   Data           4  stm32f4_discovery.o(.constdata)
    GPIO_PIN                                 0x08003e18   Data           8  stm32f4_discovery.o(.constdata)
    GPIO_CLK                                 0x08003e20   Data          16  stm32f4_discovery.o(.constdata)
    shiftLevelsHigh                          0x08003e30   Data          14  gearshfting.o(.constdata)
    shiftLevelsLow                           0x08003e3e   Data          14  gearshfting.o(.constdata)
    Region$$Table$$Base                      0x08003e4c   Number         0  anon$$obj.o(Region$$Table)
    Region$$Table$$Limit                     0x08003e6c   Number         0  anon$$obj.o(Region$$Table)
    SystemCoreClock                          0x20000000   Data           4  system_stm32f4xx.o(.data)
    AHBPrescTable                            0x20000004   Data          16  system_stm32f4xx.o(.data)
    BUTTON_PORT                              0x20000014   Data           4  stm32f4_discovery.o(.data)
    GPIO_PORT                                0x20000018   Data          16  stm32f4_discovery.o(.data)
    TransmitMailbox                          0x20000028   Data           1  can.o(.data)
    FIFOReleased                             0x20000029   Data           1  can.o(.data)
    previousRecievedStates                   0x2000002c   Data           1  driver_interface.o(.data)
    AutoShiftState                           0x2000002d   Data           1  driver_interface.o(.data)
    TractionControlState                     0x2000002e   Data           1  driver_interface.o(.data)
    ElectricClutchActuated                   0x2000002f   Data           1  driver_interface.o(.data)
    shiftDownSwitch                          0x20000030   Data           1  driver_interface.o(.data)
    shiftUpSwitch                            0x20000031   Data           1  driver_interface.o(.data)
    recievedStates                           0x20000034   Data           4  driver_interface.o(.data)
    LaunchControlActivated                   0x20000038   Data           1  driver_interface.o(.data)
    neutralSwitch                            0x20000039   Data           1  driver_interface.o(.data)
    CaptureNumberLeft                        0x2000003a   Data           1  timer.o(.data)
    CaptureNumberRight                       0x2000003b   Data           1  timer.o(.data)
    counterLeft                              0x2000003c   Data           2  timer.o(.data)
    counterRight                             0x2000003e   Data           2  timer.o(.data)
    TimeL                                    0x20000040   Data           2  timer.o(.data)
    TimeR                                    0x20000042   Data           2  timer.o(.data)
    gear                                     0x20000044   Data           1  gearshfting.o(.data)
    gearPosition                             0x20000045   Data           1  gearshfting.o(.data)
    gearPositionCurrent                      0x20000046   Data           1  gearshfting.o(.data)
    goToNeutral                              0x20000047   Data           1  gearshfting.o(.data)
    ToNeutral                                0x20000048   Data           1  gearshfting.o(.data)
    autoShiftSwitch                          0x20000049   Data           1  gearshfting.o(.data)
    autoShiftBlocked                         0x2000004a   Data           1  gearshfting.o(.data)
    blockingTime                             0x2000004c   Data           2  gearshfting.o(.data)
    dutyCycle                                0x2000004e   Data           2  gearshfting.o(.data)
    gearIsInPosition                         0x20000050   Data           4  gearshfting.o(.data)
    problem                                  0x20000054   Data           4  gearshfting.o(.data)
    neutralToGear                            0x20000058   Data           4  gearshfting.o(.data)
    gearPositionSensorData                   0x2000005c   Data           4  gearshfting.o(.data)
    shiftDownHoldingTime                     0x20000060   Data           4  gearshfting.o(.data)
    shiftUpActive                            0x20000064   Data           4  gearshfting.o(.data)
    shiftDownActive                          0x20000068   Data           4  gearshfting.o(.data)
    shiftUpTime                              0x2000006c   Data           4  gearshfting.o(.data)
    shiftDownTime                            0x20000070   Data           4  gearshfting.o(.data)
    flagShiftUp                              0x20000074   Data           4  gearshfting.o(.data)
    flagMonitoring                           0x20000078   Data           4  gearshfting.o(.data)
    flagReachGear                            0x2000007c   Data           4  gearshfting.o(.data)
    flagOutOfMonitoring                      0x20000080   Data           4  gearshfting.o(.data)
    flagReleaseShiftUp                       0x20000084   Data           4  gearshfting.o(.data)
    flagNeutralToFirst                       0x20000088   Data           4  gearshfting.o(.data)
    flagFirstToSecond                        0x2000008c   Data           4  gearshfting.o(.data)
    flagElClutch                             0x20000090   Data           4  gearshfting.o(.data)
    flagSecondToFirst                        0x20000094   Data           4  gearshfting.o(.data)
    flagFirstToNeutral                       0x20000098   Data           4  gearshfting.o(.data)
    flagProblem                              0x2000009c   Data           4  gearshfting.o(.data)
    accDataRequested                         0x200000a0   Data           1  imu.o(.data)
    gyroDataRequested                        0x200000a1   Data           1  imu.o(.data)
    cmdData                                  0x200000a2   Data           3  imu.o(.data)
    rxData                                   0x200000a8   Data           4  imu.o(.data)
    pxCurrentTCB                             0x200000bc   Data           4  tasks.o(.data)
    sensorData                               0x20000144   Data         600  main.o(.bss)
    RxBuffer                                 0x200003b0   Data          48  uart.o(.bss)
    debounce                                 0x200003e0   Data          20  driver_interface.o(.bss)
    rawDigitalState                          0x200003f4   Data          24  driver_interface.o(.bss)
    rawAnalogState                           0x2000040c   Data          32  adc.o(.bss)
    RAW_ADC                                  0x2000042c   Data         160  adc.o(.bss)
    ADCValues                                0x200004cc   Data          16  adc.o(.bss)
    IMUData                                  0x200004dc   Data          24  imu.o(.bss)
    __initial_sp                             0x200135d0   Data           0  startup_stm32f4xx.o(STACK)



==============================================================================

Memory Map of the image

  Image Entry point : 0x08000255

  Load Region LR_1 (Base: 0x08000000, Size: 0x00003f9c, Max: 0xffffffff, ABSOLUTE, COMPRESSED[0x00003ea4])

    Execution Region ER_RO (Base: 0x08000000, Size: 0x00003e6c, Max: 0xffffffff, ABSOLUTE)

    Base Addr    Size         Type   Attr      Idx    E Section Name        Object

    0x08000000   0x00000188   Data   RO          139    RESET               startup_stm32f4xx.o
    0x08000188   0x00000000   Code   RO         4482  * .ARM.Collect$$$$00000000  mc_w.l(entry.o)
    0x08000188   0x00000004   Code   RO         4503    .ARM.Collect$$$$00000001  mc_w.l(entry2.o)
    0x0800018c   0x00000004   Code   RO         4506    .ARM.Collect$$$$00000004  mc_w.l(entry5.o)
    0x08000190   0x00000000   Code   RO         4508    .ARM.Collect$$$$00000008  mc_w.l(entry7b.o)
    0x08000190   0x00000000   Code   RO         4510    .ARM.Collect$$$$0000000A  mc_w.l(entry8b.o)
    0x08000190   0x00000008   Code   RO         4511    .ARM.Collect$$$$0000000B  mc_w.l(entry9a.o)
    0x08000198   0x00000000   Code   RO         4513    .ARM.Collect$$$$0000000D  mc_w.l(entry10a.o)
    0x08000198   0x00000000   Code   RO         4515    .ARM.Collect$$$$0000000F  mc_w.l(entry11a.o)
    0x08000198   0x00000004   Code   RO         4504    .ARM.Collect$$$$00002712  mc_w.l(entry2.o)
    0x0800019c   0x000000b6   Code   RO         1756    .emb_text           port.o
    0x08000252   0x00000002   PAD
    0x08000254   0x00000024   Code   RO          140  * .text               startup_stm32f4xx.o
    0x08000278   0x00000024   Code   RO         4485    .text               mc_w.l(memcpya.o)
    0x0800029c   0x00000024   Code   RO         4487    .text               mc_w.l(memseta.o)
    0x080002c0   0x00000024   Code   RO         4528    .text               mc_w.l(init.o)
    0x080002e4   0x0000005c   Code   RO         4538    .text               mc_w.l(__dczerorl2.o)
    0x08000340   0x00000014   Code   RO         1911    i.ADC_Cmd           stm32f4xx_adc.o
    0x08000354   0x00000028   Code   RO         1912    i.ADC_CommonInit    stm32f4xx_adc.o
    0x0800037c   0x00000014   Code   RO         1915    i.ADC_DMACmd        stm32f4xx_adc.o
    0x08000390   0x00000014   Code   RO         1916    i.ADC_DMARequestAfterLastTransferCmd  stm32f4xx_adc.o
    0x080003a4   0x00000018   Code   RO         1917    i.ADC_DeInit        stm32f4xx_adc.o
    0x080003bc   0x0000004c   Code   RO         1931    i.ADC_Init          stm32f4xx_adc.o
    0x08000408   0x00000074   Code   RO         1936    i.ADC_RegularChannelConfig  stm32f4xx_adc.o
    0x0800047c   0x0000000a   Code   RO         1938    i.ADC_SoftwareStartConv  stm32f4xx_adc.o
    0x08000486   0x00000002   PAD
    0x08000488   0x0000001c   Code   RO         1031    i.ActiveClutch      gearshfting.o
    0x080004a4   0x0000000c   Code   RO         1032    i.ActiveCutIgnition  gearshfting.o
    0x080004b0   0x0000000c   Code   RO         1142    i.ActuateShiftDown  actuator.o
    0x080004bc   0x0000000c   Code   RO         1143    i.ActuateShiftUp    actuator.o
    0x080004c8   0x00000002   Code   RO          202    i.BusFault_Handler  stm32f4xx_it.o
    0x080004ca   0x00000002   PAD
    0x080004cc   0x0000003c   Code   RO          260    i.CAN1_RX0_IRQHandler  can.o
    0x08000508   0x00000078   Code   RO         2145    i.CAN_ClearITPendingBit  stm32f4xx_can.o
    0x08000580   0x0000002c   Code   RO         2147    i.CAN_DeInit        stm32f4xx_can.o
    0x080005ac   0x00000016   Code   RO         2148    i.CAN_FIFORelease   stm32f4xx_can.o
    0x080005c2   0x00000002   PAD
    0x080005c4   0x000000c4   Code   RO         2149    i.CAN_FilterInit    stm32f4xx_can.o
    0x08000688   0x00000034   Code   RO         2150    i.CAN_GetFlagStatus  stm32f4xx_can.o
    0x080006bc   0x000000a8   Code   RO         2151    i.CAN_GetITStatus   stm32f4xx_can.o
    0x08000764   0x000000e8   Code   RO         2156    i.CAN_Init          stm32f4xx_can.o
    0x0800084c   0x0000007e   Code   RO         2159    i.CAN_Receive       stm32f4xx_can.o
    0x080008ca   0x0000001a   Code   RO          261    i.CAN_ReceiverInit  can.o
    0x080008e4   0x00000098   Code   RO         2164    i.CAN_Transmit      stm32f4xx_can.o
    0x0800097c   0x0000003a   Code   RO          262    i.CAN_configureFilter  can.o
    0x080009b6   0x00000034   Code   RO          264    i.CAN_createMessage_uint  can.o
    0x080009ea   0x0000000c   Code   RO         2167    i.CheckITStatus     stm32f4xx_can.o
    0x080009f6   0x00000002   PAD
    0x080009f8   0x00000044   Code   RO          709    i.DMA2_Stream0_IRQHandler  adc.o
    0x08000a3c   0x0000002c   Code   RO         2414    i.DMA_ClearFlag     stm32f4xx_dma.o
    0x08000a68   0x00000014   Code   RO         2416    i.DMA_Cmd           stm32f4xx_dma.o
    0x08000a7c   0x00000060   Code   RO          710    i.DMA_Config        adc.o
    0x08000adc   0x00000054   Code   RO         2426    i.DMA_GetITStatus   stm32f4xx_dma.o
    0x08000b30   0x00000034   Code   RO         2427    i.DMA_ITConfig      stm32f4xx_dma.o
    0x08000b64   0x00000054   Code   RO         2428    i.DMA_Init          stm32f4xx_dma.o
    0x08000bb8   0x00000002   Code   RO          203    i.DebugMon_Handler  stm32f4xx_it.o
    0x08000bba   0x00000002   PAD
    0x08000bbc   0x00000058   Code   RO          636    i.EXTI4_IRQHandler  driver_interface.o
    0x08000c14   0x0000005c   Code   RO          637    i.EXTI9_5_IRQHandler  driver_interface.o
    0x08000c70   0x0000000c   Code   RO         2538    i.EXTI_ClearFlag    stm32f4xx_exti.o
    0x08000c7c   0x0000000c   Code   RO         2539    i.EXTI_ClearITPendingBit  stm32f4xx_exti.o
    0x08000c88   0x00000020   Code   RO         2543    i.EXTI_GetITStatus  stm32f4xx_exti.o
    0x08000ca8   0x00000070   Code   RO         2544    i.EXTI_Init         stm32f4xx_exti.o
    0x08000d18   0x00000012   Code   RO         1035    i.ElClutch          gearshfting.o
    0x08000d2a   0x000000a2   Code   RO         2597    i.GPIO_Init         stm32f4xx_gpio.o
    0x08000dcc   0x00000020   Code   RO         2598    i.GPIO_PinAFConfig  stm32f4xx_gpio.o
    0x08000dec   0x0000000e   Code   RO         2601    i.GPIO_ReadInputDataBit  stm32f4xx_gpio.o
    0x08000dfa   0x00000004   Code   RO         2604    i.GPIO_ResetBits    stm32f4xx_gpio.o
    0x08000dfe   0x00000004   Code   RO         2605    i.GPIO_SetBits      stm32f4xx_gpio.o
    0x08000e02   0x00000002   PAD
    0x08000e04   0x00000078   Code   RO         1036    i.GetGearPosition   gearshfting.o
    0x08000e7c   0x00000002   Code   RO          204    i.HardFault_Handler  stm32f4xx_it.o
    0x08000e7e   0x00000002   PAD
    0x08000e80   0x0000001c   Code   RO         1037    i.InactiveClutch    gearshfting.o
    0x08000e9c   0x0000000c   Code   RO         1038    i.InactiveCutIgnition  gearshfting.o
    0x08000ea8   0x0000000c   Code   RO         1039    i.InactiveShiftDown  gearshfting.o
    0x08000eb4   0x0000000c   Code   RO         1040    i.InactiveShiftUp   gearshfting.o
    0x08000ec0   0x00000002   Code   RO          205    i.MemManage_Handler  stm32f4xx_it.o
    0x08000ec2   0x00000002   Code   RO          206    i.NMI_Handler       stm32f4xx_it.o
    0x08000ec4   0x00000020   Code   RO          712    i.NVIC_Config_adc   adc.o
    0x08000ee4   0x00000064   Code   RO         1865    i.NVIC_Init         misc.o
    0x08000f48   0x00000014   Code   RO         1866    i.NVIC_PriorityGroupConfig  misc.o
    0x08000f5c   0x00000002   Code   RO          207    i.OTG_FS_IRQHandler  stm32f4xx_it.o
    0x08000f5e   0x00000002   Code   RO          208    i.OTG_FS_WKUP_IRQHandler  stm32f4xx_it.o
    0x08000f60   0x00000018   Code   RO         2944    i.RCC_AHB1PeriphClockCmd  stm32f4xx_rcc.o
    0x08000f78   0x00000018   Code   RO         2953    i.RCC_APB1PeriphClockCmd  stm32f4xx_rcc.o
    0x08000f90   0x00000018   Code   RO         2955    i.RCC_APB1PeriphResetCmd  stm32f4xx_rcc.o
    0x08000fa8   0x00000018   Code   RO         2956    i.RCC_APB2PeriphClockCmd  stm32f4xx_rcc.o
    0x08000fc0   0x00000018   Code   RO         2958    i.RCC_APB2PeriphResetCmd  stm32f4xx_rcc.o
    0x08000fd8   0x00000090   Code   RO         2965    i.RCC_GetClocksFreq  stm32f4xx_rcc.o
    0x08001068   0x00000018   Code   RO          147    i.STM_EVAL_LEDOn    stm32f4_discovery.o
    0x08001080   0x0000001c   Code   RO          148    i.STM_EVAL_LEDToggle  stm32f4_discovery.o
    0x0800109c   0x00000028   Code   RO         3655    i.SYSCFG_EXTILineConfig  stm32f4xx_syscfg.o
    0x080010c4   0x000000b4   Code   RO            2    i.SetSysClock       system_stm32f4xx.o
    0x08001178   0x0000007c   Code   RO         1041    i.ShiftDown         gearshfting.o
    0x080011f4   0x00000060   Code   RO         1042    i.ShiftUp           gearshfting.o
    0x08001254   0x00000024   Code   RO         1757    i.SysTick_Handler   port.o
    0x08001278   0x0000005c   Code   RO            4    i.SystemInit        system_stm32f4xx.o
    0x080012d4   0x0000002e   Code   RO         3698    i.TI1_Config        stm32f4xx_tim.o
    0x08001302   0x00000036   Code   RO         3699    i.TI2_Config        stm32f4xx_tim.o
    0x08001338   0x00000040   Code   RO          830    i.TIM1_CC_IRQHandler  timer.o
    0x08001378   0x00000014   Code   RO         3700    i.TIM_ARRPreloadConfig  stm32f4xx_tim.o
    0x0800138c   0x00000006   Code   RO         3706    i.TIM_ClearFlag     stm32f4xx_tim.o
    0x08001392   0x00000006   Code   RO         3707    i.TIM_ClearITPendingBit  stm32f4xx_tim.o
    0x08001398   0x00000014   Code   RO         3712    i.TIM_Cmd           stm32f4xx_tim.o
    0x080013ac   0x00000004   Code   RO         3727    i.TIM_GetCapture1   stm32f4xx_tim.o
    0x080013b0   0x00000004   Code   RO         3728    i.TIM_GetCapture2   stm32f4xx_tim.o
    0x080013b4   0x0000000e   Code   RO         3732    i.TIM_GetFlagStatus  stm32f4xx_tim.o
    0x080013c2   0x00000018   Code   RO         3733    i.TIM_GetITStatus   stm32f4xx_tim.o
    0x080013da   0x000000ac   Code   RO         3735    i.TIM_ICInit        stm32f4xx_tim.o
    0x08001486   0x00000010   Code   RO         3737    i.TIM_ITConfig      stm32f4xx_tim.o
    0x08001496   0x00000002   PAD
    0x08001498   0x00000060   Code   RO         3741    i.TIM_OC1Init       stm32f4xx_tim.o
    0x080014f8   0x0000000c   Code   RO         3744    i.TIM_OC1PreloadConfig  stm32f4xx_tim.o
    0x08001504   0x00000080   Code   RO         3746    i.TIM_OC2Init       stm32f4xx_tim.o
    0x08001584   0x00000014   Code   RO         3749    i.TIM_OC2PreloadConfig  stm32f4xx_tim.o
    0x08001598   0x00000060   Code   RO         3756    i.TIM_OC4Init       stm32f4xx_tim.o
    0x080015f8   0x00000014   Code   RO         3758    i.TIM_OC4PreloadConfig  stm32f4xx_tim.o
    0x0800160c   0x00000010   Code   RO         3779    i.TIM_SetIC1Prescaler  stm32f4xx_tim.o
    0x0800161c   0x00000018   Code   RO         3780    i.TIM_SetIC2Prescaler  stm32f4xx_tim.o
    0x08001634   0x00000010   Code   RO         3781    i.TIM_SetIC3Prescaler  stm32f4xx_tim.o
    0x08001644   0x00000018   Code   RO         3782    i.TIM_SetIC4Prescaler  stm32f4xx_tim.o
    0x0800165c   0x0000007c   Code   RO         3784    i.TIM_TimeBaseInit  stm32f4xx_tim.o
    0x080016d8   0x0000005c   Code   RO          587    i.UART_DMA_Config   uart.o
    0x08001734   0x00000014   Code   RO         4245    i.USART_Cmd         stm32f4xx_usart.o
    0x08001748   0x00000010   Code   RO         4246    i.USART_DMACmd      stm32f4xx_usart.o
    0x08001758   0x0000000e   Code   RO         4248    i.USART_GetFlagStatus  stm32f4xx_usart.o
    0x08001766   0x00000002   PAD
    0x08001768   0x000000b8   Code   RO         4252    i.USART_Init        stm32f4xx_usart.o
    0x08001820   0x00000008   Code   RO         4262    i.USART_SendData    stm32f4xx_usart.o
    0x08001828   0x0000002c   Code   RO          588    i.USART_puts_char   uart.o
    0x08001854   0x00000002   Code   RO          209    i.UsageFault_Handler  stm32f4xx_it.o
    0x08001856   0x0000000e   Code   RO         4532    i.__scatterload_copy  mc_w.l(handlers.o)
    0x08001864   0x00000002   Code   RO         4533    i.__scatterload_null  mc_w.l(handlers.o)
    0x08001866   0x0000000e   Code   RO         4534    i.__scatterload_zeroinit  mc_w.l(handlers.o)
    0x08001874   0x00000004   Code   RO         1144    i.actuate           actuator.o
    0x08001878   0x00000064   Code   RO         1043    i.actuateShift      gearshfting.o
    0x080018dc   0x00000070   Code   RO         1044    i.autoShiftManager  gearshfting.o
    0x0800194c   0x00000080   Code   RO          831    i.calculateWheelSpeedLeft  timer.o
    0x080019cc   0x00000080   Code   RO          832    i.calculateWheelSpeedRight  timer.o
    0x08001a4c   0x00000048   Code   RO          347    i.createTaskDAQ     main.o
    0x08001a94   0x0000000c   Code   RO         1145    i.cutIgnition       actuator.o
    0x08001aa0   0x0000003c   Code   RO          638    i.debounceInput     driver_interface.o
    0x08001adc   0x0000006e   Code   RO          833    i.delay             timer.o
    0x08001b4a   0x00000002   PAD
    0x08001b4c   0x00000020   Code   RO         1337    i.eTaskConfirmSleepModeStatus  tasks.o
    0x08001b6c   0x000000f8   Code   RO         1045    i.gearShiftManager  gearshfting.o
    0x08001c64   0x00000008   Code   RO          591    i.getRecievedData   uart.o
    0x08001c6c   0x0000000c   Code   RO          834    i.getTimerValue     timer.o
    0x08001c78   0x00000034   Code   RO         1210    i.imuManager        imu.o
    0x08001cac   0x00000074   Code   RO         1146    i.initPWMCutIgnition  actuator.o
    0x08001d20   0x00000124   Code   RO          714    i.init_ADC          adc.o
    0x08001e44   0x000000b0   Code   RO          268    i.init_CAN_Communication  can.o
    0x08001ef4   0x0000005c   Code   RO         1147    i.init_actuators    actuator.o
    0x08001f50   0x000000e4   Code   RO          639    i.init_driverInterface  driver_interface.o
    0x08002034   0x00000030   Code   RO          835    i.init_gearShiftTimer  timer.o
    0x08002064   0x00000114   Code   RO          836    i.init_inputCapture  timer.o
    0x08002178   0x000000dc   Code   RO          837    i.init_pwm_config   timer.o
    0x08002254   0x000000ac   Code   RO          592    i.init_uart         uart.o
    0x08002300   0x00000068   Code   RO          348    i.initializeSystem  main.o
    0x08002368   0x0000003c   Code   RO         1194    i.launchControl     megasquirt.o
    0x080023a4   0x00000218   Code   RO          349    i.main              main.o
    0x080025bc   0x00000050   Code   RO         1046    i.neutralMgr        gearshfting.o
    0x0800260c   0x00000024   Code   RO          715    i.processAdcSamples  adc.o
    0x08002630   0x00000034   Code   RO         1338    i.prvAddCurrentTaskToDelayedList  tasks.o
    0x08002664   0x00000040   Code   RO         1250    i.prvCheckForValidListAndQueue  timers.o
    0x080026a4   0x00000028   Code   RO         1532    i.prvCopyDataFromQueue  queue.o
    0x080026cc   0x00000068   Code   RO         1533    i.prvCopyDataToQueue  queue.o
    0x08002734   0x00000024   Code   RO         1339    i.prvGetExpectedIdleTime  tasks.o
    0x08002758   0x00000044   Code   RO         1340    i.prvIdleTask       tasks.o
    0x0800279c   0x00000038   Code   RO         1251    i.prvInsertTimerInActiveList  timers.o
    0x080027d4   0x000000a0   Code   RO         1252    i.prvProcessReceivedCommands  timers.o
    0x08002874   0x0000008c   Code   RO         1253    i.prvProcessTimerOrBlockTask  timers.o
    0x08002900   0x00000028   Code   RO         1254    i.prvSampleTimeNow  timers.o
    0x08002928   0x00000060   Code   RO         1255    i.prvSwitchTimerLists  timers.o
    0x08002988   0x00000024   Code   RO         1256    i.prvTimerTask      timers.o
    0x080029ac   0x00000064   Code   RO         1534    i.prvUnlockQueue    queue.o
    0x08002a10   0x000000b8   Code   RO         1828    i.pvPortMalloc      heap_2.o
    0x08002ac8   0x00000022   Code   RO         1758    i.pxPortInitialiseStack  port.o
    0x08002aea   0x00000002   PAD
    0x08002aec   0x000000d0   Code   RO          269    i.readMessages      can.o
    0x08002bbc   0x00000004   Code   RO         1148    i.release           actuator.o
    0x08002bc0   0x0000002c   Code   RO         1212    i.requestGyroData   imu.o
    0x08002bec   0x00000028   Code   RO          716    i.saveRawADCData    adc.o
    0x08002c14   0x00000064   Code   RO          946    i.sendDamperPosition  daq.o
    0x08002c78   0x00000050   Code   RO          947    i.sendGear          daq.o
    0x08002cc8   0x00000058   Code   RO          948    i.sendGearRaw       daq.o
    0x08002d20   0x00000050   Code   RO          949    i.sendGearTime      daq.o
    0x08002d70   0x00000054   Code   RO          951    i.sendOilPressure   daq.o
    0x08002dc4   0x00000054   Code   RO          952    i.sendOilTemprature  daq.o
    0x08002e18   0x00000058   Code   RO          954    i.sendSwitchState   daq.o
    0x08002e70   0x00000064   Code   RO          955    i.sendWheelSpeed    daq.o
    0x08002ed4   0x00000018   Code   RO          838    i.startTimer        timer.o
    0x08002eec   0x00000014   Code   RO          839    i.stopTimer         timer.o
    0x08002f00   0x00000040   Code   RO          640    i.switchAction      driver_interface.o
    0x08002f40   0x000000a0   Code   RO          642    i.updateSwitches    driver_interface.o
    0x08002fe0   0x00000024   Code   RO         1674    i.uxListRemove      list.o
    0x08003004   0x00000010   Code   RO          351    i.vGearShifting     main.o
    0x08003014   0x00000010   Code   RO          352    i.vIMUManager       main.o
    0x08003024   0x00000010   Code   RO          353    i.vLaunchControl    main.o
    0x08003034   0x00000016   Code   RO         1675    i.vListInitialise   list.o
    0x0800304a   0x00000006   Code   RO         1676    i.vListInitialiseItem  list.o
    0x08003050   0x00000030   Code   RO         1677    i.vListInsert       list.o
    0x08003080   0x00000018   Code   RO         1678    i.vListInsertEnd    list.o
    0x08003098   0x00000034   Code   RO          354    i.vNeutralMgr       main.o
    0x080030cc   0x0000000c   Code   RO          355    i.vPerformSwitchAction  main.o
    0x080030d8   0x0000001c   Code   RO         1760    i.vPortEnterCritical  port.o
    0x080030f4   0x00000014   Code   RO         1761    i.vPortExitCritical  port.o
    0x08003108   0x0000003c   Code   RO         1829    i.vPortFree         heap_2.o
    0x08003144   0x0000003c   Code   RO         1762    i.vPortSetupTimerInterrupt  port.o
    0x08003180   0x000000c0   Code   RO         1763    i.vPortSuppressTicksAndSleep  port.o
    0x08003240   0x00000040   Code   RO         1764    i.vPortValidateInterruptPriority  port.o
    0x08003280   0x00000018   Code   RO         1765    i.vPortYield        port.o
    0x08003298   0x0000003a   Code   RO         1540    i.vQueueWaitForMessageRestricted  queue.o
    0x080032d2   0x0000000c   Code   RO          356    i.vRecieveCan       main.o
    0x080032de   0x00000008   Code   RO          358    i.vSendAcc          main.o
    0x080032e6   0x0000000c   Code   RO          361    i.vSendDamperTravel  main.o
    0x080032f2   0x00000010   Code   RO          362    i.vSendGear         main.o
    0x08003302   0x00000010   Code   RO          363    i.vSendGearDataRaw  main.o
    0x08003312   0x00000008   Code   RO          364    i.vSendGyro         main.o
    0x0800331a   0x0000000c   Code   RO          365    i.vSendOilPressure  main.o
    0x08003326   0x0000000c   Code   RO          367    i.vSendWaterTemp    main.o
    0x08003332   0x0000000c   Code   RO          368    i.vSendWheelSpeed   main.o
    0x0800333e   0x00000002   PAD
    0x08003340   0x00000034   Code   RO         1342    i.vTaskDelay        tasks.o
    0x08003374   0x0000000c   Code   RO         1344    i.vTaskMissedYield  tasks.o
    0x08003380   0x00000044   Code   RO         1345    i.vTaskPlaceOnEventList  tasks.o
    0x080033c4   0x00000030   Code   RO         1346    i.vTaskPlaceOnEventListRestricted  tasks.o
    0x080033f4   0x00000048   Code   RO         1347    i.vTaskPriorityDisinherit  tasks.o
    0x0800343c   0x00000064   Code   RO         1348    i.vTaskPriorityInherit  tasks.o
    0x080034a0   0x0000001c   Code   RO         1350    i.vTaskSetTimeOutState  tasks.o
    0x080034bc   0x00000054   Code   RO         1351    i.vTaskStartScheduler  tasks.o
    0x08003510   0x00000020   Code   RO         1352    i.vTaskStepTick     tasks.o
    0x08003530   0x00000010   Code   RO         1354    i.vTaskSuspendAll   tasks.o
    0x08003540   0x00000058   Code   RO         1355    i.vTaskSwitchContext  tasks.o
    0x08003598   0x0000000c   Code   RO          369    i.vUpdateADC        main.o
    0x080035a4   0x0000000c   Code   RO          370    i.vUpdateInputs     main.o
    0x080035b0   0x0000000c   Code   RO          371    i.vautoShiftMgr     main.o
    0x080035bc   0x00000088   Code   RO         1766    i.xPortStartScheduler  port.o
    0x08003644   0x0000003c   Code   RO         1543    i.xQueueGenericCreate  queue.o
    0x08003680   0x0000011e   Code   RO         1544    i.xQueueGenericReceive  queue.o
    0x0800379e   0x0000006a   Code   RO         1545    i.xQueueGenericReset  queue.o
    0x08003808   0x00000100   Code   RO         1546    i.xQueueGenericSend  queue.o
    0x08003908   0x0000008c   Code   RO         1547    i.xQueueGenericSendFromISR  queue.o
    0x08003994   0x00000058   Code   RO         1356    i.xTaskCheckForTimeOut  tasks.o
    0x080039ec   0x00000174   Code   RO         1357    i.xTaskGenericCreate  tasks.o
    0x08003b60   0x0000000c   Code   RO         1358    i.xTaskGetCurrentTaskHandle  tasks.o
    0x08003b6c   0x0000001c   Code   RO         1359    i.xTaskGetSchedulerState  tasks.o
    0x08003b88   0x00000018   Code   RO         1360    i.xTaskGetTickCount  tasks.o
    0x08003ba0   0x000000cc   Code   RO         1362    i.xTaskIncrementTick  tasks.o
    0x08003c6c   0x00000060   Code   RO         1364    i.xTaskRemoveFromEventList  tasks.o
    0x08003ccc   0x000000b4   Code   RO         1365    i.xTaskResumeAll    tasks.o
    0x08003d80   0x00000044   Code   RO         1259    i.xTimerCreateTimerTask  timers.o
    0x08003dc4   0x00000048   Code   RO         1260    i.xTimerGenericCommand  timers.o
    0x08003e0c   0x00000024   Data   RO          151    .constdata          stm32f4_discovery.o
    0x08003e30   0x0000001c   Data   RO         1047    .constdata          gearshfting.o
    0x08003e4c   0x00000020   Data   RO         4530    Region$$Table       anon$$obj.o


    Execution Region ER_RW (Base: 0x20000000, Size: 0x00000130, Max: 0xffffffff, ABSOLUTE, COMPRESSED[0x00000038])

    Base Addr    Size         Type   Attr      Idx    E Section Name        Object

    0x20000000   0x00000014   Data   RW            5    .data               system_stm32f4xx.o
    0x20000014   0x00000014   Data   RW          152    .data               stm32f4_discovery.o
    0x20000028   0x00000002   Data   RW          271    .data               can.o
    0x2000002a   0x00000002   PAD
    0x2000002c   0x0000000c   Data   RW          644    .data               driver_interface.o
    0x20000038   0x00000001   Data   RW          646    .data               driver_interface.o
    0x20000039   0x00000001   Data   RW          647    .data               driver_interface.o
    0x2000003a   0x0000000a   Data   RW          840    .data               timer.o
    0x20000044   0x0000005c   Data   RW         1048    .data               gearshfting.o
    0x200000a0   0x0000000c   Data   RW         1214    .data               imu.o
    0x200000ac   0x00000010   Data   RW         1263    .data               timers.o
    0x200000bc   0x00000034   Data   RW         1368    .data               tasks.o
    0x200000f0   0x00000018   Data   RW         1767    .data               port.o
    0x20000108   0x00000018   Data   RW         1833    .data               heap_2.o
    0x20000120   0x00000010   Data   RW         2988    .data               stm32f4xx_rcc.o


    Execution Region ER_ZI (Base: 0x20000130, Size: 0x000134a0, Max: 0xffffffff, ABSOLUTE)

    Base Addr    Size         Type   Attr      Idx    E Section Name        Object

    0x20000130   0x00000014   Zero   RW          270    .bss                can.o
    0x20000144   0x00000258   Zero   RW          372    .bss                main.o
    0x2000039c   0x00000014   Zero   RW          373    .bss                main.o
    0x200003b0   0x00000030   Zero   RW          593    .bss                uart.o
    0x200003e0   0x0000002c   Zero   RW          643    .bss                driver_interface.o
    0x2000040c   0x000000d0   Zero   RW          717    .bss                adc.o
    0x200004dc   0x00000018   Zero   RW         1213    .bss                imu.o
    0x200004f4   0x00000028   Zero   RW         1262    .bss                timers.o
    0x2000051c   0x000000b4   Zero   RW         1367    .bss                tasks.o
    0x200005d0   0x00012c00   Zero   RW         1832    .bss                heap_2.o
    0x200131d0   0x00000400   Zero   RW          137    STACK               startup_stm32f4xx.o


==============================================================================

Image component sizes


      Code (inc. data)   RO Data    RW Data    ZI Data      Debug   Object Name

       252         36          0          0          0       3532   actuator.o
       564         60          0          0        208       3654   adc.o
       580         54          0          2         20       6461   can.o
       704         64          0          0          0       4558   daq.o
       692         62          0         14         44       6981   driver_interface.o
      1002        124         28         92          0      11579   gearshfting.o
       244         18          0         24      76800       2923   heap_2.o
        96         20          0         12         24       3855   imu.o
       136          0          0          0          0       2738   list.o
       968        236          0          0        620      19897   main.o
        60          8          0          0          0        540   megasquirt.o
       120         18          0          0          0       1467   misc.o
       776         74          0         24          0       8533   port.o
      1150          0          0          0          0       8130   queue.o
        36          8        392          0       1024        768   startup_stm32f4xx.o
        52         16         36         20          0       3119   stm32f4_discovery.o
       326         20          0          0          0       5692   stm32f4xx_adc.o
      1124         22          0          0          0       7510   stm32f4xx_can.o
       284         32          0          0          0       4214   stm32f4xx_dma.o
       168         20          0          0          0       2605   stm32f4xx_exti.o
       216          0          0          0          0       3239   stm32f4xx_gpio.o
        16          0          0          0          0       3178   stm32f4xx_it.o
       264         42          0         16          0       5369   stm32f4xx_rcc.o
        40          6          0          0          0        604   stm32f4xx_syscfg.o
       962         52          0          0          0      14584   stm32f4xx_tim.o
       242         10          0          0          0       3619   stm32f4xx_usart.o
       272         36          0         20          0     296889   system_stm32f4xx.o
      1792        172          0         52        180      16953   tasks.o
      1030         70          0         10          0       5703   timer.o
       732         60          0         16         40       9823   timers.o
       316         34          0          0         48       2537   uart.o

    ----------------------------------------------------------------------
     15242       1374        488        304      79008     471254   Object Totals
         0          0         32          0          0          0   (incl. Generated)
        26          0          0          2          0          0   (incl. Padding)

    ----------------------------------------------------------------------

      Code (inc. data)   RO Data    RW Data    ZI Data      Debug   Library Member Name

        92          0          0          0          0          0   __dczerorl2.o
         0          0          0          0          0          0   entry.o
         0          0          0          0          0          0   entry10a.o
         0          0          0          0          0          0   entry11a.o
         8          4          0          0          0          0   entry2.o
         4          0          0          0          0          0   entry5.o
         0          0          0          0          0          0   entry7b.o
         0          0          0          0          0          0   entry8b.o
         8          4          0          0          0          0   entry9a.o
        30          0          0          0          0          0   handlers.o
        36          8          0          0          0         68   init.o
        36          0          0          0          0         68   memcpya.o
        36          0          0          0          0        108   memseta.o

    ----------------------------------------------------------------------
       250         16          0          0          0        244   Library Totals
         0          0          0          0          0          0   (incl. Padding)

    ----------------------------------------------------------------------

      Code (inc. data)   RO Data    RW Data    ZI Data      Debug   Library Name

       250         16          0          0          0        244   mc_w.l

    ----------------------------------------------------------------------
       250         16          0          0          0        244   Library Totals

    ----------------------------------------------------------------------

==============================================================================


      Code (inc. data)   RO Data    RW Data    ZI Data      Debug   

     15492       1390        488        304      79008     449846   Grand Totals
     15492       1390        488         56      79008     449846   ELF Image Totals (compressed)
     15492       1390        488         56          0          0   ROM Totals

==============================================================================

    Total RO  Size (Code + RO Data)                15980 (  15.61kB)
    Total RW  Size (RW Data + ZI Data)             79312 (  77.45kB)
    Total ROM Size (Code + RO Data + RW Data)      16036 (  15.66kB)

==============================================================================

