ARM Linker, 5.03 [Build 76] [MDK-ARM Lite]

==============================================================================

Section Cross References

    system_stm32f4xx.o(i.SystemCoreClockUpdate) refers to system_stm32f4xx.o(.data) for .data
    system_stm32f4xx.o(i.SystemInit) refers to system_stm32f4xx.o(i.SetSysClock) for SetSysClock
    startup_stm32f4xx.o(RESET) refers to startup_stm32f4xx.o(STACK) for __initial_sp
    startup_stm32f4xx.o(RESET) refers to startup_stm32f4xx.o(.text) for Reset_Handler
    startup_stm32f4xx.o(RESET) refers to stm32f4xx_it.o(i.NMI_Handler) for NMI_Handler
    startup_stm32f4xx.o(RESET) refers to stm32f4xx_it.o(i.HardFault_Handler) for HardFault_Handler
    startup_stm32f4xx.o(RESET) refers to stm32f4xx_it.o(i.MemManage_Handler) for MemManage_Handler
    startup_stm32f4xx.o(RESET) refers to stm32f4xx_it.o(i.BusFault_Handler) for BusFault_Handler
    startup_stm32f4xx.o(RESET) refers to stm32f4xx_it.o(i.UsageFault_Handler) for UsageFault_Handler
    startup_stm32f4xx.o(RESET) refers to port.o(.emb_text) for SVC_Handler
    startup_stm32f4xx.o(RESET) refers to stm32f4xx_it.o(i.DebugMon_Handler) for DebugMon_Handler
    startup_stm32f4xx.o(RESET) refers to port.o(i.SysTick_Handler) for SysTick_Handler
    startup_stm32f4xx.o(RESET) refers to stm32f4xx_it.o(i.EXTI0_IRQHandler) for EXTI0_IRQHandler
    startup_stm32f4xx.o(RESET) refers to can.o(i.CAN1_RX0_IRQHandler) for CAN1_RX0_IRQHandler
    startup_stm32f4xx.o(RESET) refers to stm32f4xx_it.o(i.OTG_FS_WKUP_IRQHandler) for OTG_FS_WKUP_IRQHandler
    startup_stm32f4xx.o(RESET) refers to adc.o(i.DMA2_Stream0_IRQHandler) for DMA2_Stream0_IRQHandler
    startup_stm32f4xx.o(RESET) refers to stm32f4xx_it.o(i.OTG_FS_IRQHandler) for OTG_FS_IRQHandler
    startup_stm32f4xx.o(.text) refers to system_stm32f4xx.o(i.SystemInit) for SystemInit
    startup_stm32f4xx.o(.text) refers to entry.o(.ARM.Collect$$$$00000000) for __main
    stm32f4_discovery.o(i.STM_EVAL_LEDInit) refers to stm32f4xx_rcc.o(i.RCC_AHB1PeriphClockCmd) for RCC_AHB1PeriphClockCmd
    stm32f4_discovery.o(i.STM_EVAL_LEDInit) refers to stm32f4xx_gpio.o(i.GPIO_Init) for GPIO_Init
    stm32f4_discovery.o(i.STM_EVAL_LEDInit) refers to stm32f4_discovery.o(.constdata) for .constdata
    stm32f4_discovery.o(i.STM_EVAL_LEDInit) refers to stm32f4_discovery.o(.data) for .data
    stm32f4_discovery.o(i.STM_EVAL_LEDOff) refers to stm32f4_discovery.o(.constdata) for .constdata
    stm32f4_discovery.o(i.STM_EVAL_LEDOff) refers to stm32f4_discovery.o(.data) for .data
    stm32f4_discovery.o(i.STM_EVAL_LEDOn) refers to stm32f4_discovery.o(.constdata) for .constdata
    stm32f4_discovery.o(i.STM_EVAL_LEDOn) refers to stm32f4_discovery.o(.data) for .data
    stm32f4_discovery.o(i.STM_EVAL_LEDToggle) refers to stm32f4_discovery.o(.data) for .data
    stm32f4_discovery.o(i.STM_EVAL_LEDToggle) refers to stm32f4_discovery.o(.constdata) for .constdata
    stm32f4_discovery.o(i.STM_EVAL_PBGetState) refers to stm32f4xx_gpio.o(i.GPIO_ReadInputDataBit) for GPIO_ReadInputDataBit
    stm32f4_discovery.o(i.STM_EVAL_PBGetState) refers to stm32f4_discovery.o(.constdata) for .constdata
    stm32f4_discovery.o(i.STM_EVAL_PBGetState) refers to stm32f4_discovery.o(.data) for .data
    stm32f4_discovery.o(i.STM_EVAL_PBInit) refers to stm32f4xx_rcc.o(i.RCC_AHB1PeriphClockCmd) for RCC_AHB1PeriphClockCmd
    stm32f4_discovery.o(i.STM_EVAL_PBInit) refers to stm32f4xx_rcc.o(i.RCC_APB2PeriphClockCmd) for RCC_APB2PeriphClockCmd
    stm32f4_discovery.o(i.STM_EVAL_PBInit) refers to stm32f4xx_gpio.o(i.GPIO_Init) for GPIO_Init
    stm32f4_discovery.o(i.STM_EVAL_PBInit) refers to stm32f4xx_syscfg.o(i.SYSCFG_EXTILineConfig) for SYSCFG_EXTILineConfig
    stm32f4_discovery.o(i.STM_EVAL_PBInit) refers to stm32f4xx_exti.o(i.EXTI_Init) for EXTI_Init
    stm32f4_discovery.o(i.STM_EVAL_PBInit) refers to misc.o(i.NVIC_Init) for NVIC_Init
    stm32f4_discovery.o(i.STM_EVAL_PBInit) refers to stm32f4_discovery.o(.constdata) for .constdata
    stm32f4_discovery.o(i.STM_EVAL_PBInit) refers to stm32f4_discovery.o(.data) for .data
    can.o(i.CAN1_RX0_IRQHandler) refers to stm32f4xx_can.o(i.CAN_GetITStatus) for CAN_GetITStatus
    can.o(i.CAN1_RX0_IRQHandler) refers to stm32f4xx_can.o(i.CAN_Receive) for CAN_Receive
    can.o(i.CAN1_RX0_IRQHandler) refers to stm32f4_discovery.o(i.STM_EVAL_LEDToggle) for STM_EVAL_LEDToggle
    can.o(i.CAN1_RX0_IRQHandler) refers to stm32f4xx_can.o(i.CAN_FIFORelease) for CAN_FIFORelease
    can.o(i.CAN1_RX0_IRQHandler) refers to stm32f4xx_can.o(i.CAN_ClearITPendingBit) for CAN_ClearITPendingBit
    can.o(i.CAN1_RX0_IRQHandler) refers to can.o(.bss) for .bss
    can.o(i.CAN_configureFilter) refers to stm32f4xx_can.o(i.CAN_FilterInit) for CAN_FilterInit
    can.o(i.CAN_createMessage_int) refers to memcpya.o(.text) for __aeabi_memcpy4
    can.o(i.CAN_createMessage_uint) refers to memcpya.o(.text) for __aeabi_memcpy4
    can.o(i.CAN_transmit_data) refers to stm32f4xx_can.o(i.CAN_Transmit) for CAN_Transmit
[...]
    ../clib/microlib/init/entry.s            0x00000000   Number         0  entry2.o ABSOLUTE
    ../clib/microlib/longlong.c              0x00000000   Number         0  llushr.o ABSOLUTE
    ../clib/microlib/longlong.c              0x00000000   Number         0  llshl.o ABSOLUTE
    ../clib/microlib/string/memcpy.c         0x00000000   Number         0  memcpya.o ABSOLUTE
    ../clib/microlib/string/memcpy.c         0x00000000   Number         0  memcpyb.o ABSOLUTE
    ../clib/microlib/string/memset.c         0x00000000   Number         0  memseta.o ABSOLUTE
    ../clib/microlib/stubs.s                 0x00000000   Number         0  iusefp.o ABSOLUTE
    ../fplib/microlib/d2f.c                  0x00000000   Number         0  d2f.o ABSOLUTE
    ../fplib/microlib/fpdiv.c                0x00000000   Number         0  ddiv.o ABSOLUTE
    ../fplib/microlib/fpepilogue.c           0x00000000   Number         0  depilogue.o ABSOLUTE
    ../fplib/microlib/fpepilogue.c           0x00000000   Number         0  fepilogue.o ABSOLUTE
    ../fplib/microlib/fpflt.c                0x00000000   Number         0  dflti.o ABSOLUTE
    ../fplib/microlib/fpmul.c                0x00000000   Number         0  dmul.o ABSOLUTE
    App_code\ADC.c                           0x00000000   Number         0  adc.o ABSOLUTE
    App_code\DAQ.c                           0x00000000   Number         0  daq.o ABSOLUTE
    App_code\UART.c                          0x00000000   Number         0  uart.o ABSOLUTE
    App_code\\ADC.c                          0x00000000   Number         0  adc.o ABSOLUTE
    App_code\\DAQ.c                          0x00000000   Number         0  daq.o ABSOLUTE
    App_code\\UART.c                         0x00000000   Number         0  uart.o ABSOLUTE
    App_code\\actuator.c                     0x00000000   Number         0  actuator.o ABSOLUTE
    App_code\\can.c                          0x00000000   Number         0  can.o ABSOLUTE
    App_code\\driver_interface.c             0x00000000   Number         0  driver_interface.o ABSOLUTE
    App_code\\gearshfting.c                  0x00000000   Number         0  gearshfting.o ABSOLUTE
    App_code\\main.c                         0x00000000   Number         0  main.o ABSOLUTE
    App_code\\safety.c                       0x00000000   Number         0  safety.o ABSOLUTE
    App_code\\tests.c                        0x00000000   Number         0  tests.o ABSOLUTE
    App_code\\timer.c                        0x00000000   Number         0  timer.o ABSOLUTE
    App_code\actuator.c                      0x00000000   Number         0  actuator.o ABSOLUTE
    App_code\can.c                           0x00000000   Number         0  can.o ABSOLUTE
    App_code\driver_interface.c              0x00000000   Number         0  driver_interface.o ABSOLUTE
    App_code\gearshfting.c                   0x00000000   Number         0  gearshfting.o ABSOLUTE
    App_code\main.c                          0x00000000   Number         0  main.o ABSOLUTE
    App_code\safety.c                        0x00000000   Number         0  safety.o ABSOLUTE
    App_code\tests.c                         0x00000000   Number         0  tests.o ABSOLUTE
    App_code\timer.c                         0x00000000   Number         0  timer.o ABSOLUTE
    FreeRTOS\Source\croutine.c               0x00000000   Number         0  croutine.o ABSOLUTE
    FreeRTOS\Source\list.c                   0x00000000   Number         0  list.o ABSOLUTE
    FreeRTOS\Source\portable\MemMang\heap_2.c 0x00000000   Number         0  heap_2.o ABSOLUTE
    FreeRTOS\Source\portable\RVDS\ARM_CM4F\port.c 0x00000000   Number         0  port.o ABSOLUTE
    FreeRTOS\Source\queue.c                  0x00000000   Number         0  queue.o ABSOLUTE
    FreeRTOS\Source\tasks.c                  0x00000000   Number         0  tasks.o ABSOLUTE
    FreeRTOS\Source\timers.c                 0x00000000   Number         0  timers.o ABSOLUTE
    FreeRTOS\\Source\\croutine.c             0x00000000   Number         0  croutine.o ABSOLUTE
    FreeRTOS\\Source\\list.c                 0x00000000   Number         0  list.o ABSOLUTE
    FreeRTOS\\Source\\portable\\MemMang\\heap_2.c 0x00000000   Number         0  heap_2.o ABSOLUTE
    FreeRTOS\\Source\\portable\\RVDS\\ARM_CM4F\\port.c 0x00000000   Number         0  port.o ABSOLUTE
    FreeRTOS\\Source\\queue.c                0x00000000   Number         0  queue.o ABSOLUTE
    FreeRTOS\\Source\\tasks.c                0x00000000   Number         0  tasks.o ABSOLUTE
    FreeRTOS\\Source\\timers.c               0x00000000   Number         0  timers.o ABSOLUTE
    Libraries\STM32F4xx_StdPeriph_Driver\src\misc.c 0x00000000   Number         0  misc.o ABSOLUTE
    Libraries\STM32F4xx_StdPeriph_Driver\src\stm32f4xx_adc.c 0x00000000   Number         0  stm32f4xx_adc.o ABSOLUTE
    Libraries\STM32F4xx_StdPeriph_Driver\src\stm32f4xx_can.c 0x00000000   Number         0  stm32f4xx_can.o ABSOLUTE
    Libraries\STM32F4xx_StdPeriph_Driver\src\stm32f4xx_dac.c 0x00000000   Number         0  stm32f4xx_dac.o ABSOLUTE
    Libraries\STM32F4xx_StdPeriph_Driver\src\stm32f4xx_dma.c 0x00000000   Number         0  stm32f4xx_dma.o ABSOLUTE
    Libraries\STM32F4xx_StdPeriph_Driver\src\stm32f4xx_exti.c 0x00000000   Number         0  stm32f4xx_exti.o ABSOLUTE
    Libraries\STM32F4xx_StdPeriph_Driver\src\stm32f4xx_gpio.c 0x00000000   Number         0  stm32f4xx_gpio.o ABSOLUTE
    Libraries\STM32F4xx_StdPeriph_Driver\src\stm32f4xx_i2c.c 0x00000000   Number         0  stm32f4xx_i2c.o ABSOLUTE
    Libraries\STM32F4xx_StdPeriph_Driver\src\stm32f4xx_iwdg.c 0x00000000   Number         0  stm32f4xx_iwdg.o ABSOLUTE
    Libraries\STM32F4xx_StdPeriph_Driver\src\stm32f4xx_pwr.c 0x00000000   Number         0  stm32f4xx_pwr.o ABSOLUTE
    Libraries\STM32F4xx_StdPeriph_Driver\src\stm32f4xx_rcc.c 0x00000000   Number         0  stm32f4xx_rcc.o ABSOLUTE
    Libraries\STM32F4xx_StdPeriph_Driver\src\stm32f4xx_rtc.c 0x00000000   Number         0  stm32f4xx_rtc.o ABSOLUTE
    Libraries\STM32F4xx_StdPeriph_Driver\src\stm32f4xx_syscfg.c 0x00000000   Number         0  stm32f4xx_syscfg.o ABSOLUTE
    Libraries\STM32F4xx_StdPeriph_Driver\src\stm32f4xx_tim.c 0x00000000   Number         0  stm32f4xx_tim.o ABSOLUTE
    Libraries\STM32F4xx_StdPeriph_Driver\src\stm32f4xx_usart.c 0x00000000   Number         0  stm32f4xx_usart.o ABSOLUTE
    Libraries\STM32F4xx_StdPeriph_Driver\src\stm32f4xx_wwdg.c 0x00000000   Number         0  stm32f4xx_wwdg.o ABSOLUTE
    Libraries\\STM32F4xx_StdPeriph_Driver\\src\\misc.c 0x00000000   Number         0  misc.o ABSOLUTE
    Libraries\\STM32F4xx_StdPeriph_Driver\\src\\stm32f4xx_adc.c 0x00000000   Number         0  stm32f4xx_adc.o ABSOLUTE
    Libraries\\STM32F4xx_StdPeriph_Driver\\src\\stm32f4xx_can.c 0x00000000   Number         0  stm32f4xx_can.o ABSOLUTE
    Libraries\\STM32F4xx_StdPeriph_Driver\\src\\stm32f4xx_dac.c 0x00000000   Number         0  stm32f4xx_dac.o ABSOLUTE
    Libraries\\STM32F4xx_StdPeriph_Driver\\src\\stm32f4xx_dma.c 0x00000000   Number         0  stm32f4xx_dma.o ABSOLUTE
    Libraries\\STM32F4xx_StdPeriph_Driver\\src\\stm32f4xx_exti.c 0x00000000   Number         0  stm32f4xx_exti.o ABSOLUTE
    Libraries\\STM32F4xx_StdPeriph_Driver\\src\\stm32f4xx_gpio.c 0x00000000   Number         0  stm32f4xx_gpio.o ABSOLUTE
    Libraries\\STM32F4xx_StdPeriph_Driver\\src\\stm32f4xx_i2c.c 0x00000000   Number         0  stm32f4xx_i2c.o ABSOLUTE
    Libraries\\STM32F4xx_StdPeriph_Driver\\src\\stm32f4xx_iwdg.c 0x00000000   Number         0  stm32f4xx_iwdg.o ABSOLUTE
    Libraries\\STM32F4xx_StdPeriph_Driver\\src\\stm32f4xx_pwr.c 0x00000000   Number         0  stm32f4xx_pwr.o ABSOLUTE
    Libraries\\STM32F4xx_StdPeriph_Driver\\src\\stm32f4xx_rcc.c 0x00000000   Number         0  stm32f4xx_rcc.o ABSOLUTE
    Libraries\\STM32F4xx_StdPeriph_Driver\\src\\stm32f4xx_rtc.c 0x00000000   Number         0  stm32f4xx_rtc.o ABSOLUTE
    Libraries\\STM32F4xx_StdPeriph_Driver\\src\\stm32f4xx_syscfg.c 0x00000000   Number         0  stm32f4xx_syscfg.o ABSOLUTE
    Libraries\\STM32F4xx_StdPeriph_Driver\\src\\stm32f4xx_tim.c 0x00000000   Number         0  stm32f4xx_tim.o ABSOLUTE
    Libraries\\STM32F4xx_StdPeriph_Driver\\src\\stm32f4xx_usart.c 0x00000000   Number         0  stm32f4xx_usart.o ABSOLUTE
    Libraries\\STM32F4xx_StdPeriph_Driver\\src\\stm32f4xx_wwdg.c 0x00000000   Number         0  stm32f4xx_wwdg.o ABSOLUTE
    Startup\\system_stm32f4xx.c              0x00000000   Number         0  system_stm32f4xx.o ABSOLUTE
    Startup\startup_stm32f4xx.s              0x00000000   Number         0  startup_stm32f4xx.o ABSOLUTE
    Startup\system_stm32f4xx.c               0x00000000   Number         0  system_stm32f4xx.o ABSOLUTE
    Utilities\STM32F4-Discovery\stm32f4_discovery.c 0x00000000   Number         0  stm32f4_discovery.o ABSOLUTE
    Utilities\\STM32F4-Discovery\\stm32f4_discovery.c 0x00000000   Number         0  stm32f4_discovery.o ABSOLUTE
    dc.s                                     0x00000000   Number         0  dc.o ABSOLUTE
    handlers.s                               0x00000000   Number         0  handlers.o ABSOLUTE
    init.s                                   0x00000000   Number         0  init.o ABSOLUTE
    stm32f4xx_it.c                           0x00000000   Number         0  stm32f4xx_it.o ABSOLUTE
    RESET                                    0x08000000   Section      392  startup_stm32f4xx.o(RESET)
    .ARM.Collect$$$$00000000                 0x08000188   Section        0  entry.o(.ARM.Collect$$$$00000000)
    .ARM.Collect$$$$00000001                 0x08000188   Section        4  entry2.o(.ARM.Collect$$$$00000001)
    .ARM.Collect$$$$00000004                 0x0800018c   Section        4  entry5.o(.ARM.Collect$$$$00000004)
    .ARM.Collect$$$$00000008                 0x08000190   Section        0  entry7b.o(.ARM.Collect$$$$00000008)
    .ARM.Collect$$$$0000000A                 0x08000190   Section        0  entry8b.o(.ARM.Collect$$$$0000000A)
    .ARM.Collect$$$$0000000B                 0x08000190   Section        8  entry9a.o(.ARM.Collect$$$$0000000B)
    .ARM.Collect$$$$0000000D                 0x08000198   Section        0  entry10a.o(.ARM.Collect$$$$0000000D)
    .ARM.Collect$$$$0000000F                 0x08000198   Section        0  entry11a.o(.ARM.Collect$$$$0000000F)
    .ARM.Collect$$$$00002712                 0x08000198   Section        4  entry2.o(.ARM.Collect$$$$00002712)
    __lit__00000000                          0x08000198   Data           4  entry2.o(.ARM.Collect$$$$00002712)
    .emb_text                                0x0800019c   Section      182  port.o(.emb_text)
    $v0                                      0x0800019c   Number         0  port.o(.emb_text)
    .text                                    0x08000254   Section       36  startup_stm32f4xx.o(.text)
    $v0                                      0x08000254   Number         0  startup_stm32f4xx.o(.text)
    .text                                    0x08000278   Section        0  memcpya.o(.text)
    .text                                    0x0800029c   Section        0  memseta.o(.text)
    .text                                    0x080002c0   Section       36  init.o(.text)
    i.ADC_Cmd                                0x080002e4   Section        0  stm32f4xx_adc.o(i.ADC_Cmd)
    i.ADC_CommonInit                         0x080002f8   Section        0  stm32f4xx_adc.o(i.ADC_CommonInit)
    i.ADC_DMACmd                             0x08000320   Section        0  stm32f4xx_adc.o(i.ADC_DMACmd)
    i.ADC_DMARequestAfterLastTransferCmd     0x08000334   Section        0  stm32f4xx_adc.o(i.ADC_DMARequestAfterLastTransferCmd)
    i.ADC_DeInit                             0x08000348   Section        0  stm32f4xx_adc.o(i.ADC_DeInit)
    i.ADC_Init                               0x08000360   Section        0  stm32f4xx_adc.o(i.ADC_Init)
    i.ADC_RegularChannelConfig               0x080003ac   Section        0  stm32f4xx_adc.o(i.ADC_RegularChannelConfig)
    i.ADC_SoftwareStartConv                  0x08000420   Section        0  stm32f4xx_adc.o(i.ADC_SoftwareStartConv)
    i.BusFault_Handler                       0x0800042a   Section        0  stm32f4xx_it.o(i.BusFault_Handler)
    i.CAN1_RX0_IRQHandler                    0x0800042c   Section        0  can.o(i.CAN1_RX0_IRQHandler)
    i.CAN_ClearITPendingBit                  0x08000468   Section        0  stm32f4xx_can.o(i.CAN_ClearITPendingBit)
    i.CAN_DeInit                             0x080004e0   Section        0  stm32f4xx_can.o(i.CAN_DeInit)
    i.CAN_FIFORelease                        0x0800050c   Section        0  stm32f4xx_can.o(i.CAN_FIFORelease)
    i.CAN_FilterInit                         0x08000524   Section        0  stm32f4xx_can.o(i.CAN_FilterInit)
    i.CAN_GetFlagStatus                      0x080005e8   Section        0  stm32f4xx_can.o(i.CAN_GetFlagStatus)
    i.CAN_GetITStatus                        0x0800061c   Section        0  stm32f4xx_can.o(i.CAN_GetITStatus)
    i.CAN_Init                               0x080006c4   Section        0  stm32f4xx_can.o(i.CAN_Init)
    i.CAN_Receive                            0x080007ac   Section        0  stm32f4xx_can.o(i.CAN_Receive)
    i.CAN_ReceiverInit                       0x0800082a   Section        0  can.o(i.CAN_ReceiverInit)
    i.CAN_Transmit                           0x08000844   Section        0  stm32f4xx_can.o(i.CAN_Transmit)
    i.CAN_configureFilter                    0x080008dc   Section        0  can.o(i.CAN_configureFilter)
    i.CAN_createMessage_uint                 0x08000916   Section        0  can.o(i.CAN_createMessage_uint)
    i.CheckITStatus                          0x0800094a   Section        0  stm32f4xx_can.o(i.CheckITStatus)
    CheckITStatus                            0x0800094b   Thumb Code    12  stm32f4xx_can.o(i.CheckITStatus)
    i.DMA2_Stream0_IRQHandler                0x08000958   Section        0  adc.o(i.DMA2_Stream0_IRQHandler)
    i.DMA_ClearFlag                          0x0800099c   Section        0  stm32f4xx_dma.o(i.DMA_ClearFlag)
    i.DMA_Cmd                                0x080009c8   Section        0  stm32f4xx_dma.o(i.DMA_Cmd)
    i.DMA_Config                             0x080009dc   Section        0  adc.o(i.DMA_Config)
    i.DMA_GetITStatus                        0x08000a3c   Section        0  stm32f4xx_dma.o(i.DMA_GetITStatus)
    i.DMA_ITConfig                           0x08000a90   Section        0  stm32f4xx_dma.o(i.DMA_ITConfig)
    i.DMA_Init                               0x08000ac4   Section        0  stm32f4xx_dma.o(i.DMA_Init)
    i.DebugMon_Handler                       0x08000b18   Section        0  stm32f4xx_it.o(i.DebugMon_Handler)
    i.EXTI0_IRQHandler                       0x08000b1a   Section        0  stm32f4xx_it.o(i.EXTI0_IRQHandler)
    i.GPIO_Init                              0x08000b1c   Section        0  stm32f4xx_gpio.o(i.GPIO_Init)
    i.GPIO_PinAFConfig                       0x08000bbe   Section        0  stm32f4xx_gpio.o(i.GPIO_PinAFConfig)
    i.GPIO_ReadInputDataBit                  0x08000bde   Section        0  stm32f4xx_gpio.o(i.GPIO_ReadInputDataBit)
    i.GPIO_ResetBits                         0x08000bec   Section        0  stm32f4xx_gpio.o(i.GPIO_ResetBits)
    i.GPIO_SetBits                           0x08000bf0   Section        0  stm32f4xx_gpio.o(i.GPIO_SetBits)
    i.HardFault_Handler                      0x08000bf4   Section        0  stm32f4xx_it.o(i.HardFault_Handler)
    i.MemManage_Handler                      0x08000bf6   Section        0  stm32f4xx_it.o(i.MemManage_Handler)
    i.NMI_Handler                            0x08000bf8   Section        0  stm32f4xx_it.o(i.NMI_Handler)
    i.NVIC_Config_adc                        0x08000bfa   Section        0  adc.o(i.NVIC_Config_adc)
    i.NVIC_Init                              0x08000c1c   Section        0  misc.o(i.NVIC_Init)
    i.NVIC_PriorityGroupConfig               0x08000c80   Section        0  misc.o(i.NVIC_PriorityGroupConfig)
    i.OTG_FS_IRQHandler                      0x08000c94   Section        0  stm32f4xx_it.o(i.OTG_FS_IRQHandler)
    i.OTG_FS_WKUP_IRQHandler                 0x08000c96   Section        0  stm32f4xx_it.o(i.OTG_FS_WKUP_IRQHandler)
    i.RCC_AHB1PeriphClockCmd                 0x08000c98   Section        0  stm32f4xx_rcc.o(i.RCC_AHB1PeriphClockCmd)
    i.RCC_APB1PeriphClockCmd                 0x08000cb0   Section        0  stm32f4xx_rcc.o(i.RCC_APB1PeriphClockCmd)
    i.RCC_APB1PeriphResetCmd                 0x08000cc8   Section        0  stm32f4xx_rcc.o(i.RCC_APB1PeriphResetCmd)
    i.RCC_APB2PeriphClockCmd                 0x08000ce0   Section        0  stm32f4xx_rcc.o(i.RCC_APB2PeriphClockCmd)
    i.RCC_APB2PeriphResetCmd                 0x08000cf8   Section        0  stm32f4xx_rcc.o(i.RCC_APB2PeriphResetCmd)
    i.RCC_GetClocksFreq                      0x08000d10   Section        0  stm32f4xx_rcc.o(i.RCC_GetClocksFreq)
    i.STM_EVAL_LEDOn                         0x08000da0   Section        0  stm32f4_discovery.o(i.STM_EVAL_LEDOn)
    i.STM_EVAL_LEDToggle                     0x08000db8   Section        0  stm32f4_discovery.o(i.STM_EVAL_LEDToggle)
    i.SetSysClock                            0x08000dd4   Section        0  system_stm32f4xx.o(i.SetSysClock)
    SetSysClock                              0x08000dd5   Thumb Code   162  system_stm32f4xx.o(i.SetSysClock)
    i.SwitchWarningLight                     0x08000e88   Section        0  driver_interface.o(i.SwitchWarningLight)
    i.SysTick_Handler                        0x08000ea8   Section        0  port.o(i.SysTick_Handler)
    i.SystemInit                             0x08000ecc   Section        0  system_stm32f4xx.o(i.SystemInit)
    i.TI1_Config                             0x08000f28   Section        0  stm32f4xx_tim.o(i.TI1_Config)
    TI1_Config                               0x08000f29   Thumb Code    46  stm32f4xx_tim.o(i.TI1_Config)
    i.TI2_Config                             0x08000f56   Section        0  stm32f4xx_tim.o(i.TI2_Config)
    TI2_Config                               0x08000f57   Thumb Code    54  stm32f4xx_tim.o(i.TI2_Config)
    i.TIM_ClearFlag                          0x08000f8c   Section        0  stm32f4xx_tim.o(i.TIM_ClearFlag)
    i.TIM_Cmd                                0x08000f92   Section        0  stm32f4xx_tim.o(i.TIM_Cmd)
    i.TIM_GetCapture1                        0x08000fa6   Section        0  stm32f4xx_tim.o(i.TIM_GetCapture1)
    i.TIM_GetCapture2                        0x08000faa   Section        0  stm32f4xx_tim.o(i.TIM_GetCapture2)
    i.TIM_GetFlagStatus                      0x08000fae   Section        0  stm32f4xx_tim.o(i.TIM_GetFlagStatus)
    i.TIM_ICInit                             0x08000fbc   Section        0  stm32f4xx_tim.o(i.TIM_ICInit)
    i.TIM_OC1Init                            0x08001068   Section        0  stm32f4xx_tim.o(i.TIM_OC1Init)
    i.TIM_OC1PreloadConfig                   0x080010c8   Section        0  stm32f4xx_tim.o(i.TIM_OC1PreloadConfig)
    i.TIM_OC2Init                            0x080010d4   Section        0  stm32f4xx_tim.o(i.TIM_OC2Init)
    i.TIM_OC2PreloadConfig                   0x08001154   Section        0  stm32f4xx_tim.o(i.TIM_OC2PreloadConfig)
    i.TIM_SetIC1Prescaler                    0x08001168   Section        0  stm32f4xx_tim.o(i.TIM_SetIC1Prescaler)
    i.TIM_SetIC2Prescaler                    0x08001178   Section        0  stm32f4xx_tim.o(i.TIM_SetIC2Prescaler)
    i.TIM_SetIC3Prescaler                    0x08001190   Section        0  stm32f4xx_tim.o(i.TIM_SetIC3Prescaler)
    i.TIM_SetIC4Prescaler                    0x080011a0   Section        0  stm32f4xx_tim.o(i.TIM_SetIC4Prescaler)
    i.TIM_TimeBaseInit                       0x080011b8   Section        0  stm32f4xx_tim.o(i.TIM_TimeBaseInit)
    i.UART_DMA_Config                        0x08001234   Section        0  uart.o(i.UART_DMA_Config)
    i.USART_Cmd                              0x08001290   Section        0  stm32f4xx_usart.o(i.USART_Cmd)
    i.USART_DMACmd                           0x080012a4   Section        0  stm32f4xx_usart.o(i.USART_DMACmd)
    i.USART_Init                             0x080012b4   Section        0  stm32f4xx_usart.o(i.USART_Init)
    i.UsageFault_Handler                     0x0800136c   Section        0  stm32f4xx_it.o(i.UsageFault_Handler)
    i.__scatterload_copy                     0x0800136e   Section       14  handlers.o(i.__scatterload_copy)
    i.__scatterload_null                     0x0800137c   Section        2  handlers.o(i.__scatterload_null)
    i.__scatterload_zeroinit                 0x0800137e   Section       14  handlers.o(i.__scatterload_zeroinit)
    i.calculateWheelSpeedLeft                0x0800138c   Section        0  timer.o(i.calculateWheelSpeedLeft)
    i.calculateWheelSpeedRight               0x0800140c   Section        0  timer.o(i.calculateWheelSpeedRight)
    i.coolingControl                         0x0800148c   Section        0  safety.o(i.coolingControl)
    i.createTaskDAQ                          0x080014cc   Section        0  main.o(i.createTaskDAQ)
    i.debounceInput                          0x08001514   Section        0  driver_interface.o(i.debounceInput)
    i.eTaskConfirmSleepModeStatus            0x08001550   Section        0  tasks.o(i.eTaskConfirmSleepModeStatus)
    i.init_ADC                               0x08001570   Section        0  adc.o(i.init_ADC)
    i.init_CAN_Communication                 0x08001694   Section        0  can.o(i.init_CAN_Communication)
    i.init_actuators                         0x08001744   Section        0  actuator.o(i.init_actuators)
    i.init_driverInterface                   0x080017e8   Section        0  driver_interface.o(i.init_driverInterface)
    i.init_inputCapture                      0x080018a0   Section        0  timer.o(i.init_inputCapture)
    i.init_pwm_config                        0x08001984   Section        0  timer.o(i.init_pwm_config)
    i.init_uart                              0x08001a0c   Section        0  uart.o(i.init_uart)
    i.initializeSystem                       0x08001abc   Section        0  main.o(i.initializeSystem)
    i.main                                   0x08001b14   Section        0  main.o(i.main)
    i.processAdcSamples                      0x08001cac   Section        0  adc.o(i.processAdcSamples)
    i.prvAddCurrentTaskToDelayedList         0x08001cd0   Section        0  tasks.o(i.prvAddCurrentTaskToDelayedList)
    prvAddCurrentTaskToDelayedList           0x08001cd1   Thumb Code    48  tasks.o(i.prvAddCurrentTaskToDelayedList)
    i.prvCheckForValidListAndQueue           0x08001d04   Section        0  timers.o(i.prvCheckForValidListAndQueue)
    prvCheckForValidListAndQueue             0x08001d05   Thumb Code    54  timers.o(i.prvCheckForValidListAndQueue)
    i.prvCopyDataFromQueue                   0x08001d44   Section        0  queue.o(i.prvCopyDataFromQueue)
    prvCopyDataFromQueue                     0x08001d45   Thumb Code    40  queue.o(i.prvCopyDataFromQueue)
    i.prvCopyDataToQueue                     0x08001d6c   Section        0  queue.o(i.prvCopyDataToQueue)
    prvCopyDataToQueue                       0x08001d6d   Thumb Code   104  queue.o(i.prvCopyDataToQueue)
    i.prvGetExpectedIdleTime                 0x08001dd4   Section        0  tasks.o(i.prvGetExpectedIdleTime)
    prvGetExpectedIdleTime                   0x08001dd5   Thumb Code    28  tasks.o(i.prvGetExpectedIdleTime)
    i.prvIdleTask                            0x08001df8   Section        0  tasks.o(i.prvIdleTask)
    prvIdleTask                              0x08001df9   Thumb Code    58  tasks.o(i.prvIdleTask)
    i.prvInsertTimerInActiveList             0x08001e3c   Section        0  timers.o(i.prvInsertTimerInActiveList)
    prvInsertTimerInActiveList               0x08001e3d   Thumb Code    52  timers.o(i.prvInsertTimerInActiveList)
    i.prvProcessReceivedCommands             0x08001e74   Section        0  timers.o(i.prvProcessReceivedCommands)
    prvProcessReceivedCommands               0x08001e75   Thumb Code   154  timers.o(i.prvProcessReceivedCommands)
    i.prvProcessTimerOrBlockTask             0x08001f14   Section        0  timers.o(i.prvProcessTimerOrBlockTask)
    prvProcessTimerOrBlockTask               0x08001f15   Thumb Code   136  timers.o(i.prvProcessTimerOrBlockTask)
    i.prvSampleTimeNow                       0x08001fa0   Section        0  timers.o(i.prvSampleTimeNow)
    prvSampleTimeNow                         0x08001fa1   Thumb Code    36  timers.o(i.prvSampleTimeNow)
    i.prvSwitchTimerLists                    0x08001fc8   Section        0  timers.o(i.prvSwitchTimerLists)
    prvSwitchTimerLists                      0x08001fc9   Thumb Code    92  timers.o(i.prvSwitchTimerLists)
    i.prvTimerTask                           0x08002028   Section        0  timers.o(i.prvTimerTask)
    prvTimerTask                             0x08002029   Thumb Code    32  timers.o(i.prvTimerTask)
    i.prvUnlockQueue                         0x0800204c   Section        0  queue.o(i.prvUnlockQueue)
    prvUnlockQueue                           0x0800204d   Thumb Code   100  queue.o(i.prvUnlockQueue)
    i.pvPortMalloc                           0x080020b0   Section        0  heap_2.o(i.pvPortMalloc)
    i.pxPortInitialiseStack                  0x08002168   Section        0  port.o(i.pxPortInitialiseStack)
    i.readMessages                           0x0800218c   Section        0  can.o(i.readMessages)
    i.safetyCheck                            0x08002234   Section        0  safety.o(i.safetyCheck)
    i.saveRawADCData                         0x08002274   Section        0  adc.o(i.saveRawADCData)
    i.sendBrakeDiscTemp                      0x0800229c   Section        0  daq.o(i.sendBrakeDiscTemp)
    i.sendBrakePressure                      0x080022f4   Section        0  daq.o(i.sendBrakePressure)
    i.sendDamperPosition                     0x08002358   Section        0  daq.o(i.sendDamperPosition)
    i.sendSteeringAngle                      0x080023bc   Section        0  daq.o(i.sendSteeringAngle)
    i.sendWheelSpeed                         0x08002414   Section        0  daq.o(i.sendWheelSpeed)
    i.setCoolantPumpSpeed                    0x08002468   Section        0  safety.o(i.setCoolantPumpSpeed)
    i.setFanSpeed                            0x080024b0   Section        0  safety.o(i.setFanSpeed)
    i.switchAction                           0x080024f8   Section        0  driver_interface.o(i.switchAction)
    i.updateSwitches                         0x080025c0   Section        0  driver_interface.o(i.updateSwitches)
    i.uxListRemove                           0x08002688   Section        0  list.o(i.uxListRemove)
    i.vCoolingSystem                         0x080026ac   Section        0  main.o(i.vCoolingSystem)
    i.vListInitialise                        0x080026b8   Section        0  list.o(i.vListInitialise)
    i.vListInitialiseItem                    0x080026ce   Section        0  list.o(i.vListInitialiseItem)
    i.vListInsert                            0x080026d4   Section        0  list.o(i.vListInsert)
    i.vListInsertEnd                         0x08002704   Section        0  list.o(i.vListInsertEnd)
    i.vPortEnterCritical                     0x0800271c   Section        0  port.o(i.vPortEnterCritical)
    i.vPortExitCritical                      0x08002738   Section        0  port.o(i.vPortExitCritical)
    i.vPortFree                              0x0800274c   Section        0  heap_2.o(i.vPortFree)
    i.vPortSetupTimerInterrupt               0x08002788   Section        0  port.o(i.vPortSetupTimerInterrupt)
    i.vPortSuppressTicksAndSleep             0x080027c4   Section        0  port.o(i.vPortSuppressTicksAndSleep)
    i.vPortValidateInterruptPriority         0x08002884   Section        0  port.o(i.vPortValidateInterruptPriority)
    i.vPortYield                             0x080028c4   Section        0  port.o(i.vPortYield)
    i.vQueueWaitForMessageRestricted         0x080028dc   Section        0  queue.o(i.vQueueWaitForMessageRestricted)
    i.vRecieveCan                            0x08002916   Section        0  main.o(i.vRecieveCan)
    i.vSafetyCheck                           0x08002922   Section        0  main.o(i.vSafetyCheck)
    i.vSendBrakeDisc                         0x0800292e   Section        0  main.o(i.vSendBrakeDisc)
    i.vSendBreakPressureData                 0x0800293a   Section        0  main.o(i.vSendBreakPressureData)
    i.vSendDamperTravel                      0x08002946   Section        0  main.o(i.vSendDamperTravel)
    i.vSendSteeringAngle                     0x08002952   Section        0  main.o(i.vSendSteeringAngle)
    i.vSendWheelSpeed                        0x0800295e   Section        0  main.o(i.vSendWheelSpeed)
    i.vTaskDelay                             0x0800296c   Section        0  tasks.o(i.vTaskDelay)
    i.vTaskMissedYield                       0x080029a0   Section        0  tasks.o(i.vTaskMissedYield)
    i.vTaskPlaceOnEventList                  0x080029ac   Section        0  tasks.o(i.vTaskPlaceOnEventList)
    i.vTaskPlaceOnEventListRestricted        0x080029f0   Section        0  tasks.o(i.vTaskPlaceOnEventListRestricted)
    i.vTaskPriorityDisinherit                0x08002a20   Section        0  tasks.o(i.vTaskPriorityDisinherit)
    i.vTaskPriorityInherit                   0x08002a68   Section        0  tasks.o(i.vTaskPriorityInherit)
    i.vTaskSetTimeOutState                   0x08002acc   Section        0  tasks.o(i.vTaskSetTimeOutState)
    i.vTaskStartScheduler                    0x08002ae8   Section        0  tasks.o(i.vTaskStartScheduler)
    i.vTaskStepTick                          0x08002b3c   Section        0  tasks.o(i.vTaskStepTick)
    i.vTaskSuspendAll                        0x08002b5c   Section        0  tasks.o(i.vTaskSuspendAll)
    i.vTaskSwitchContext                     0x08002b6c   Section        0  tasks.o(i.vTaskSwitchContext)
    i.vUpdateSensors                         0x08002bc4   Section        0  main.o(i.vUpdateSensors)
    i.vUpdateWheelSpeedLeft                  0x08002bd4   Section        0  main.o(i.vUpdateWheelSpeedLeft)
    i.vUpdateWheelSpeedRight                 0x08002be0   Section        0  main.o(i.vUpdateWheelSpeedRight)
    i.xPortStartScheduler                    0x08002bec   Section        0  port.o(i.xPortStartScheduler)
    i.xQueueGenericCreate                    0x08002c74   Section        0  queue.o(i.xQueueGenericCreate)
    i.xQueueGenericReceive                   0x08002cb0   Section        0  queue.o(i.xQueueGenericReceive)
    i.xQueueGenericReset                     0x08002dce   Section        0  queue.o(i.xQueueGenericReset)
    i.xQueueGenericSend                      0x08002e38   Section        0  queue.o(i.xQueueGenericSend)
    i.xQueueGenericSendFromISR               0x08002f38   Section        0  queue.o(i.xQueueGenericSendFromISR)
    i.xTaskCheckForTimeOut                   0x08002fc4   Section        0  tasks.o(i.xTaskCheckForTimeOut)
    i.xTaskGenericCreate                     0x0800301c   Section        0  tasks.o(i.xTaskGenericCreate)
    i.xTaskGetCurrentTaskHandle              0x08003190   Section        0  tasks.o(i.xTaskGetCurrentTaskHandle)
    i.xTaskGetSchedulerState                 0x0800319c   Section        0  tasks.o(i.xTaskGetSchedulerState)
    i.xTaskGetTickCount                      0x080031b8   Section        0  tasks.o(i.xTaskGetTickCount)
    i.xTaskIncrementTick                     0x080031d0   Section        0  tasks.o(i.xTaskIncrementTick)
    i.xTaskRemoveFromEventList               0x0800329c   Section        0  tasks.o(i.xTaskRemoveFromEventList)
    i.xTaskResumeAll                         0x080032fc   Section        0  tasks.o(i.xTaskResumeAll)
    i.xTimerCreateTimerTask                  0x080033b0   Section        0  timers.o(i.xTimerCreateTimerTask)
    i.xTimerGenericCommand                   0x080033f4   Section        0  timers.o(i.xTimerGenericCommand)
    .constdata                               0x0800343c   Section       36  stm32f4_discovery.o(.constdata)
    .data                                    0x20000000   Section       20  system_stm32f4xx.o(.data)
    .data                                    0x20000014   Section       20  stm32f4_discovery.o(.data)
    .data                                    0x20000028   Section        1  driver_interface.o(.data)
    .data                                    0x2000002a   Section       10  timer.o(.data)
    .data                                    0x20000034   Section       16  timers.o(.data)
    xTimerQueue                              0x20000034   Data           4  timers.o(.data)
    xLastTime                                0x20000038   Data           4  timers.o(.data)
    pxCurrentTimerList                       0x2000003c   Data           4  timers.o(.data)
    pxOverflowTimerList                      0x20000040   Data           4  timers.o(.data)
    .data                                    0x20000044   Section       52  tasks.o(.data)
    uxCurrentNumberOfTasks                   0x20000048   Data           4  tasks.o(.data)
    xTickCount                               0x2000004c   Data           4  tasks.o(.data)
    uxTopReadyPriority                       0x20000050   Data           4  tasks.o(.data)
    xSchedulerRunning                        0x20000054   Data           4  tasks.o(.data)
    uxSchedulerSuspended                     0x20000058   Data           4  tasks.o(.data)
    uxPendedTicks                            0x2000005c   Data           4  tasks.o(.data)
    xYieldPending                            0x20000060   Data           4  tasks.o(.data)
    xNumOfOverflows                          0x20000064   Data           4  tasks.o(.data)
    uxTaskNumber                             0x20000068   Data           4  tasks.o(.data)
    xNextTaskUnblockTime                     0x2000006c   Data           4  tasks.o(.data)
    pxDelayedTaskList                        0x20000070   Data           4  tasks.o(.data)
    pxOverflowDelayedTaskList                0x20000074   Data           4  tasks.o(.data)
    .data                                    0x20000078   Section       24  port.o(.data)
    ucMaxSysCallPriority                     0x20000078   Data           1  port.o(.data)
    uxCriticalNesting                        0x2000007c   Data           4  port.o(.data)
    ulTimerCountsForOneTick                  0x20000080   Data           4  port.o(.data)
    xMaximumPossibleSuppressedTicks          0x20000084   Data           4  port.o(.data)
    ulStoppedTimerCompensation               0x20000088   Data           4  port.o(.data)
    ulMaxPRIGROUPValue                       0x2000008c   Data           4  port.o(.data)
    .data                                    0x20000090   Section       24  heap_2.o(.data)
    xFreeBytesRemaining                      0x20000090   Data           4  heap_2.o(.data)
    xHeapHasBeenInitialised                  0x20000094   Data           4  heap_2.o(.data)
    xStart                                   0x20000098   Data           8  heap_2.o(.data)
    xEnd                                     0x200000a0   Data           8  heap_2.o(.data)
    .data                                    0x200000a8   Section       16  stm32f4xx_rcc.o(.data)
    APBAHBPrescTable                         0x200000a8   Data          16  stm32f4xx_rcc.o(.data)
    .bss                                     0x200000b8   Section       20  can.o(.bss)
    RxMessage                                0x200000b8   Data          20  can.o(.bss)
    .bss                                     0x200000cc   Section      600  main.o(.bss)
    .bss                                     0x20000324   Section       20  main.o(.bss)
    RxMessage                                0x20000324   Data          20  main.o(.bss)
    .bss                                     0x20000338   Section       10  uart.o(.bss)
    .bss                                     0x20000344   Section       60  driver_interface.o(.bss)
    .bss                                     0x20000380   Section      208  adc.o(.bss)
    .bss                                     0x20000450   Section       40  timers.o(.bss)
    xActiveTimerList1                        0x20000450   Data          20  timers.o(.bss)
    xActiveTimerList2                        0x20000464   Data          20  timers.o(.bss)
    .bss                                     0x20000478   Section      180  tasks.o(.bss)
    pxReadyTasksLists                        0x20000478   Data         100  tasks.o(.bss)
    xDelayedTaskList1                        0x200004dc   Data          20  tasks.o(.bss)
    xDelayedTaskList2                        0x200004f0   Data          20  tasks.o(.bss)
    xPendingReadyList                        0x20000504   Data          20  tasks.o(.bss)
    xSuspendedTaskList                       0x20000518   Data          20  tasks.o(.bss)
    .bss                                     0x2000052c   Section    76800  heap_2.o(.bss)
    ucHeap                                   0x2000052c   Data       76800  heap_2.o(.bss)
    STACK                                    0x20013130   Section     1024  startup_stm32f4xx.o(STACK)

    Global Symbols

    Symbol Name                              Value     Ov Type        Size  Object(Section)

    BuildAttributes$$THM_ISAv4$E$P$D$K$B$S$7EM$VFPi3$EXTD16$VFPS$VFMA$PE$A:L22UL41UL21$X:L11$S22US41US21$IEEE1$IW$USESV6$~STKCKD$USESV7$~SHL$OTIME$ROPI$EBA8$MICROLIB$REQ8$PRES8$EABIv2 0x00000000   Number         0  anon$$obj.o ABSOLUTE
    __ARM_use_no_argv                        0x00000000   Number         0  main.o ABSOLUTE
    __cpp_initialize__aeabi_                  - Undefined Weak Reference
    __cxa_finalize                            - Undefined Weak Reference
    __decompress                              - Undefined Weak Reference
    _clock_init                               - Undefined Weak Reference
    _microlib_exit                            - Undefined Weak Reference
    __Vectors_Size                           0x00000188   Number         0  startup_stm32f4xx.o ABSOLUTE
    __Vectors                                0x08000000   Data           4  startup_stm32f4xx.o(RESET)
    __Vectors_End                            0x08000188   Data           0  startup_stm32f4xx.o(RESET)
    __main                                   0x08000189   Thumb Code     0  entry.o(.ARM.Collect$$$$00000000)
    _main_stk                                0x08000189   Thumb Code     0  entry2.o(.ARM.Collect$$$$00000001)
    _main_scatterload                        0x0800018d   Thumb Code     0  entry5.o(.ARM.Collect$$$$00000004)
    __main_after_scatterload                 0x08000191   Thumb Code     0  entry5.o(.ARM.Collect$$$$00000004)
    _main_clock                              0x08000191   Thumb Code     0  entry7b.o(.ARM.Collect$$$$00000008)
    _main_cpp_init                           0x08000191   Thumb Code     0  entry8b.o(.ARM.Collect$$$$0000000A)
    _main_init                               0x08000191   Thumb Code     0  entry9a.o(.ARM.Collect$$$$0000000B)
    __rt_final_cpp                           0x08000199   Thumb Code     0  entry10a.o(.ARM.Collect$$$$0000000D)
    __rt_final_exit                          0x08000199   Thumb Code     0  entry11a.o(.ARM.Collect$$$$0000000F)
    __asm___6_port_c_39a90d8d____REV16       0x0800019d   Thumb Code     4  port.o(.emb_text)
    __asm___6_port_c_39a90d8d____REVSH       0x080001a1   Thumb Code     4  port.o(.emb_text)
    SVC_Handler                              0x080001a5   Thumb Code    24  port.o(.emb_text)
    __asm___6_port_c_39a90d8d__prvStartFirstTask 0x080001c1   Thumb Code    16  port.o(.emb_text)
    __asm___6_port_c_39a90d8d__prvEnableVFP  0x080001d5   Thumb Code    16  port.o(.emb_text)
    PendSV_Handler                           0x080001e9   Thumb Code    76  port.o(.emb_text)
    ulPortSetInterruptMask                   0x08000239   Thumb Code    14  port.o(.emb_text)
    vPortClearInterruptMask                  0x08000247   Thumb Code     6  port.o(.emb_text)
    vPortGetIPSR                             0x0800024d   Thumb Code     6  port.o(.emb_text)
    Reset_Handler                            0x08000255   Thumb Code     8  startup_stm32f4xx.o(.text)
    ADC_IRQHandler                           0x0800026f   Thumb Code     0  startup_stm32f4xx.o(.text)
    CAN1_RX1_IRQHandler                      0x0800026f   Thumb Code     0  startup_stm32f4xx.o(.text)
    CAN1_SCE_IRQHandler                      0x0800026f   Thumb Code     0  startup_stm32f4xx.o(.text)
    CAN1_TX_IRQHandler                       0x0800026f   Thumb Code     0  startup_stm32f4xx.o(.text)
    CAN2_RX0_IRQHandler                      0x0800026f   Thumb Code     0  startup_stm32f4xx.o(.text)
    CAN2_RX1_IRQHandler                      0x0800026f   Thumb Code     0  startup_stm32f4xx.o(.text)
    CAN2_SCE_IRQHandler                      0x0800026f   Thumb Code     0  startup_stm32f4xx.o(.text)
    CAN2_TX_IRQHandler                       0x0800026f   Thumb Code     0  startup_stm32f4xx.o(.text)
    CRYP_IRQHandler                          0x0800026f   Thumb Code     0  startup_stm32f4xx.o(.text)
    DCMI_IRQHandler                          0x0800026f   Thumb Code     0  startup_stm32f4xx.o(.text)
    DMA1_Stream0_IRQHandler                  0x0800026f   Thumb Code     0  startup_stm32f4xx.o(.text)
    DMA1_Stream1_IRQHandler                  0x0800026f   Thumb Code     0  startup_stm32f4xx.o(.text)
    DMA1_Stream2_IRQHandler                  0x0800026f   Thumb Code     0  startup_stm32f4xx.o(.text)
    DMA1_Stream3_IRQHandler                  0x0800026f   Thumb Code     0  startup_stm32f4xx.o(.text)
    DMA1_Stream4_IRQHandler                  0x0800026f   Thumb Code     0  startup_stm32f4xx.o(.text)
    DMA1_Stream5_IRQHandler                  0x0800026f   Thumb Code     0  startup_stm32f4xx.o(.text)
    DMA1_Stream6_IRQHandler                  0x0800026f   Thumb Code     0  startup_stm32f4xx.o(.text)
    DMA1_Stream7_IRQHandler                  0x0800026f   Thumb Code     0  startup_stm32f4xx.o(.text)
    DMA2_Stream1_IRQHandler                  0x0800026f   Thumb Code     0  startup_stm32f4xx.o(.text)
    DMA2_Stream2_IRQHandler                  0x0800026f   Thumb Code     0  startup_stm32f4xx.o(.text)
    DMA2_Stream3_IRQHandler                  0x0800026f   Thumb Code     0  startup_stm32f4xx.o(.text)
    DMA2_Stream4_IRQHandler                  0x0800026f   Thumb Code     0  startup_stm32f4xx.o(.text)
    DMA2_Stream5_IRQHandler                  0x0800026f   Thumb Code     0  startup_stm32f4xx.o(.text)
    DMA2_Stream6_IRQHandler                  0x0800026f   Thumb Code     0  startup_stm32f4xx.o(.text)
    DMA2_Stream7_IRQHandler                  0x0800026f   Thumb Code     0  startup_stm32f4xx.o(.text)
    ETH_IRQHandler                           0x0800026f   Thumb Code     0  startup_stm32f4xx.o(.text)
    ETH_WKUP_IRQHandler                      0x0800026f   Thumb Code     0  startup_stm32f4xx.o(.text)
    EXTI15_10_IRQHandler                     0x0800026f   Thumb Code     0  startup_stm32f4xx.o(.text)
    EXTI1_IRQHandler                         0x0800026f   Thumb Code     0  startup_stm32f4xx.o(.text)
    EXTI2_IRQHandler                         0x0800026f   Thumb Code     0  startup_stm32f4xx.o(.text)
    EXTI3_IRQHandler                         0x0800026f   Thumb Code     0  startup_stm32f4xx.o(.text)
    EXTI4_IRQHandler                         0x0800026f   Thumb Code     0  startup_stm32f4xx.o(.text)
    EXTI9_5_IRQHandler                       0x0800026f   Thumb Code     0  startup_stm32f4xx.o(.text)
    FLASH_IRQHandler                         0x0800026f   Thumb Code     0  startup_stm32f4xx.o(.text)
    FPU_IRQHandler                           0x0800026f   Thumb Code     0  startup_stm32f4xx.o(.text)
    FSMC_IRQHandler                          0x0800026f   Thumb Code     0  startup_stm32f4xx.o(.text)
    HASH_RNG_IRQHandler                      0x0800026f   Thumb Code     0  startup_stm32f4xx.o(.text)
    I2C1_ER_IRQHandler                       0x0800026f   Thumb Code     0  startup_stm32f4xx.o(.text)
    I2C1_EV_IRQHandler                       0x0800026f   Thumb Code     0  startup_stm32f4xx.o(.text)
    I2C2_ER_IRQHandler                       0x0800026f   Thumb Code     0  startup_stm32f4xx.o(.text)
    I2C2_EV_IRQHandler                       0x0800026f   Thumb Code     0  startup_stm32f4xx.o(.text)
    I2C3_ER_IRQHandler                       0x0800026f   Thumb Code     0  startup_stm32f4xx.o(.text)
    I2C3_EV_IRQHandler                       0x0800026f   Thumb Code     0  startup_stm32f4xx.o(.text)
    OTG_HS_EP1_IN_IRQHandler                 0x0800026f   Thumb Code     0  startup_stm32f4xx.o(.text)
    OTG_HS_EP1_OUT_IRQHandler                0x0800026f   Thumb Code     0  startup_stm32f4xx.o(.text)
    OTG_HS_IRQHandler                        0x0800026f   Thumb Code     0  startup_stm32f4xx.o(.text)
    OTG_HS_WKUP_IRQHandler                   0x0800026f   Thumb Code     0  startup_stm32f4xx.o(.text)
    PVD_IRQHandler                           0x0800026f   Thumb Code     0  startup_stm32f4xx.o(.text)
    RCC_IRQHandler                           0x0800026f   Thumb Code     0  startup_stm32f4xx.o(.text)
    RTC_Alarm_IRQHandler                     0x0800026f   Thumb Code     0  startup_stm32f4xx.o(.text)
    RTC_WKUP_IRQHandler                      0x0800026f   Thumb Code     0  startup_stm32f4xx.o(.text)
    SDIO_IRQHandler                          0x0800026f   Thumb Code     0  startup_stm32f4xx.o(.text)
    SPI1_IRQHandler                          0x0800026f   Thumb Code     0  startup_stm32f4xx.o(.text)
    SPI2_IRQHandler                          0x0800026f   Thumb Code     0  startup_stm32f4xx.o(.text)
    SPI3_IRQHandler                          0x0800026f   Thumb Code     0  startup_stm32f4xx.o(.text)
    TAMP_STAMP_IRQHandler                    0x0800026f   Thumb Code     0  startup_stm32f4xx.o(.text)
    TIM1_BRK_TIM9_IRQHandler                 0x0800026f   Thumb Code     0  startup_stm32f4xx.o(.text)
    TIM1_CC_IRQHandler                       0x0800026f   Thumb Code     0  startup_stm32f4xx.o(.text)
    TIM1_TRG_COM_TIM11_IRQHandler            0x0800026f   Thumb Code     0  startup_stm32f4xx.o(.text)
    TIM1_UP_TIM10_IRQHandler                 0x0800026f   Thumb Code     0  startup_stm32f4xx.o(.text)
    TIM2_IRQHandler                          0x0800026f   Thumb Code     0  startup_stm32f4xx.o(.text)
    TIM3_IRQHandler                          0x0800026f   Thumb Code     0  startup_stm32f4xx.o(.text)
    TIM4_IRQHandler                          0x0800026f   Thumb Code     0  startup_stm32f4xx.o(.text)
    TIM5_IRQHandler                          0x0800026f   Thumb Code     0  startup_stm32f4xx.o(.text)
    TIM6_DAC_IRQHandler                      0x0800026f   Thumb Code     0  startup_stm32f4xx.o(.text)
    TIM7_IRQHandler                          0x0800026f   Thumb Code     0  startup_stm32f4xx.o(.text)
    TIM8_BRK_TIM12_IRQHandler                0x0800026f   Thumb Code     0  startup_stm32f4xx.o(.text)
    TIM8_CC_IRQHandler                       0x0800026f   Thumb Code     0  startup_stm32f4xx.o(.text)
    TIM8_TRG_COM_TIM14_IRQHandler            0x0800026f   Thumb Code     0  startup_stm32f4xx.o(.text)
    TIM8_UP_TIM13_IRQHandler                 0x0800026f   Thumb Code     0  startup_stm32f4xx.o(.text)
    UART4_IRQHandler                         0x0800026f   Thumb Code     0  startup_stm32f4xx.o(.text)
    UART5_IRQHandler                         0x0800026f   Thumb Code     0  startup_stm32f4xx.o(.text)
    USART1_IRQHandler                        0x0800026f   Thumb Code     0  startup_stm32f4xx.o(.text)
    USART2_IRQHandler                        0x0800026f   Thumb Code     0  startup_stm32f4xx.o(.text)
    USART3_IRQHandler                        0x0800026f   Thumb Code     0  startup_stm32f4xx.o(.text)
    USART6_IRQHandler                        0x0800026f   Thumb Code     0  startup_stm32f4xx.o(.text)
    WWDG_IRQHandler                          0x0800026f   Thumb Code     0  startup_stm32f4xx.o(.text)
    __aeabi_memcpy                           0x08000279   Thumb Code    36  memcpya.o(.text)
    __aeabi_memcpy4                          0x08000279   Thumb Code     0  memcpya.o(.text)
    __aeabi_memcpy8                          0x08000279   Thumb Code     0  memcpya.o(.text)
    __aeabi_memset                           0x0800029d   Thumb Code    14  memseta.o(.text)
    __aeabi_memset4                          0x0800029d   Thumb Code     0  memseta.o(.text)
    __aeabi_memset8                          0x0800029d   Thumb Code     0  memseta.o(.text)
    __aeabi_memclr                           0x080002ab   Thumb Code     4  memseta.o(.text)
    __aeabi_memclr4                          0x080002ab   Thumb Code     0  memseta.o(.text)
    __aeabi_memclr8                          0x080002ab   Thumb Code     0  memseta.o(.text)
    _memset$wrapper                          0x080002af   Thumb Code    18  memseta.o(.text)
    __scatterload                            0x080002c1   Thumb Code    28  init.o(.text)
    __scatterload_rt2                        0x080002c1   Thumb Code     0  init.o(.text)
    ADC_Cmd                                  0x080002e5   Thumb Code    20  stm32f4xx_adc.o(i.ADC_Cmd)
    ADC_CommonInit                           0x080002f9   Thumb Code    30  stm32f4xx_adc.o(i.ADC_CommonInit)
    ADC_DMACmd                               0x08000321   Thumb Code    20  stm32f4xx_adc.o(i.ADC_DMACmd)
    ADC_DMARequestAfterLastTransferCmd       0x08000335   Thumb Code    20  stm32f4xx_adc.o(i.ADC_DMARequestAfterLastTransferCmd)
    ADC_DeInit                               0x08000349   Thumb Code    24  stm32f4xx_adc.o(i.ADC_DeInit)
    ADC_Init                                 0x08000361   Thumb Code    66  stm32f4xx_adc.o(i.ADC_Init)
    ADC_RegularChannelConfig                 0x080003ad   Thumb Code   116  stm32f4xx_adc.o(i.ADC_RegularChannelConfig)
    ADC_SoftwareStartConv                    0x08000421   Thumb Code    10  stm32f4xx_adc.o(i.ADC_SoftwareStartConv)
    BusFault_Handler                         0x0800042b   Thumb Code     2  stm32f4xx_it.o(i.BusFault_Handler)
    CAN1_RX0_IRQHandler                      0x0800042d   Thumb Code    50  can.o(i.CAN1_RX0_IRQHandler)
    CAN_ClearITPendingBit                    0x08000469   Thumb Code   116  stm32f4xx_can.o(i.CAN_ClearITPendingBit)
    CAN_DeInit                               0x080004e1   Thumb Code    38  stm32f4xx_can.o(i.CAN_DeInit)
    CAN_FIFORelease                          0x0800050d   Thumb Code    22  stm32f4xx_can.o(i.CAN_FIFORelease)
    CAN_FilterInit                           0x08000525   Thumb Code   190  stm32f4xx_can.o(i.CAN_FilterInit)
    CAN_GetFlagStatus                        0x080005e9   Thumb Code    52  stm32f4xx_can.o(i.CAN_GetFlagStatus)
    CAN_GetITStatus                          0x0800061d   Thumb Code   162  stm32f4xx_can.o(i.CAN_GetITStatus)
    CAN_Init                                 0x080006c5   Thumb Code   232  stm32f4xx_can.o(i.CAN_Init)
    CAN_Receive                              0x080007ad   Thumb Code   126  stm32f4xx_can.o(i.CAN_Receive)
    CAN_ReceiverInit                         0x0800082b   Thumb Code    26  can.o(i.CAN_ReceiverInit)
    CAN_Transmit                             0x08000845   Thumb Code   152  stm32f4xx_can.o(i.CAN_Transmit)
    CAN_configureFilter                      0x080008dd   Thumb Code    58  can.o(i.CAN_configureFilter)
    CAN_createMessage_uint                   0x08000917   Thumb Code    52  can.o(i.CAN_createMessage_uint)
    DMA2_Stream0_IRQHandler                  0x08000959   Thumb Code    52  adc.o(i.DMA2_Stream0_IRQHandler)
    DMA_ClearFlag                            0x0800099d   Thumb Code    32  stm32f4xx_dma.o(i.DMA_ClearFlag)
    DMA_Cmd                                  0x080009c9   Thumb Code    20  stm32f4xx_dma.o(i.DMA_Cmd)
    DMA_Config                               0x080009dd   Thumb Code    82  adc.o(i.DMA_Config)
    DMA_GetITStatus                          0x08000a3d   Thumb Code    68  stm32f4xx_dma.o(i.DMA_GetITStatus)
    DMA_ITConfig                             0x08000a91   Thumb Code    52  stm32f4xx_dma.o(i.DMA_ITConfig)
    DMA_Init                                 0x08000ac5   Thumb Code    80  stm32f4xx_dma.o(i.DMA_Init)
    DebugMon_Handler                         0x08000b19   Thumb Code     2  stm32f4xx_it.o(i.DebugMon_Handler)
    EXTI0_IRQHandler                         0x08000b1b   Thumb Code     2  stm32f4xx_it.o(i.EXTI0_IRQHandler)
    GPIO_Init                                0x08000b1d   Thumb Code   162  stm32f4xx_gpio.o(i.GPIO_Init)
    GPIO_PinAFConfig                         0x08000bbf   Thumb Code    32  stm32f4xx_gpio.o(i.GPIO_PinAFConfig)
    GPIO_ReadInputDataBit                    0x08000bdf   Thumb Code    14  stm32f4xx_gpio.o(i.GPIO_ReadInputDataBit)
    GPIO_ResetBits                           0x08000bed   Thumb Code     4  stm32f4xx_gpio.o(i.GPIO_ResetBits)
    GPIO_SetBits                             0x08000bf1   Thumb Code     4  stm32f4xx_gpio.o(i.GPIO_SetBits)
    HardFault_Handler                        0x08000bf5   Thumb Code     2  stm32f4xx_it.o(i.HardFault_Handler)
    MemManage_Handler                        0x08000bf7   Thumb Code     2  stm32f4xx_it.o(i.MemManage_Handler)
    NMI_Handler                              0x08000bf9   Thumb Code     2  stm32f4xx_it.o(i.NMI_Handler)
    NVIC_Config_adc                          0x08000bfb   Thumb Code    32  adc.o(i.NVIC_Config_adc)
    NVIC_Init                                0x08000c1d   Thumb Code    92  misc.o(i.NVIC_Init)
    NVIC_PriorityGroupConfig                 0x08000c81   Thumb Code    10  misc.o(i.NVIC_PriorityGroupConfig)
    OTG_FS_IRQHandler                        0x08000c95   Thumb Code     2  stm32f4xx_it.o(i.OTG_FS_IRQHandler)
    OTG_FS_WKUP_IRQHandler                   0x08000c97   Thumb Code     2  stm32f4xx_it.o(i.OTG_FS_WKUP_IRQHandler)
    RCC_AHB1PeriphClockCmd                   0x08000c99   Thumb Code    18  stm32f4xx_rcc.o(i.RCC_AHB1PeriphClockCmd)
    RCC_APB1PeriphClockCmd                   0x08000cb1   Thumb Code    18  stm32f4xx_rcc.o(i.RCC_APB1PeriphClockCmd)
    RCC_APB1PeriphResetCmd                   0x08000cc9   Thumb Code    18  stm32f4xx_rcc.o(i.RCC_APB1PeriphResetCmd)
    RCC_APB2PeriphClockCmd                   0x08000ce1   Thumb Code    18  stm32f4xx_rcc.o(i.RCC_APB2PeriphClockCmd)
    RCC_APB2PeriphResetCmd                   0x08000cf9   Thumb Code    18  stm32f4xx_rcc.o(i.RCC_APB2PeriphResetCmd)
    RCC_GetClocksFreq                        0x08000d11   Thumb Code   132  stm32f4xx_rcc.o(i.RCC_GetClocksFreq)
    STM_EVAL_LEDOn                           0x08000da1   Thumb Code    16  stm32f4_discovery.o(i.STM_EVAL_LEDOn)
    STM_EVAL_LEDToggle                       0x08000db9   Thumb Code    20  stm32f4_discovery.o(i.STM_EVAL_LEDToggle)
    SwitchWarningLight                       0x08000e89   Thumb Code    28  driver_interface.o(i.SwitchWarningLight)
    SysTick_Handler                          0x08000ea9   Thumb Code    30  port.o(i.SysTick_Handler)
    SystemInit                               0x08000ecd   Thumb Code    74  system_stm32f4xx.o(i.SystemInit)
    TIM_ClearFlag                            0x08000f8d   Thumb Code     6  stm32f4xx_tim.o(i.TIM_ClearFlag)
    TIM_Cmd                                  0x08000f93   Thumb Code    20  stm32f4xx_tim.o(i.TIM_Cmd)
    TIM_GetCapture1                          0x08000fa7   Thumb Code     4  stm32f4xx_tim.o(i.TIM_GetCapture1)
    TIM_GetCapture2                          0x08000fab   Thumb Code     4  stm32f4xx_tim.o(i.TIM_GetCapture2)
    TIM_GetFlagStatus                        0x08000faf   Thumb Code    14  stm32f4xx_tim.o(i.TIM_GetFlagStatus)
    TIM_ICInit                               0x08000fbd   Thumb Code   172  stm32f4xx_tim.o(i.TIM_ICInit)
    TIM_OC1Init                              0x08001069   Thumb Code    88  stm32f4xx_tim.o(i.TIM_OC1Init)
    TIM_OC1PreloadConfig                     0x080010c9   Thumb Code    12  stm32f4xx_tim.o(i.TIM_OC1PreloadConfig)
    TIM_OC2Init                              0x080010d5   Thumb Code   120  stm32f4xx_tim.o(i.TIM_OC2Init)
    TIM_OC2PreloadConfig                     0x08001155   Thumb Code    20  stm32f4xx_tim.o(i.TIM_OC2PreloadConfig)
    TIM_SetIC1Prescaler                      0x08001169   Thumb Code    16  stm32f4xx_tim.o(i.TIM_SetIC1Prescaler)
    TIM_SetIC2Prescaler                      0x08001179   Thumb Code    24  stm32f4xx_tim.o(i.TIM_SetIC2Prescaler)
    TIM_SetIC3Prescaler                      0x08001191   Thumb Code    16  stm32f4xx_tim.o(i.TIM_SetIC3Prescaler)
    TIM_SetIC4Prescaler                      0x080011a1   Thumb Code    24  stm32f4xx_tim.o(i.TIM_SetIC4Prescaler)
    TIM_TimeBaseInit                         0x080011b9   Thumb Code    96  stm32f4xx_tim.o(i.TIM_TimeBaseInit)
    UART_DMA_Config                          0x08001235   Thumb Code    80  uart.o(i.UART_DMA_Config)
    USART_Cmd                                0x08001291   Thumb Code    20  stm32f4xx_usart.o(i.USART_Cmd)
    USART_DMACmd                             0x080012a5   Thumb Code    16  stm32f4xx_usart.o(i.USART_DMACmd)
    USART_Init                               0x080012b5   Thumb Code   174  stm32f4xx_usart.o(i.USART_Init)
    UsageFault_Handler                       0x0800136d   Thumb Code     2  stm32f4xx_it.o(i.UsageFault_Handler)
    __scatterload_copy                       0x0800136f   Thumb Code    14  handlers.o(i.__scatterload_copy)
    __scatterload_null                       0x0800137d   Thumb Code     2  handlers.o(i.__scatterload_null)
    __scatterload_zeroinit                   0x0800137f   Thumb Code    14  handlers.o(i.__scatterload_zeroinit)
    calculateWheelSpeedLeft                  0x0800138d   Thumb Code   116  timer.o(i.calculateWheelSpeedLeft)
    calculateWheelSpeedRight                 0x0800140d   Thumb Code   116  timer.o(i.calculateWheelSpeedRight)
    coolingControl                           0x0800148d   Thumb Code    60  safety.o(i.coolingControl)
    createTaskDAQ                            0x080014cd   Thumb Code    46  main.o(i.createTaskDAQ)
    debounceInput                            0x08001515   Thumb Code    54  driver_interface.o(i.debounceInput)
    eTaskConfirmSleepModeStatus              0x08001551   Thumb Code    22  tasks.o(i.eTaskConfirmSleepModeStatus)
    init_ADC                                 0x08001571   Thumb Code   276  adc.o(i.init_ADC)
    init_CAN_Communication                   0x08001695   Thumb Code   162  can.o(i.init_CAN_Communication)
    init_actuators                           0x08001745   Thumb Code   142  actuator.o(i.init_actuators)
    init_driverInterface                     0x080017e9   Thumb Code   164  driver_interface.o(i.init_driverInterface)
    init_inputCapture                        0x080018a1   Thumb Code   220  timer.o(i.init_inputCapture)
    init_pwm_config                          0x08001985   Thumb Code   120  timer.o(i.init_pwm_config)
    init_uart                                0x08001a0d   Thumb Code   166  uart.o(i.init_uart)
    initializeSystem                         0x08001abd   Thumb Code    84  main.o(i.initializeSystem)
    main                                     0x08001b15   Thumb Code   218  main.o(i.main)
    processAdcSamples                        0x08001cad   Thumb Code    30  adc.o(i.processAdcSamples)
    pvPortMalloc                             0x080020b1   Thumb Code   170  heap_2.o(i.pvPortMalloc)
    pxPortInitialiseStack                    0x08002169   Thumb Code    34  port.o(i.pxPortInitialiseStack)
    readMessages                             0x0800218d   Thumb Code   152  can.o(i.readMessages)
    safetyCheck                              0x08002235   Thumb Code    60  safety.o(i.safetyCheck)
    saveRawADCData                           0x08002275   Thumb Code    30  adc.o(i.saveRawADCData)
    sendBrakeDiscTemp                        0x0800229d   Thumb Code    78  daq.o(i.sendBrakeDiscTemp)
    sendBrakePressure                        0x080022f5   Thumb Code    90  daq.o(i.sendBrakePressure)
    sendDamperPosition                       0x08002359   Thumb Code    90  daq.o(i.sendDamperPosition)
    sendSteeringAngle                        0x080023bd   Thumb Code    78  daq.o(i.sendSteeringAngle)
    sendWheelSpeed                           0x08002415   Thumb Code    74  daq.o(i.sendWheelSpeed)
    setCoolantPumpSpeed                      0x08002469   Thumb Code    66  safety.o(i.setCoolantPumpSpeed)
    setFanSpeed                              0x080024b1   Thumb Code    66  safety.o(i.setFanSpeed)
    switchAction                             0x080024f9   Thumb Code   186  driver_interface.o(i.switchAction)
    updateSwitches                           0x080025c1   Thumb Code   186  driver_interface.o(i.updateSwitches)
    uxListRemove                             0x08002689   Thumb Code    36  list.o(i.uxListRemove)
    vCoolingSystem                           0x080026ad   Thumb Code    12  main.o(i.vCoolingSystem)
    vListInitialise                          0x080026b9   Thumb Code    22  list.o(i.vListInitialise)
    vListInitialiseItem                      0x080026cf   Thumb Code     6  list.o(i.vListInitialiseItem)
    vListInsert                              0x080026d5   Thumb Code    48  list.o(i.vListInsert)
    vListInsertEnd                           0x08002705   Thumb Code    24  list.o(i.vListInsertEnd)
    vPortEnterCritical                       0x0800271d   Thumb Code    24  port.o(i.vPortEnterCritical)
    vPortExitCritical                        0x08002739   Thumb Code    16  port.o(i.vPortExitCritical)
    vPortFree                                0x0800274d   Thumb Code    56  heap_2.o(i.vPortFree)
    vPortSetupTimerInterrupt                 0x08002789   Thumb Code    52  port.o(i.vPortSetupTimerInterrupt)
    vPortSuppressTicksAndSleep               0x080027c5   Thumb Code   186  port.o(i.vPortSuppressTicksAndSleep)
    vPortValidateInterruptPriority           0x08002885   Thumb Code    56  port.o(i.vPortValidateInterruptPriority)
    vPortYield                               0x080028c5   Thumb Code    18  port.o(i.vPortYield)
    vQueueWaitForMessageRestricted           0x080028dd   Thumb Code    58  queue.o(i.vQueueWaitForMessageRestricted)
    vRecieveCan                              0x08002917   Thumb Code    12  main.o(i.vRecieveCan)
    vSafetyCheck                             0x08002923   Thumb Code    12  main.o(i.vSafetyCheck)
    vSendBrakeDisc                           0x0800292f   Thumb Code    12  main.o(i.vSendBrakeDisc)
    vSendBreakPressureData                   0x0800293b   Thumb Code    12  main.o(i.vSendBreakPressureData)
    vSendDamperTravel                        0x08002947   Thumb Code    12  main.o(i.vSendDamperTravel)
    vSendSteeringAngle                       0x08002953   Thumb Code    12  main.o(i.vSendSteeringAngle)
    vSendWheelSpeed                          0x0800295f   Thumb Code    12  main.o(i.vSendWheelSpeed)
    vTaskDelay                               0x0800296d   Thumb Code    48  tasks.o(i.vTaskDelay)
    vTaskMissedYield                         0x080029a1   Thumb Code     8  tasks.o(i.vTaskMissedYield)
    vTaskPlaceOnEventList                    0x080029ad   Thumb Code    60  tasks.o(i.vTaskPlaceOnEventList)
    vTaskPlaceOnEventListRestricted          0x080029f1   Thumb Code    42  tasks.o(i.vTaskPlaceOnEventListRestricted)
    vTaskPriorityDisinherit                  0x08002a21   Thumb Code    64  tasks.o(i.vTaskPriorityDisinherit)
    vTaskPriorityInherit                     0x08002a69   Thumb Code    92  tasks.o(i.vTaskPriorityInherit)
    vTaskSetTimeOutState                     0x08002acd   Thumb Code    22  tasks.o(i.vTaskSetTimeOutState)
    vTaskStartScheduler                      0x08002ae9   Thumb Code    68  tasks.o(i.vTaskStartScheduler)
    vTaskStepTick                            0x08002b3d   Thumb Code    28  tasks.o(i.vTaskStepTick)
    vTaskSuspendAll                          0x08002b5d   Thumb Code    10  tasks.o(i.vTaskSuspendAll)
    vTaskSwitchContext                       0x08002b6d   Thumb Code    78  tasks.o(i.vTaskSwitchContext)
    vUpdateSensors                           0x08002bc5   Thumb Code    16  main.o(i.vUpdateSensors)
    vUpdateWheelSpeedLeft                    0x08002bd5   Thumb Code    12  main.o(i.vUpdateWheelSpeedLeft)
    vUpdateWheelSpeedRight                   0x08002be1   Thumb Code    12  main.o(i.vUpdateWheelSpeedRight)
    xPortStartScheduler                      0x08002bed   Thumb Code   120  port.o(i.xPortStartScheduler)
    xQueueGenericCreate                      0x08002c75   Thumb Code    60  queue.o(i.xQueueGenericCreate)
    xQueueGenericReceive                     0x08002cb1   Thumb Code   286  queue.o(i.xQueueGenericReceive)
    xQueueGenericReset                       0x08002dcf   Thumb Code   106  queue.o(i.xQueueGenericReset)
    xQueueGenericSend                        0x08002e39   Thumb Code   256  queue.o(i.xQueueGenericSend)
    xQueueGenericSendFromISR                 0x08002f39   Thumb Code   140  queue.o(i.xQueueGenericSendFromISR)
    xTaskCheckForTimeOut                     0x08002fc5   Thumb Code    82  tasks.o(i.xTaskCheckForTimeOut)
    xTaskGenericCreate                       0x0800301d   Thumb Code   364  tasks.o(i.xTaskGenericCreate)
    xTaskGetCurrentTaskHandle                0x08003191   Thumb Code     6  tasks.o(i.xTaskGetCurrentTaskHandle)
    xTaskGetSchedulerState                   0x0800319d   Thumb Code    22  tasks.o(i.xTaskGetSchedulerState)
    xTaskGetTickCount                        0x080031b9   Thumb Code    18  tasks.o(i.xTaskGetTickCount)
    xTaskIncrementTick                       0x080031d1   Thumb Code   194  tasks.o(i.xTaskIncrementTick)
    xTaskRemoveFromEventList                 0x0800329d   Thumb Code    88  tasks.o(i.xTaskRemoveFromEventList)
    xTaskResumeAll                           0x080032fd   Thumb Code   170  tasks.o(i.xTaskResumeAll)
    xTimerCreateTimerTask                    0x080033b1   Thumb Code    50  timers.o(i.xTimerCreateTimerTask)
    xTimerGenericCommand                     0x080033f5   Thumb Code    66  timers.o(i.xTimerGenericCommand)
    BUTTON_PORT_SOURCE                       0x0800343c   Data           1  stm32f4_discovery.o(.constdata)
    BUTTON_PIN_SOURCE                        0x0800343d   Data           1  stm32f4_discovery.o(.constdata)
    BUTTON_IRQn                              0x0800343e   Data           1  stm32f4_discovery.o(.constdata)
    BUTTON_PIN                               0x08003440   Data           2  stm32f4_discovery.o(.constdata)
    BUTTON_EXTI_LINE                         0x08003442   Data           2  stm32f4_discovery.o(.constdata)
    BUTTON_CLK                               0x08003444   Data           4  stm32f4_discovery.o(.constdata)
    GPIO_PIN                                 0x08003448   Data           8  stm32f4_discovery.o(.constdata)
    GPIO_CLK                                 0x08003450   Data          16  stm32f4_discovery.o(.constdata)
    Region$$Table$$Base                      0x08003460   Number         0  anon$$obj.o(Region$$Table)
    Region$$Table$$Limit                     0x08003480   Number         0  anon$$obj.o(Region$$Table)
    SystemCoreClock                          0x20000000   Data           4  system_stm32f4xx.o(.data)
    AHBPrescTable                            0x20000004   Data          16  system_stm32f4xx.o(.data)
    BUTTON_PORT                              0x20000014   Data           4  stm32f4_discovery.o(.data)
    GPIO_PORT                                0x20000018   Data          16  stm32f4_discovery.o(.data)
    previousSwitchStates                     0x20000028   Data           1  driver_interface.o(.data)
    CaptureNumberLeft                        0x2000002a   Data           1  timer.o(.data)
    CaptureNumberRight                       0x2000002b   Data           1  timer.o(.data)
    counterLeft                              0x2000002c   Data           2  timer.o(.data)
    counterRight                             0x2000002e   Data           2  timer.o(.data)
    TimeL                                    0x20000030   Data           2  timer.o(.data)
    TimeR                                    0x20000032   Data           2  timer.o(.data)
    pxCurrentTCB                             0x20000044   Data           4  tasks.o(.data)
    sensorData                               0x200000cc   Data         600  main.o(.bss)
    RxBuffer                                 0x20000338   Data          10  uart.o(.bss)
    debounce                                 0x20000344   Data          20  driver_interface.o(.bss)
    rawDigitalState                          0x20000358   Data          40  driver_interface.o(.bss)
    rawAnalogState                           0x20000380   Data          32  adc.o(.bss)
    RAW_ADC                                  0x200003a0   Data         160  adc.o(.bss)
    ADCValues                                0x20000440   Data          16  adc.o(.bss)
    __initial_sp                             0x20013530   Data           0  startup_stm32f4xx.o(STACK)



==============================================================================

Memory Map of the image

  Image Entry point : 0x08000255

  Load Region LR_1 (Base: 0x08000000, Size: 0x00003538, Max: 0xffffffff, ABSOLUTE)

    Execution Region ER_RO (Base: 0x08000000, Size: 0x00003480, Max: 0xffffffff, ABSOLUTE)

    Base Addr    Size         Type   Attr      Idx    E Section Name        Object

    0x08000000   0x00000188   Data   RO          139    RESET               startup_stm32f4xx.o
    0x08000188   0x00000000   Code   RO         4263  * .ARM.Collect$$$$00000000  mc_w.l(entry.o)
    0x08000188   0x00000004   Code   RO         4280    .ARM.Collect$$$$00000001  mc_w.l(entry2.o)
    0x0800018c   0x00000004   Code   RO         4283    .ARM.Collect$$$$00000004  mc_w.l(entry5.o)
    0x08000190   0x00000000   Code   RO         4285    .ARM.Collect$$$$00000008  mc_w.l(entry7b.o)
    0x08000190   0x00000000   Code   RO         4287    .ARM.Collect$$$$0000000A  mc_w.l(entry8b.o)
    0x08000190   0x00000008   Code   RO         4288    .ARM.Collect$$$$0000000B  mc_w.l(entry9a.o)
    0x08000198   0x00000000   Code   RO         4290    .ARM.Collect$$$$0000000D  mc_w.l(entry10a.o)
    0x08000198   0x00000000   Code   RO         4292    .ARM.Collect$$$$0000000F  mc_w.l(entry11a.o)
    0x08000198   0x00000004   Code   RO         4281    .ARM.Collect$$$$00002712  mc_w.l(entry2.o)
    0x0800019c   0x000000b6   Code   RO         1537    .emb_text           port.o
    0x08000252   0x00000002   PAD
    0x08000254   0x00000024   Code   RO          140  * .text               startup_stm32f4xx.o
    0x08000278   0x00000024   Code   RO         4266    .text               mc_w.l(memcpya.o)
    0x0800029c   0x00000024   Code   RO         4268    .text               mc_w.l(memseta.o)
    0x080002c0   0x00000024   Code   RO         4299    .text               mc_w.l(init.o)
    0x080002e4   0x00000014   Code   RO         1692    i.ADC_Cmd           stm32f4xx_adc.o
    0x080002f8   0x00000028   Code   RO         1693    i.ADC_CommonInit    stm32f4xx_adc.o
    0x08000320   0x00000014   Code   RO         1696    i.ADC_DMACmd        stm32f4xx_adc.o
    0x08000334   0x00000014   Code   RO         1697    i.ADC_DMARequestAfterLastTransferCmd  stm32f4xx_adc.o
    0x08000348   0x00000018   Code   RO         1698    i.ADC_DeInit        stm32f4xx_adc.o
    0x08000360   0x0000004c   Code   RO         1712    i.ADC_Init          stm32f4xx_adc.o
    0x080003ac   0x00000074   Code   RO         1717    i.ADC_RegularChannelConfig  stm32f4xx_adc.o
    0x08000420   0x0000000a   Code   RO         1719    i.ADC_SoftwareStartConv  stm32f4xx_adc.o
    0x0800042a   0x00000002   Code   RO          202    i.BusFault_Handler  stm32f4xx_it.o
    0x0800042c   0x0000003c   Code   RO          266    i.CAN1_RX0_IRQHandler  can.o
    0x08000468   0x00000078   Code   RO         1926    i.CAN_ClearITPendingBit  stm32f4xx_can.o
    0x080004e0   0x0000002c   Code   RO         1928    i.CAN_DeInit        stm32f4xx_can.o
    0x0800050c   0x00000016   Code   RO         1929    i.CAN_FIFORelease   stm32f4xx_can.o
    0x08000522   0x00000002   PAD
    0x08000524   0x000000c4   Code   RO         1930    i.CAN_FilterInit    stm32f4xx_can.o
    0x080005e8   0x00000034   Code   RO         1931    i.CAN_GetFlagStatus  stm32f4xx_can.o
    0x0800061c   0x000000a8   Code   RO         1932    i.CAN_GetITStatus   stm32f4xx_can.o
    0x080006c4   0x000000e8   Code   RO         1937    i.CAN_Init          stm32f4xx_can.o
    0x080007ac   0x0000007e   Code   RO         1940    i.CAN_Receive       stm32f4xx_can.o
    0x0800082a   0x0000001a   Code   RO          267    i.CAN_ReceiverInit  can.o
    0x08000844   0x00000098   Code   RO         1945    i.CAN_Transmit      stm32f4xx_can.o
    0x080008dc   0x0000003a   Code   RO          268    i.CAN_configureFilter  can.o
    0x08000916   0x00000034   Code   RO          270    i.CAN_createMessage_uint  can.o
    0x0800094a   0x0000000c   Code   RO         1948    i.CheckITStatus     stm32f4xx_can.o
    0x08000956   0x00000002   PAD
    0x08000958   0x00000044   Code   RO          664    i.DMA2_Stream0_IRQHandler  adc.o
    0x0800099c   0x0000002c   Code   RO         2195    i.DMA_ClearFlag     stm32f4xx_dma.o
    0x080009c8   0x00000014   Code   RO         2197    i.DMA_Cmd           stm32f4xx_dma.o
    0x080009dc   0x00000060   Code   RO          665    i.DMA_Config        adc.o
    0x08000a3c   0x00000054   Code   RO         2207    i.DMA_GetITStatus   stm32f4xx_dma.o
    0x08000a90   0x00000034   Code   RO         2208    i.DMA_ITConfig      stm32f4xx_dma.o
    0x08000ac4   0x00000054   Code   RO         2209    i.DMA_Init          stm32f4xx_dma.o
    0x08000b18   0x00000002   Code   RO          203    i.DebugMon_Handler  stm32f4xx_it.o
    0x08000b1a   0x00000002   Code   RO          204    i.EXTI0_IRQHandler  stm32f4xx_it.o
    0x08000b1c   0x000000a2   Code   RO         2378    i.GPIO_Init         stm32f4xx_gpio.o
    0x08000bbe   0x00000020   Code   RO         2379    i.GPIO_PinAFConfig  stm32f4xx_gpio.o
    0x08000bde   0x0000000e   Code   RO         2382    i.GPIO_ReadInputDataBit  stm32f4xx_gpio.o
    0x08000bec   0x00000004   Code   RO         2385    i.GPIO_ResetBits    stm32f4xx_gpio.o
    0x08000bf0   0x00000004   Code   RO         2386    i.GPIO_SetBits      stm32f4xx_gpio.o
    0x08000bf4   0x00000002   Code   RO          205    i.HardFault_Handler  stm32f4xx_it.o
    0x08000bf6   0x00000002   Code   RO          206    i.MemManage_Handler  stm32f4xx_it.o
    0x08000bf8   0x00000002   Code   RO          207    i.NMI_Handler       stm32f4xx_it.o
    0x08000bfa   0x00000020   Code   RO          667    i.NVIC_Config_adc   adc.o
    0x08000c1a   0x00000002   PAD
    0x08000c1c   0x00000064   Code   RO         1646    i.NVIC_Init         misc.o
    0x08000c80   0x00000014   Code   RO         1647    i.NVIC_PriorityGroupConfig  misc.o
    0x08000c94   0x00000002   Code   RO          208    i.OTG_FS_IRQHandler  stm32f4xx_it.o
    0x08000c96   0x00000002   Code   RO          209    i.OTG_FS_WKUP_IRQHandler  stm32f4xx_it.o
    0x08000c98   0x00000018   Code   RO         2725    i.RCC_AHB1PeriphClockCmd  stm32f4xx_rcc.o
    0x08000cb0   0x00000018   Code   RO         2734    i.RCC_APB1PeriphClockCmd  stm32f4xx_rcc.o
    0x08000cc8   0x00000018   Code   RO         2736    i.RCC_APB1PeriphResetCmd  stm32f4xx_rcc.o
    0x08000ce0   0x00000018   Code   RO         2737    i.RCC_APB2PeriphClockCmd  stm32f4xx_rcc.o
    0x08000cf8   0x00000018   Code   RO         2739    i.RCC_APB2PeriphResetCmd  stm32f4xx_rcc.o
    0x08000d10   0x00000090   Code   RO         2746    i.RCC_GetClocksFreq  stm32f4xx_rcc.o
    0x08000da0   0x00000018   Code   RO          147    i.STM_EVAL_LEDOn    stm32f4_discovery.o
    0x08000db8   0x0000001c   Code   RO          148    i.STM_EVAL_LEDToggle  stm32f4_discovery.o
    0x08000dd4   0x000000b4   Code   RO            2    i.SetSysClock       system_stm32f4xx.o
    0x08000e88   0x00000020   Code   RO          606    i.SwitchWarningLight  driver_interface.o
    0x08000ea8   0x00000024   Code   RO         1538    i.SysTick_Handler   port.o
    0x08000ecc   0x0000005c   Code   RO            4    i.SystemInit        system_stm32f4xx.o
    0x08000f28   0x0000002e   Code   RO         3479    i.TI1_Config        stm32f4xx_tim.o
    0x08000f56   0x00000036   Code   RO         3480    i.TI2_Config        stm32f4xx_tim.o
    0x08000f8c   0x00000006   Code   RO         3487    i.TIM_ClearFlag     stm32f4xx_tim.o
    0x08000f92   0x00000014   Code   RO         3493    i.TIM_Cmd           stm32f4xx_tim.o
    0x08000fa6   0x00000004   Code   RO         3508    i.TIM_GetCapture1   stm32f4xx_tim.o
    0x08000faa   0x00000004   Code   RO         3509    i.TIM_GetCapture2   stm32f4xx_tim.o
    0x08000fae   0x0000000e   Code   RO         3513    i.TIM_GetFlagStatus  stm32f4xx_tim.o
    0x08000fbc   0x000000ac   Code   RO         3516    i.TIM_ICInit        stm32f4xx_tim.o
    0x08001068   0x00000060   Code   RO         3522    i.TIM_OC1Init       stm32f4xx_tim.o
    0x080010c8   0x0000000c   Code   RO         3525    i.TIM_OC1PreloadConfig  stm32f4xx_tim.o
    0x080010d4   0x00000080   Code   RO         3527    i.TIM_OC2Init       stm32f4xx_tim.o
    0x08001154   0x00000014   Code   RO         3530    i.TIM_OC2PreloadConfig  stm32f4xx_tim.o
    0x08001168   0x00000010   Code   RO         3560    i.TIM_SetIC1Prescaler  stm32f4xx_tim.o
    0x08001178   0x00000018   Code   RO         3561    i.TIM_SetIC2Prescaler  stm32f4xx_tim.o
    0x08001190   0x00000010   Code   RO         3562    i.TIM_SetIC3Prescaler  stm32f4xx_tim.o
    0x080011a0   0x00000018   Code   RO         3563    i.TIM_SetIC4Prescaler  stm32f4xx_tim.o
    0x080011b8   0x0000007c   Code   RO         3565    i.TIM_TimeBaseInit  stm32f4xx_tim.o
    0x08001234   0x0000005c   Code   RO          557    i.UART_DMA_Config   uart.o
    0x08001290   0x00000014   Code   RO         4026    i.USART_Cmd         stm32f4xx_usart.o
    0x080012a4   0x00000010   Code   RO         4027    i.USART_DMACmd      stm32f4xx_usart.o
    0x080012b4   0x000000b8   Code   RO         4033    i.USART_Init        stm32f4xx_usart.o
    0x0800136c   0x00000002   Code   RO          210    i.UsageFault_Handler  stm32f4xx_it.o
    0x0800136e   0x0000000e   Code   RO         4307    i.__scatterload_copy  mc_w.l(handlers.o)
    0x0800137c   0x00000002   Code   RO         4308    i.__scatterload_null  mc_w.l(handlers.o)
    0x0800137e   0x0000000e   Code   RO         4309    i.__scatterload_zeroinit  mc_w.l(handlers.o)
    0x0800138c   0x00000080   Code   RO          774    i.calculateWheelSpeedLeft  timer.o
    0x0800140c   0x00000080   Code   RO          775    i.calculateWheelSpeedRight  timer.o
    0x0800148c   0x00000040   Code   RO          728    i.coolingControl    safety.o
    0x080014cc   0x00000048   Code   RO          353    i.createTaskDAQ     main.o
    0x08001514   0x0000003c   Code   RO          607    i.debounceInput     driver_interface.o
    0x08001550   0x00000020   Code   RO         1118    i.eTaskConfirmSleepModeStatus  tasks.o
    0x08001570   0x00000124   Code   RO          669    i.init_ADC          adc.o
    0x08001694   0x000000b0   Code   RO          274    i.init_CAN_Communication  can.o
    0x08001744   0x000000a4   Code   RO          999    i.init_actuators    actuator.o
    0x080017e8   0x000000b8   Code   RO          608    i.init_driverInterface  driver_interface.o
    0x080018a0   0x000000e4   Code   RO          777    i.init_inputCapture  timer.o
    0x08001984   0x00000088   Code   RO          778    i.init_pwm_config   timer.o
    0x08001a0c   0x000000b0   Code   RO          562    i.init_uart         uart.o
    0x08001abc   0x00000058   Code   RO          354    i.initializeSystem  main.o
    0x08001b14   0x00000198   Code   RO          355    i.main              main.o
    0x08001cac   0x00000024   Code   RO          670    i.processAdcSamples  adc.o
    0x08001cd0   0x00000034   Code   RO         1119    i.prvAddCurrentTaskToDelayedList  tasks.o
    0x08001d04   0x00000040   Code   RO         1031    i.prvCheckForValidListAndQueue  timers.o
    0x08001d44   0x00000028   Code   RO         1313    i.prvCopyDataFromQueue  queue.o
    0x08001d6c   0x00000068   Code   RO         1314    i.prvCopyDataToQueue  queue.o
    0x08001dd4   0x00000024   Code   RO         1120    i.prvGetExpectedIdleTime  tasks.o
    0x08001df8   0x00000044   Code   RO         1121    i.prvIdleTask       tasks.o
    0x08001e3c   0x00000038   Code   RO         1032    i.prvInsertTimerInActiveList  timers.o
    0x08001e74   0x000000a0   Code   RO         1033    i.prvProcessReceivedCommands  timers.o
    0x08001f14   0x0000008c   Code   RO         1034    i.prvProcessTimerOrBlockTask  timers.o
    0x08001fa0   0x00000028   Code   RO         1035    i.prvSampleTimeNow  timers.o
    0x08001fc8   0x00000060   Code   RO         1036    i.prvSwitchTimerLists  timers.o
    0x08002028   0x00000024   Code   RO         1037    i.prvTimerTask      timers.o
    0x0800204c   0x00000064   Code   RO         1315    i.prvUnlockQueue    queue.o
    0x080020b0   0x000000b8   Code   RO         1609    i.pvPortMalloc      heap_2.o
    0x08002168   0x00000022   Code   RO         1539    i.pxPortInitialiseStack  port.o
    0x0800218a   0x00000002   PAD
    0x0800218c   0x000000a8   Code   RO          275    i.readMessages      can.o
    0x08002234   0x00000040   Code   RO          730    i.safetyCheck       safety.o
    0x08002274   0x00000028   Code   RO          671    i.saveRawADCData    adc.o
    0x0800229c   0x00000058   Code   RO          858    i.sendBrakeDiscTemp  daq.o
    0x080022f4   0x00000064   Code   RO          859    i.sendBrakePressure  daq.o
    0x08002358   0x00000064   Code   RO          861    i.sendDamperPosition  daq.o
    0x080023bc   0x00000058   Code   RO          866    i.sendSteeringAngle  daq.o
    0x08002414   0x00000054   Code   RO          867    i.sendWheelSpeed    daq.o
    0x08002468   0x00000048   Code   RO          731    i.setCoolantPumpSpeed  safety.o
    0x080024b0   0x00000048   Code   RO          732    i.setFanSpeed       safety.o
    0x080024f8   0x000000c8   Code   RO          609    i.switchAction      driver_interface.o
    0x080025c0   0x000000c8   Code   RO          610    i.updateSwitches    driver_interface.o
    0x08002688   0x00000024   Code   RO         1455    i.uxListRemove      list.o
    0x080026ac   0x0000000c   Code   RO          356    i.vCoolingSystem    main.o
    0x080026b8   0x00000016   Code   RO         1456    i.vListInitialise   list.o
    0x080026ce   0x00000006   Code   RO         1457    i.vListInitialiseItem  list.o
    0x080026d4   0x00000030   Code   RO         1458    i.vListInsert       list.o
    0x08002704   0x00000018   Code   RO         1459    i.vListInsertEnd    list.o
    0x0800271c   0x0000001c   Code   RO         1541    i.vPortEnterCritical  port.o
    0x08002738   0x00000014   Code   RO         1542    i.vPortExitCritical  port.o
    0x0800274c   0x0000003c   Code   RO         1610    i.vPortFree         heap_2.o
    0x08002788   0x0000003c   Code   RO         1543    i.vPortSetupTimerInterrupt  port.o
    0x080027c4   0x000000c0   Code   RO         1544    i.vPortSuppressTicksAndSleep  port.o
    0x08002884   0x00000040   Code   RO         1545    i.vPortValidateInterruptPriority  port.o
    0x080028c4   0x00000018   Code   RO         1546    i.vPortYield        port.o
    0x080028dc   0x0000003a   Code   RO         1321    i.vQueueWaitForMessageRestricted  queue.o
    0x08002916   0x0000000c   Code   RO          358    i.vRecieveCan       main.o
    0x08002922   0x0000000c   Code   RO          359    i.vSafetyCheck      main.o
    0x0800292e   0x0000000c   Code   RO          361    i.vSendBrakeDisc    main.o
    0x0800293a   0x0000000c   Code   RO          362    i.vSendBreakPressureData  main.o
    0x08002946   0x0000000c   Code   RO          363    i.vSendDamperTravel  main.o
    0x08002952   0x0000000c   Code   RO          367    i.vSendSteeringAngle  main.o
    0x0800295e   0x0000000c   Code   RO          369    i.vSendWheelSpeed   main.o
    0x0800296a   0x00000002   PAD
    0x0800296c   0x00000034   Code   RO         1123    i.vTaskDelay        tasks.o
    0x080029a0   0x0000000c   Code   RO         1125    i.vTaskMissedYield  tasks.o
    0x080029ac   0x00000044   Code   RO         1126    i.vTaskPlaceOnEventList  tasks.o
    0x080029f0   0x00000030   Code   RO         1127    i.vTaskPlaceOnEventListRestricted  tasks.o
    0x08002a20   0x00000048   Code   RO         1128    i.vTaskPriorityDisinherit  tasks.o
    0x08002a68   0x00000064   Code   RO         1129    i.vTaskPriorityInherit  tasks.o
    0x08002acc   0x0000001c   Code   RO         1131    i.vTaskSetTimeOutState  tasks.o
    0x08002ae8   0x00000054   Code   RO         1132    i.vTaskStartScheduler  tasks.o
    0x08002b3c   0x00000020   Code   RO         1133    i.vTaskStepTick     tasks.o
    0x08002b5c   0x00000010   Code   RO         1135    i.vTaskSuspendAll   tasks.o
    0x08002b6c   0x00000058   Code   RO         1136    i.vTaskSwitchContext  tasks.o
    0x08002bc4   0x00000010   Code   RO          370    i.vUpdateSensors    main.o
    0x08002bd4   0x0000000c   Code   RO          371    i.vUpdateWheelSpeedLeft  main.o
    0x08002be0   0x0000000c   Code   RO          372    i.vUpdateWheelSpeedRight  main.o
    0x08002bec   0x00000088   Code   RO         1547    i.xPortStartScheduler  port.o
    0x08002c74   0x0000003c   Code   RO         1324    i.xQueueGenericCreate  queue.o
    0x08002cb0   0x0000011e   Code   RO         1325    i.xQueueGenericReceive  queue.o
    0x08002dce   0x0000006a   Code   RO         1326    i.xQueueGenericReset  queue.o
    0x08002e38   0x00000100   Code   RO         1327    i.xQueueGenericSend  queue.o
    0x08002f38   0x0000008c   Code   RO         1328    i.xQueueGenericSendFromISR  queue.o
    0x08002fc4   0x00000058   Code   RO         1137    i.xTaskCheckForTimeOut  tasks.o
    0x0800301c   0x00000174   Code   RO         1138    i.xTaskGenericCreate  tasks.o
    0x08003190   0x0000000c   Code   RO         1139    i.xTaskGetCurrentTaskHandle  tasks.o
    0x0800319c   0x0000001c   Code   RO         1140    i.xTaskGetSchedulerState  tasks.o
    0x080031b8   0x00000018   Code   RO         1141    i.xTaskGetTickCount  tasks.o
    0x080031d0   0x000000cc   Code   RO         1143    i.xTaskIncrementTick  tasks.o
    0x0800329c   0x00000060   Code   RO         1145    i.xTaskRemoveFromEventList  tasks.o
    0x080032fc   0x000000b4   Code   RO         1146    i.xTaskResumeAll    tasks.o
    0x080033b0   0x00000044   Code   RO         1040    i.xTimerCreateTimerTask  timers.o
    0x080033f4   0x00000048   Code   RO         1041    i.xTimerGenericCommand  timers.o
    0x0800343c   0x00000024   Data   RO          151    .constdata          stm32f4_discovery.o
    0x08003460   0x00000020   Data   RO         4305    Region$$Table       anon$$obj.o


    Execution Region ER_RW (Base: 0x20000000, Size: 0x000000b8, Max: 0xffffffff, ABSOLUTE)

    Base Addr    Size         Type   Attr      Idx    E Section Name        Object

    0x20000000   0x00000014   Data   RW            5    .data               system_stm32f4xx.o
    0x20000014   0x00000014   Data   RW          152    .data               stm32f4_discovery.o
    0x20000028   0x00000001   Data   RW          614    .data               driver_interface.o
    0x20000029   0x00000001   PAD
    0x2000002a   0x0000000a   Data   RW          779    .data               timer.o
    0x20000034   0x00000010   Data   RW         1044    .data               timers.o
    0x20000044   0x00000034   Data   RW         1149    .data               tasks.o
    0x20000078   0x00000018   Data   RW         1548    .data               port.o
    0x20000090   0x00000018   Data   RW         1614    .data               heap_2.o
    0x200000a8   0x00000010   Data   RW         2769    .data               stm32f4xx_rcc.o


    Execution Region ER_ZI (Base: 0x200000b8, Size: 0x00013478, Max: 0xffffffff, ABSOLUTE)

    Base Addr    Size         Type   Attr      Idx    E Section Name        Object

    0x200000b8   0x00000014   Zero   RW          276    .bss                can.o
    0x200000cc   0x00000258   Zero   RW          373    .bss                main.o
    0x20000324   0x00000014   Zero   RW          374    .bss                main.o
    0x20000338   0x0000000a   Zero   RW          563    .bss                uart.o
    0x20000342   0x00000002   PAD
    0x20000344   0x0000003c   Zero   RW          611    .bss                driver_interface.o
    0x20000380   0x000000d0   Zero   RW          672    .bss                adc.o
    0x20000450   0x00000028   Zero   RW         1043    .bss                timers.o
    0x20000478   0x000000b4   Zero   RW         1148    .bss                tasks.o
    0x2000052c   0x00012c00   Zero   RW         1613    .bss                heap_2.o
    0x2001312c   0x00000004   PAD
    0x20013130   0x00000400   Zero   RW          137    STACK               startup_stm32f4xx.o


==============================================================================

Image component sizes


      Code (inc. data)   RO Data    RW Data    ZI Data      Debug   Object Name

       164         22          0          0          0        621   actuator.o
       564         62          0          0        208       3654   adc.o
       540         40          0          0         20       3926   can.o
       460         50          0          0          0       2854   daq.o
       676         58          0          1         60       5618   driver_interface.o
       244         18          0         24      76800       2923   heap_2.o
       136          0          0          0          0       2738   list.o
       704        220          0          0        620      15974   main.o
       120         18          0          0          0       1467   misc.o
       776         74          0         24          0       8533   port.o
      1150          0          0          0          0       8130   queue.o
       272         20          0          0          0       2131   safety.o
        36          8        392          0       1024        768   startup_stm32f4xx.o
        52         16         36         20          0       3119   stm32f4_discovery.o
       326         20          0          0          0       5692   stm32f4xx_adc.o
      1124         22          0          0          0       7510   stm32f4xx_can.o
       284         32          0          0          0       4214   stm32f4xx_dma.o
       216          0          0          0          0       3239   stm32f4xx_gpio.o
        18          0          0          0          0       3573   stm32f4xx_it.o
       264         42          0         16          0       5369   stm32f4xx_rcc.o
       780         44          0          0          0      11163   stm32f4xx_tim.o
       220         10          0          0          0       2524   stm32f4xx_usart.o
       272         36          0         20          0     294513   system_stm32f4xx.o
      1792        172          0         52        180      16953   tasks.o
       620         48          0         10          0       2819   timer.o
       732         60          0         16         40       9823   timers.o
       268         22          0          0         10       1625   uart.o

    ----------------------------------------------------------------------
     12822       1114        460        184      78968     431473   Object Totals
         0          0         32          0          0          0   (incl. Generated)
        12          0          0          1          6          0   (incl. Padding)

    ----------------------------------------------------------------------

      Code (inc. data)   RO Data    RW Data    ZI Data      Debug   Library Member Name

         0          0          0          0          0          0   entry.o
         0          0          0          0          0          0   entry10a.o
         0          0          0          0          0          0   entry11a.o
         8          4          0          0          0          0   entry2.o
         4          0          0          0          0          0   entry5.o
         0          0          0          0          0          0   entry7b.o
         0          0          0          0          0          0   entry8b.o
         8          4          0          0          0          0   entry9a.o
        30          0          0          0          0          0   handlers.o
        36          8          0          0          0         68   init.o
        36          0          0          0          0         68   memcpya.o
        36          0          0          0          0        108   memseta.o

    ----------------------------------------------------------------------
       158         16          0          0          0        244   Library Totals
         0          0          0          0          0          0   (incl. Padding)

    ----------------------------------------------------------------------

      Code (inc. data)   RO Data    RW Data    ZI Data      Debug   Library Name

       158         16          0          0          0        244   mc_w.l

    ----------------------------------------------------------------------
       158         16          0          0          0        244   Library Totals

    ----------------------------------------------------------------------

==============================================================================


      Code (inc. data)   RO Data    RW Data    ZI Data      Debug   

     12980       1130        460        184      78968     414965   Grand Totals
     12980       1130        460        184      78968     414965   ELF Image Totals
     12980       1130        460        184          0          0   ROM Totals

==============================================================================

    Total RO  Size (Code + RO Data)                13440 (  13.13kB)
    Total RW  Size (RW Data + ZI Data)             79152 (  77.30kB)
    Total ROM Size (Code + RO Data + RW Data)      13624 (  13.30kB)

==============================================================================

