<html>
<body>
<pre>
<h1>µVision Build Log</h1>
<h2>Project:</h2>
E:\FormulaStudent\Code\Nodes\Nodes\Nodes.uvproj
Project File Date:  01/02/2014

<h2>Output:</h2>
Build target 'STM32F407VG'
compiling system_stm32f4xx.c...
assembling startup_stm32f4xx.s...
compiling main.cpp...
.\FreeRTOS\Source\include\task.h(129): warning:  #368-D: class "xTASK_PARAMTERS" defines no constructor to initialize the following:
            const member "xTASK_PARAMTERS::pcName"
  typedef struct xTASK_PARAMTERS
                 ^
main.cpp: 1 warning, 0 errors
compiling stm32f4_discovery.c...
compiling stm32f4xx_it.c...
compiling timers.c...
compiling tasks.c...
compiling queue.c...
compiling list.c...
compiling croutine.c...
compiling port.c...
compiling heap_2.c...
compiling misc.c...
compiling stm32f4xx_adc.c...
compiling stm32f4xx_can.c...
compiling stm32f4xx_dac.c...
compiling stm32f4xx_dma.c...
compiling stm32f4xx_exti.c...
compiling stm32f4xx_gpio.c...
compiling stm32f4xx_i2c.c...
compiling stm32f4xx_iwdg.c...
compiling stm32f4xx_rcc.c...
compiling stm32f4xx_pwr.c...
compiling stm32f4xx_rtc.c...
compiling stm32f4xx_syscfg.c...
compiling stm32f4xx_tim.c...
compiling stm32f4xx_usart.c...
compiling stm32f4xx_wwdg.c...
linking...
Program Size: Code=6756 RO-data=460 RW-data=172 ZI-data=78044  
FromELF: creating hex file...
".\UV4Build\Nodes.axf" - 0 Error(s), 1 Warning(s).
</pre>
</body>
</html>
\\Code\\Nodes\\Nodes\\UV4Build\\Nodes.axf" 
Error: Flash Download failed  -  Target DLL has been cancelled
rror: Flash Download failed  -  "Cortex-M4"
