<html>
<body>
<pre>
<h1>µVision Build Log</h1>
<h2>Project:</h2>
E:\FormulaStudent\Code\Nodes\Nodes\Nodes.uvproj
Project File Date:  03/04/2014

<h2>Output:</h2>
Build target 'STM32F407VG'
compiling timer.c...
linking...
Program Size: Code=8472 RO-data=460 RW-data=184 ZI-data=78080  
FromELF: creating hex file...
".\UV4Build\Nodes.axf" - 0 Error(s), 0 Warning(s).
Load "E:\\FormulaStudent\\Code\\Nodes\\Nodes\\UV4Build\\Nodes.axf" 
Full Chip Erase Done.
Programming Done.
Verify OK.
rning:  #223-D: function "init_Timer" declared implicitly
        init_Timer();
App_code\main.c(22): warning:  #177-D: variable "TransmitStatus" was declared but never referenced
        char *TransmitStatus;
App_code\main.c(23): warning:  #177-D: variable "TransmitMailBox" was declared but never referenced
        uint8_t TransmitMailBox;
App_code\main.c(24): warning:  #177-D: variable "RxMessage" was declared but never referenced
        CanRxMsg *RxMessage;
App_code\main.c(25): warning:  #177-D: variable "NODE" was declared but never referenced
        uint8_t NODE = 0x00;
App_code\main.c(69): warning:  #223-D: function "DMA_GetADC" declared implicitly
                        data = DMA_GetADC(i);
App_code\main.c: 7 warnings, 0 errors
compiling UART.c...
compiling driver_interface.c...
compiling ADC.c...
compiling safety.c...
App_code\safety.c(12): warning:  #940-D: missing return statement at end of non-void function "getTemprature"
  }
App_code\safety.c: 1 warning, 0 errors
compiling timer.c...
compiling timers.c...
compiling tasks.c...
compiling queue.c...
compiling list.c...
compiling croutine.c...
compiling port.c...
compiling heap_2.c...
compiling misc.c...
compiling stm32f4xx_adc.c...
compiling stm32f4xx_can.c...
compiling stm32f4xx_dac.c...
compiling stm32f4xx_dma.c...
compiling stm32f4xx_exti.c...
compiling stm32f4xx_gpio.c...
compiling stm32f4xx_i2c.c...
compiling stm32f4xx_iwdg.c...
compiling stm32f4xx_rcc.c...
compiling stm32f4xx_pwr.c...
compiling stm32f4xx_rtc.c...
compiling stm32f4xx_syscfg.c...
compiling stm32f4xx_tim.c...
compiling stm32f4xx_usart.c...
compiling stm32f4xx_wwdg.c...
linking...
Program Size: Code=8468 RO-data=460 RW-data=184 ZI-data=78080  
FromELF: creating hex file...
".\UV4Build\Nodes.axf" - 0 Error(s), 8 Warning(s).
Load "E:\\FormulaStudent\\Code\\Nodes\\Nodes\\UV4Build\\Nodes.axf" 
Full Chip Erase Done.
Programming Done.
Verify OK.
Load "E:\\FormulaStudent\\Code\\Nodes\\Nodes\\UV4Build\\Nodes.axf" 
Full Chip Erase Done.
Programming Done.
Verify OK.
